
#### Program upload, read back and delete (BLE host, S+3 = 1)

| Step | Input | Output |
|---|---|---|
| 1 | `D4 31` | `D5 00 31` |
| 2 | `D6 01 54 45 53 54 00 00 00 00 00 00 00 00 00 00 00 00 03 01 02 31` | `D7 00 31` |
| 3 | `D4 31` | `D5 01 54 45 53 54 00 00 00 00 00 00 00 00 00 00 00 00 03 31` |
| 4 | `DA 01 88 13 00 00 E8 03 00 00 0A 00 00 00 E0 2E 00 00 D0 07 00 00 14 00 00 00 E4 0C 00 00 F4 01 00 00 96 86 01 00 00 00 00 00 00 00 00 00 00 00 00 00 00 00 00 00 00 00 00 00 00 00 00 00 00 00 00 00 00 00 00 00 00 00 00 00 00 00 00 00 00 00 00 00 00 00 00 00 00 00 00 00 00 00 00 00 00 00 00 00 00 00 00 00 00 00 00 00 00 00 00 00 00 00 00 00 00 00 00 00 00 00 00 00 31` | `none` |
| 5 | worker 0x1D380 | flash ops: erase4k 0x161000, write 0x161000 len 0xC0, erase4k 0x162000, write 0x162000 len 0x4B0, read 0x162000 len 0x4B0 |
| 6 | tx service 0x133BC | addr 26 `DB 00 31` |
| 7 | `DC 31` | `DD 01 03 31` |
| 8 | `D8 01 31` | `none` |
| 9 | worker 0x1D380 | flash ops: read 0x162000 len 0x4B0 |
| 10 | tx service 0x133BC | addr 26 `D9 01 88 13 00 00 E8 03 00 00 0A 00 00 00 E0 2E 00 00 D0 07 00 00 14 00 00 00 E4 0C 00 00 F4 01 00 00 96 86 01 00 31` |
| 11 | tx service 0x133BC | addr 23 `10` |
| 12 | `D8 05 31` | `none` |
| 13 | worker 0x1D380 | flash ops: none |
| 14 | tx service 0x133BC | nothing sent |
| 15 | `D6 01 54 45 53 54 00 00 00 00 00 00 00 00 00 00 00 00 03 01 01 31` | `D7 00 31` |
| 16 | worker 0x1D380 | flash ops: erase4k 0x161000, write 0x161000 len 0xC0, read 0x162000 len 0x4B0 |
| 17 | `D4 31` | `D5 00 31` |

Flash 0x161000 after sequence: 544553540000000000000000000000000000000000000000000000000000000000000000000000000000000000000000000000000000000000000000000000000000000000000000000000000000000000000000000000000000000000000000000000000000000000000000000000000000000000000000000000000000000000000000000000000000000000000000000000000000000000000000000000000000000000000000000000000000000000000000000000000000000040010000
Flash 0x162000: 88130000e80300000a000000e02e0000d007000014000000e40c0000f401000096860100000000000000000000000000
S+0x4B = 0

#### Program with 12 steps: two DA chunks

| Step | Input | Output |
|---|---|---|
| 1 | `D6 02 54 57 45 4C 56 45 00 00 00 00 00 00 00 00 00 00 0C 01 02 31` | `D7 00 31` |
| 2 | `DA 02 E8 03 00 00 00 00 00 00 01 00 00 00 4C 04 00 00 64 00 00 00 02 00 00 00 B0 04 00 00 C8 00 00 00 03 00 00 00 14 05 00 00 2C 01 00 00 04 00 00 00 78 05 00 00 90 01 00 00 05 00 00 00 DC 05 00 00 F4 01 00 00 06 00 00 00 40 06 00 00 58 02 00 00 07 00 00 00 A4 06 00 00 BC 02 00 00 08 00 00 00 08 07 00 00 20 03 00 00 09 00 00 00 6C 07 00 00 84 03 00 00 0A 00 00 00 31` | `DB 00 31` |
| 3 | `DA 02 D0 07 00 00 E8 03 00 00 0B 00 00 00 34 08 00 00 4C 04 00 00 0C 00 00 00 00 00 00 00 00 00 00 00 00 00 00 00 00 00 00 00 00 00 00 00 00 00 00 00 00 00 00 00 00 00 00 00 00 00 00 00 00 00 00 00 00 00 00 00 00 00 00 00 00 00 00 00 00 00 00 00 00 00 00 00 00 00 00 00 00 00 00 00 00 00 00 00 00 00 00 00 00 00 00 00 00 00 00 00 00 00 00 00 00 00 00 00 00 00 00 00 31` | `none` |
| 4 | worker 0x1D380 | flash ops: erase4k 0x161000, write 0x161000 len 0xC0, erase4k 0x162000, write 0x162000 len 0x4B0, read 0x162000 len 0x4B0 |
| 5 | tx service 0x133BC | addr 26 `DB 00 31` |
| 6 | `D8 02 31` | `none` |
| 7 | worker 0x1D380 | flash ops: read 0x162000 len 0x4B0 |
| 8 | tx service 0x133BC | addr 26 `D9 02 E8 03 00 00 00 00 00 00 01 00 00 00 4C 04 00 00 64 00 00 00 02 00 00 00 B0 04 00 00 C8 00 00 00 03 00 00 00 14 05 00 00 2C 01 00 00 04 00 00 00 78 05 00 00 90 01 00 00 05 00 00 00 DC 05 00 00 F4 01 00 00 06 00 00 00 40 06 00 00 58 02 00 00 07 00 00 00 A4 06 00 00 BC 02 00 00 08 00 00 00 08 07 00 00 20 03 00 00 09 00 00 00 6C 07 00 00 84 03 00 00 0A 00 00 00 31` |
| 9 | tx service 0x133BC | addr 26 `D9 02 D0 07 00 00 E8 03 00 00 0B 00 00 00 34 08 00 00 4C 04 00 00 0C 00 00 00 31` |
| 10 | tx service 0x133BC | addr 23 `10` |

#### DA validation

| Step | Input | Output |
|---|---|---|
| 1 | `D6 03 56 00 00 00 00 00 00 00 00 00 00 00 00 00 00 00 01 01 02 31` | `D7 00 31` |
| 2 | `DA 03 25 77 00 00 E8 03 00 00 01 00 00 00 00 00 00 00 00 00 00 00 00 00 00 00 00 00 00 00 00 00 00 00 00 00 00 00 00 00 00 00 00 00 00 00 00 00 00 00 00 00 00 00 00 00 00 00 00 00 00 00 00 00 00 00 00 00 00 00 00 00 00 00 00 00 00 00 00 00 00 00 00 00 00 00 00 00 00 00 00 00 00 00 00 00 00 00 00 00 00 00 00 00 00 00 00 00 00 00 00 00 00 00 00 00 00 00 00 00 00 00 31` | `DB FF 31` |
| 3 | `D6 03 56 00 00 00 00 00 00 00 00 00 00 00 00 00 00 00 01 01 02 31` | `D7 00 31` |
| 4 | `DA 03 24 77 00 00 ED 13 00 00 01 00 00 00 00 00 00 00 00 00 00 00 00 00 00 00 00 00 00 00 00 00 00 00 00 00 00 00 00 00 00 00 00 00 00 00 00 00 00 00 00 00 00 00 00 00 00 00 00 00 00 00 00 00 00 00 00 00 00 00 00 00 00 00 00 00 00 00 00 00 00 00 00 00 00 00 00 00 00 00 00 00 00 00 00 00 00 00 00 00 00 00 00 00 00 00 00 00 00 00 00 00 00 00 00 00 00 00 00 00 00 00 31` | `DB FF 31` |
| 5 | `D6 03 56 00 00 00 00 00 00 00 00 00 00 00 00 00 00 00 01 01 02 31` | `D7 00 31` |
| 6 | `DA 03 24 77 00 00 EC 13 00 00 97 86 01 00 00 00 00 00 00 00 00 00 00 00 00 00 00 00 00 00 00 00 00 00 00 00 00 00 00 00 00 00 00 00 00 00 00 00 00 00 00 00 00 00 00 00 00 00 00 00 00 00 00 00 00 00 00 00 00 00 00 00 00 00 00 00 00 00 00 00 00 00 00 00 00 00 00 00 00 00 00 00 00 00 00 00 00 00 00 00 00 00 00 00 00 00 00 00 00 00 00 00 00 00 00 00 00 00 00 00 00 00 31` | `DB FF 31` |
| 7 | `D6 03 56 00 00 00 00 00 00 00 00 00 00 00 00 00 00 00 01 01 02 31` | `D7 00 31` |
| 8 | `DA 03 24 77 00 00 03 00 00 02 00 00 00 00 00 00 00 00 00 00 00 00 00 00 00 00 00 00 00 00 00 00 00 00 00 00 00 00 00 00 00 00 00 00 00 00 00 00 00 00 00 00 00 00 00 00 00 00 00 00 00 00 00 00 00 00 00 00 00 00 00 00 00 00 00 00 00 00 00 00 00 00 00 00 00 00 00 00 00 00 00 00 00 00 00 00 00 00 00 00 00 00 00 00 00 00 00 00 00 00 00 00 00 00 00 00 00 00 00 00 00 00 31` | `none` |
| 9 | `DA 0A 01 00 00 00 01 00 00 00 01 00 00 00 01 00 00 00 01 00 00 00 01 00 00 00 01 00 00 00 01 00 00 00 01 00 00 00 01 00 00 00 01 00 00 00 01 00 00 00 01 00 00 00 01 00 00 00 01 00 00 00 01 00 00 00 01 00 00 00 01 00 00 00 01 00 00 00 01 00 00 00 01 00 00 00 01 00 00 00 01 00 00 00 01 00 00 00 01 00 00 00 01 00 00 00 01 00 00 00 01 00 00 00 01 00 00 00 01 00 00 00 31` | `DB FF 31` |
| 10 | `DA 00 01 00 00 00 01 00 00 00 01 00 00 00 01 00 00 00 01 00 00 00 01 00 00 00 01 00 00 00 01 00 00 00 01 00 00 00 01 00 00 00 01 00 00 00 01 00 00 00 01 00 00 00 01 00 00 00 01 00 00 00 01 00 00 00 01 00 00 00 01 00 00 00 01 00 00 00 01 00 00 00 01 00 00 00 01 00 00 00 01 00 00 00 01 00 00 00 01 00 00 00 01 00 00 00 01 00 00 00 01 00 00 00 01 00 00 00 01 00 00 00 31` | `DB FF 31` |
| 11 | `DA 04 01 00 00 00 01 00 00 00 01 00 00 00 01 00 00 00 01 00 00 00 01 00 00 00 01 00 00 00 01 00 00 00 01 00 00 00 01 00 00 00 01 00 00 00 01 00 00 00 01 00 00 00 01 00 00 00 01 00 00 00 01 00 00 00 01 00 00 00 01 00 00 00 01 00 00 00 01 00 00 00 01 00 00 00 01 00 00 00 01 00 00 00 01 00 00 00 01 00 00 00 01 00 00 00 01 00 00 00 01 00 00 00 01 00 00 00 01 00 00 00 31` | `DB FF 31` |

#### D6 edge cases

| Step | Input | Output |
|---|---|---|
| 1 | `D6 00 5A 45 52 4F 00 00 00 00 00 00 00 00 00 00 00 00 01 01 00 31` | `D7 FF 31` |
| 2 | `D6 0B 45 4C 45 56 45 4E 00 00 00 00 00 00 00 00 00 00 01 01 00 31` | `D7 FF 31` |
| 3 | `D6 0A 54 45 4E 00 00 00 00 00 00 00 00 00 00 00 00 00 00 00 00 31` | `D7 00 31` |
| 4 | `D4 31` | `D5 01 31` |
| 5 | `D6 0A 54 45 4E 00 00 00 00 00 00 00 00 00 00 00 00 00 00 00 01 31` | `D7 00 31` |
| 6 | `D4 31` | `D5 00 31` |
| 7 | `D6 01 55 53 42 00 00 00 00 00 00 00 00 00 00 00 00 00 00 01 00` | `D7 00` |

#### Deferred replies go to the host link in S+3 (USB, S+3 = 2)

| Step | Input | Output |
|---|---|---|
| 1 | `D6 01 55 00 00 00 00 00 00 00 00 00 00 00 00 00 00 00 01 01 02` | `D7 00` |
| 2 | `DA 01 64 00 00 00 64 00 00 00 01 00 00 00 00 00 00 00 00 00 00 00 00 00 00 00 00 00 00 00 00 00 00 00 00 00 00 00 00 00 00 00 00 00 00 00 00 00 00 00 00 00 00 00 00 00 00 00 00 00 00 00 00 00 00 00 00 00 00 00 00 00 00 00 00 00 00 00 00 00 00 00 00 00 00 00 00 00 00 00 00 00 00 00 00 00 00 00 00 00 00 00 00 00 00 00 00 00 00 00 00 00 00 00 00 00 00 00 00 00 00 00` | `none` |
| 3 | worker 0x1D380 | flash ops: erase4k 0x161000, write 0x161000 len 0xC0, erase4k 0x162000, write 0x162000 len 0x4B0, read 0x162000 len 0x4B0 |
| 4 | tx service 0x133BC | addr 21 `DB 00` |
| 5 | `D8 01` | `none` |
| 6 | worker 0x1D380 | flash ops: read 0x162000 len 0x4B0 |
| 7 | tx service 0x133BC | addr 21 `D9 01 64 00 00 00 64 00 00 00 01 00 00 00` |
