
#### 0xC8 DC control

| # | Setup | Type | Request | Reply | State changes | Calls |
|---|---|---|---|---|---|---|
| 1 | reset state | 6 | `C8 02 B0 04 E8 03 03 00 00 00 00 00 31` | `none` | S+0x45:00>02, S+0x49:00>01 | - |
| 2 | S+0x3=1 | 6 | `C8 02 B0 04 E8 03 03 00 00 00 00 00 31` | `none` | S+0x45:00>02, S+0x49:00>01 | - |
| 3 | reset state | 1 | `C8 02 B0 04 E8 03 03 00 00 00 00 00` | `C9 00` | S+0x3:00>02, S+0x42:00>01, S+0x45:00>01, S+0x49:00>01 | - |
| 4 | S+0x3=1 | 6 | `C8 01 B0 04 E8 03 03 00 00 00 00 00 31` | `C9 01 31` | - | - |
| 5 | S+0x42=1, S+0x45=1, S+0x3=1 | 6 | `C8 01 B0 04 E8 03 03 00 00 00 00 00 31` | `C9 00 31` | S+0x18:00>03, S+0x49:00>01, PWR+0xC:00>B0, PWR+0xD:00>04, PWR+0x10:00>E8, PWR+0x11:00>03 | setV(1200), setI(1000), outReq(0) |
| 6 | S+0x42=1, S+0x45=1, S+0x3=1 | 6 | `C8 01 EA 0B EC 13 03 00 00 00 00 00 31` | `C9 00 31` | S+0x18:00>03, S+0x49:00>01, PWR+0xC:00>EA, PWR+0xD:00>0B, PWR+0x10:00>EC, PWR+0x11:00>13 | setV(3050), setI(5100), outReq(0) |
| 7 | S+0x42=1, S+0x45=1, S+0x3=1 | 6 | `C8 01 EB 0B E8 03 03 00 00 00 00 00 31` | `C9 FF 31` | - | - |
| 8 | S+0x42=1, S+0x45=1, S+0x3=1 | 6 | `C8 01 EA 0B ED 13 03 00 00 00 00 00 31` | `C9 FF 31` | PWR+0xC:00>EA, PWR+0xD:00>0B | setV(3050) |
| 9 | S+0x42=1, S+0x45=1, S+0x3=1 | 6 | `C8 01 B0 04 E8 03 04 00 00 00 00 00 31` | `C9 FF 31` | PWR+0xC:00>B0, PWR+0xD:00>04, PWR+0x10:00>E8, PWR+0x11:00>03 | setV(1200), setI(1000) |
| 10 | S+0x42=1, S+0x45=1, S+0x3=1 | 6 | `C8 01 B0 04 E8 03 03 02 00 00 00 00 31` | `C9 FF 31` | S+0x18:00>03, PWR+0xC:00>B0, PWR+0xD:00>04, PWR+0x10:00>E8, PWR+0x11:00>03 | setV(1200), setI(1000) |
| 11 | S+0x42=1, S+0x45=1, S+0x3=1 | 6 | `C8 01 B0 04 E8 03 03 00 02 00 00 00 31` | `C9 FF 31` | S+0x18:00>03, PWR+0xC:00>B0, PWR+0xD:00>04, PWR+0x10:00>E8, PWR+0x11:00>03 | setV(1200), setI(1000) |
| 12 | S+0x42=1, S+0x45=1, S+0x3=1 | 6 | `C8 01 B0 04 E8 03 03 00 00 01 00 00 31` | `C9 00 31` | S+0x18:00>03, S+0x49:00>01, PWR+0xC:00>B0, PWR+0xD:00>04, PWR+0x10:00>E8, PWR+0x11:00>03, PWR+0xFA:00>01 | setV(1200), setI(1000), beep(1), outReq(1) |
| 13 | S+0x42=1, S+0x45=1, S+0x3=1, 0x1fffaa1e=32 | 6 | `C8 01 B0 04 E8 03 03 00 00 01 00 00 31` | `C9 FF 31` | S+0x18:00>03, PWR+0xC:00>B0, PWR+0xD:00>04, PWR+0x10:00>E8, PWR+0x11:00>03 | setV(1200), setI(1000) |
| 14 | S+0x42=1, S+0x45=1, S+0x3=1, S+0x4b=1 | 6 | `C8 01 B0 04 E8 03 03 00 00 01 00 00 31` | `C9 FF 31` | S+0x18:00>03, PWR+0xC:00>B0, PWR+0xD:00>04, PWR+0x10:00>E8, PWR+0x11:00>03 | setV(1200), setI(1000) |
| 15 | S+0x42=1, S+0x45=1, S+0x3=1, 0x1fffaa2e=1 | 6 | `C8 01 B0 04 E8 03 03 00 00 00 00 00 31` | `C9 00 31` | S+0x18:00>03, S+0x49:00>01, PWR+0xC:00>B0, PWR+0xD:00>04, PWR+0x10:00>E8, PWR+0x11:00>03, PWR+0xFA:01>00 | setV(1200), setI(1000), beep(1), outReq(0) |
| 16 | S+0x42=1, S+0x45=1, S+0x3=1, 0x1fffaa2e=1 | 6 | `C8 01 B0 04 E8 03 03 00 00 01 00 00 31` | `C9 00 31` | S+0x18:00>03, S+0x49:00>01, PWR+0xC:00>B0, PWR+0xD:00>04, PWR+0x10:00>E8, PWR+0x11:00>03 | setV(1200), setI(1000), outReq(1) |
| 17 | S+0x42=1, S+0x45=1, S+0x3=1 | 6 | `C8 01 B0 04 E8 03 03 00 00 02 00 00 31` | `C9 FF 31` | S+0x18:00>03, PWR+0xC:00>B0, PWR+0xD:00>04, PWR+0x10:00>E8, PWR+0x11:00>03 | setV(1200), setI(1000) |
| 18 | S+0x42=1, S+0x45=1, S+0x3=1 | 6 | `C8 01 B0 04 E8 03 03 00 00 00 00 01 31` | `C9 00 31` | S+0x18:00>03, S+0x49:00>01, PWR+0xC:00>B0, PWR+0xD:00>04, PWR+0x10:00>E8, PWR+0x11:00>03 | setV(1200), setI(1000), outReq(0), resetCounters |
| 19 | S+0x42=1, S+0x45=1, S+0x3=1 | 6 | `C8 01 B0 04 E8 03 03 00 00 00 00 02 31` | `C9 FF 31` | S+0x18:00>03, PWR+0xC:00>B0, PWR+0xD:00>04, PWR+0x10:00>E8, PWR+0x11:00>03 | setV(1200), setI(1000), outReq(0) |
| 20 | S+0x42=1, S+0x45=1, S+0x3=1 | 6 | `C8 01 FF FF FF FF 03 00 00 00 01 00 31` | `C9 00 31` | S+0x31:00>01, S+0x49:00>01 | - |
| 21 | S+0x42=1, S+0x45=1, S+0x3=1, 0x1fffaa2e=1 | 6 | `C8 01 B0 04 E8 03 03 00 00 00 01 00 31` | `C9 FF 31` | - | - |
| 22 | S+0x42=1, S+0x45=1, S+0x3=1 | 6 | `C8 01 B0 04 E8 03 03 00 00 00 04 00 31` | `C9 FF 31` | - | - |
| 23 | S+0x42=1, S+0x45=1, S+0x3=1, S+0x4b=1 | 6 | `C8 01 B0 04 E8 03 03 00 00 00 01 00 31` | `C9 FF 31` | - | - |
| 24 | S+0x42=1, S+0x45=1, S+0x3=1, S+0x30=1 | 6 | `C8 01 B0 04 E8 03 03 00 00 00 00 00 31` | `C9 FF 31` | - | - |
| 25 | S+0x42=1, S+0x45=1, S+0x3=1, S+0x30=2 | 6 | `C8 01 B0 04 E8 03 03 00 00 00 00 00 31` | `C9 FF 31` | - | - |
| 26 | S+0x42=1, S+0x45=1, S+0x3=1, S+0x30=3 | 6 | `C8 01 B0 04 E8 03 03 00 00 00 00 00 31` | `C9 FF 31` | - | - |
| 27 | S+0x42=1, S+0x45=1, S+0x3=1, S+0x30=2 | 6 | `C8 00 B0 04 E8 03 03 00 00 00 00 00 31` | `C9 FF 31` | - | - |
| 28 | S+0x3=1, S+0x30=3 | 6 | `C8 02 B0 04 E8 03 03 00 00 00 00 00 31` | `C9 FF 31` | - | - |
| 29 | S+0x42=1, S+0x45=1, S+0x3=1 | 6 | `C8 03 B0 04 E8 03 03 00 00 00 00 00 31` | `C9 FF 31` | - | - |
| 30 | S+0x42=1, S+0x45=1, S+0x3=1 | 6 | `C8 00 B0 04 E8 03 03 00 00 00 00 00 31` | `C9 00 31` | S+0x42:01>00, S+0x45:01>00, S+0x49:00>01 | - |
| 31 | S+0x3=1 | 6 | `C8 00 B0 04 E8 03 03 00 00 00 00 00 31` | `C9 00 31` | S+0x49:00>01 | - |
| 32 | S+0x3=1, S+0x45=2, S+0x30=1 | 6 | `C8 01 B0 04 E8 03 03 00 00 00 00 00 31` | `none` | - | - |
| 33 | S+0x42=1, S+0x45=1 | 1 | `C8 01 B0 04 E8 03 03 00 00 00 00 00` | `C9 00` | S+0x3:00>02, S+0x18:00>03, S+0x49:00>01, PWR+0xC:00>B0, PWR+0xD:00>04, PWR+0x10:00>E8, PWR+0x11:00>03 | setV(1200), setI(1000), outReq(0) |
| 34 | S+0x3=1, S+0x42=1, S+0x45=1, 0x1fff9550=4 | 6 | `C8 31` | `C9 00 31` | - | - |
| 35 | S+0x3=1, S+0x42=0, S+0x45=0, 0x1fff9550=4 | 6 | `C8 31` | `C9 01 31` | - | - |
