
#### 0xE2 program run control

| # | Setup | Type | Request | Reply | State changes | Calls |
|---|---|---|---|---|---|---|
| 1 | S+0x30=1, S+0x42=1, S+0x45=1, S+0x3=1, 0x1fffa408=0, 0x1fffa3f4=5 | 6 | `E2 01 00 00 01 31` | `E3 00 31` | S+0x49:00>01 | - |
| 2 | S+0x30=1, S+0x42=1, S+0x45=1, S+0x3=1, 0x1fffa408=0, 0x1fffa3f4=5 | 6 | `E2 01 01 00 01 31` | `E3 00 31` | S+0x49:00>01, S+0x4C:00>01 | - |
| 3 | S+0x30=1, S+0x42=1, S+0x45=1, S+0x3=1, 0x1fffa408=0, 0x1fffa3f4=5 | 6 | `E2 01 02 00 01 31` | `E3 00 31` | S+0x49:00>01, S+0x4C:00>02 | - |
| 4 | S+0x30=1, S+0x42=1, S+0x45=1, S+0x3=1, 0x1fffa408=0, 0x1fffa3f4=5 | 6 | `E2 01 03 00 01 31` | `E3 00 31` | S+0x49:00>01, S+0x4C:00>03 | - |
| 5 | S+0x30=1, S+0x42=1, S+0x45=1, S+0x3=1, 0x1fffa408=0, 0x1fffa3f4=5 | 6 | `E2 01 04 00 01 31` | `E3 FF 31` | - | - |
| 6 | S+0x30=1, S+0x42=1, S+0x45=1, S+0x3=1, 0x1fffa408=0, 0x1fffa3f4=5 | 6 | `E2 01 00 01 01 31` | `E3 00 31` | S+0x6:00>01, S+0x49:00>01 | beep(1) |
| 7 | S+0x30=1, S+0x42=1, S+0x45=1, S+0x3=1, 0x1fffa408=0, 0x1fffa3f4=0 | 6 | `E2 01 00 01 01 31` | `E3 FF 31` | - | - |
| 8 | S+0x30=1, S+0x42=1, S+0x45=1, S+0x3=1, 0x1fffa408=0, 0x1fffa3f4=5, 0x1fffaa1e=1 | 6 | `E2 01 00 01 01 31` | `E3 FF 31` | - | - |
| 9 | S+0x30=1, S+0x42=1, S+0x45=1, S+0x3=1, 0x1fffa408=0, 0x1fffa3f4=5, 0x1fffaa2e=1 | 6 | `E2 01 00 01 01 31` | `E3 00 31` | S+0x49:00>01 | - |
| 10 | S+0x30=1, S+0x42=1, S+0x45=1, S+0x3=1, 0x1fffa408=0, 0x1fffa3f4=5, 0x1fffaa2e=1 | 6 | `E2 01 00 00 01 31` | `E3 00 31` | S+0x49:00>01, PWR+0xFA:01>00 | outReq(0), beep(1) |
| 11 | S+0x30=1, S+0x42=1, S+0x45=1, S+0x3=1, 0x1fffa408=0, 0x1fffa3f4=5 | 6 | `E2 01 00 02 01 31` | `E3 FF 31` | - | - |
| 12 | S+0x30=1, S+0x42=1, S+0x45=1, S+0x3=1, 0x1fffa408=0, 0x1fffa3f4=5, S+0x4b=1 | 6 | `E2 01 00 01 01 31` | `E3 FF 31` | - | - |
| 13 | S+0x30=1, S+0x42=1, S+0x45=1, S+0x3=1, 0x1fffa408=0, 0x1fffa3f4=5 | 6 | `E2 01 04 01 01 31` | `E3 FF 31` | - | - |
| 14 | S+0x30=1, S+0x42=1, S+0x45=1, S+0x3=1, 0x1fffa408=0, 0x1fffa3f4=5 | 6 | `E2 01 00 00 00 31` | `E3 00 31` | S+0x49:00>01 | - |
| 15 | S+0x30=1, S+0x42=1, S+0x45=1, S+0x3=1, 0x1fffa408=0, 0x1fffa3f4=5, 0x1fffaa2e=1 | 6 | `E2 01 00 00 00 31` | `E3 FF 31` | - | - |
| 16 | S+0x30=1, S+0x42=1, S+0x45=1, S+0x3=1, 0x1fffa408=0, 0x1fffa3f4=5 | 6 | `E2 01 00 00 04 31` | `E3 FF 31` | - | - |
| 17 | S+0x30=1, S+0x42=0, S+0x45=1, S+0x3=1, 0x1fffa408=0, 0x1fffa3f4=5 | 6 | `E2 01 00 00 01 31` | `E3 01 31` | - | - |
| 18 | S+0x30=1, S+0x3=1 | 6 | `E2 02 00 00 01 31` | `none` | S+0x45:00>02, S+0x49:00>01 | - |
| 19 | S+0x30=1 | 1 | `E2 02 00 00 01` | `E3 00` | S+0x3:00>02, S+0x42:00>01, S+0x45:00>01, S+0x49:00>01 | - |
| 20 | S+0x30=1, S+0x42=1, S+0x45=1, S+0x3=1, 0x1fffa408=0, 0x1fffa3f4=5 | 6 | `E2 00 00 00 01 31` | `E3 00 31` | S+0x42:01>00, S+0x45:01>00, S+0x49:00>01 | - |
| 21 | S+0x30=0, S+0x42=1, S+0x45=1, S+0x3=1, 0x1fffa408=0, 0x1fffa3f4=5 | 6 | `E2 01 00 00 01 31` | `E3 FF 31` | - | - |
| 22 | S+0x30=1, S+0x42=1, S+0x45=1, S+0x3=1, 0x1fffa408=0, 0x1fffa3f4=5 | 6 | `E2 03 00 00 01 31` | `E3 FF 31` | - | - |
