
#### PD profile commands (D0, D2, E4)

| # | Setup | Type | Request | Reply | State changes | Calls |
|---|---|---|---|---|---|---|
| 1 | S+0x3=1 | 6 | `D2 01 50 44 36 35 00 00 00 00 00 00 00 00 00 00 00 00 41 03 01 2C 91 01 0A 2C 91 01 0A 2C 91 01 0A 31` | `D3 00 31` | S+0x27:00>01, S+0x4B:00>01, PD+0x0:00>50, PD+0x1:00>44, PD+0x2:00>36, PD+0x3:00>35, PD+0xA0:00>2C, PD+0xA1:00>91, PD+0xA2:00>01, PD+0xA3:00>0A, PD+0xA4:00>2C, PD+0xA5:00>91, PD+0xA6:00>01, PD+0xA7:00>0A, PD+0xA8:00>2C, PD+0xA9:00>91, PD+0xAA:00>01, PD+0xAB:00>0A, PD+0x208:00>41, XFER+0x0:00>01 | outReq(0) |
| 2 | S+0x3=1 | 6 | `D2 00 58 00 00 00 00 00 00 00 00 00 00 00 00 00 00 00 41 00 01 31` | `D3 FF 31` | S+0x4B:00>01, XFER+0x1:00>FF | outReq(0) |
| 3 | S+0x3=1 | 6 | `D2 0B 58 00 00 00 00 00 00 00 00 00 00 00 00 00 00 00 41 00 01 31` | `D3 FF 31` | S+0x4B:00>01, XFER+0x1:00>0A | outReq(0) |
| 4 | reset state | 6 | `D2 0A 58 00 00 00 00 00 00 00 00 00 00 00 00 00 00 00 8C 09 00 11 22 33 44 11 22 33 44 11 22 33 44 11 22 33 44 11 22 33 44 11 22 33 44 11 22 33 44 11 22 33 44 11 22 33 44 31` | `D3 00 31` | S+0x4B:00>01, PD+0x90:00>58, PD+0x1E4:00>11, PD+0x1E5:00>22, PD+0x1E6:00>33, PD+0x1E7:00>44, PD+0x1E8:00>11, PD+0x1E9:00>22, PD+0x1EA:00>33, PD+0x1EB:00>44, PD+0x1EC:00>11, PD+0x1ED:00>22, PD+0x1EE:00>33, PD+0x1EF:00>44, PD+0x1F0:00>11, PD+0x1F1:00>22, PD+0x1F2:00>33, PD+0x1F3:00>44, PD+0x1F4:00>11, PD+0x1F5:00>22, PD+0x1F6:00>33, PD+0x1F7:00>44, PD+0x1F8:00>11, PD+0x1F9:00>22, PD+0x1FA:00>33, PD+0x1FB:00>44, PD+0x1FC:00>11, PD+0x1FD:00>22, PD+0x1FE:00>33, PD+0x1FF:00>44, PD+0x200:00>11, PD+0x201:00>22, PD+0x202:00>33, PD+0x203:00>44, PD+0x204:00>11, PD+0x205:00>22, PD+0x206:00>33, PD+0x207:00>44, PD+0x211:00>8C, XFER+0x1:00>09 | outReq(0) |
| 5 | 0x1fffa138=50524f46494c45310000000000000000, 0x1fffa340=100, 0x1fffa1d8=167874860, 0x1fffa1dc=167956781 | 6 | `D0 01 31` | `D1 01 50 52 4F 46 49 4C 45 31 00 00 00 00 00 00 00 00 64 07 2C 91 01 0A 2D D1 02 0A 00 00 00 00 00 00 00 00 00 00 00 00 00 00 00 00 00 00 00 00 31` | - | - |
| 6 | 0x1fffa138=50524f46494c45310000000000000000, 0x1fffa340=101, 0x1fffa1d8=167874860, 0x1fffa1dc=167956781 | 6 | `D0 01 31` | `D1 01 50 52 4F 46 49 4C 45 31 00 00 00 00 00 00 00 00 65 09 2C 91 01 0A 2D D1 02 0A 00 00 00 00 00 00 00 00 00 00 00 00 00 00 00 00 00 00 00 00 00 00 00 00 00 00 00 00 31` | - | - |
| 7 | 0x1fffa138=50524f46494c45310000000000000000, 0x1fffa340=100, 0x1fffa1d8=167874860, 0x1fffa1dc=167956781 | 1 | `D0 01` | `D1 01 50 52 4F 46 49 4C 45 31 00 00 00 00 00 00 00 00 64 07 2C 91 01 0A 2D D1 02 0A 00 00 00 00 00 00 00 00 00 00 00 00 00 00 00 00 00 00 00 00` | S+0x3:00>02 | - |
| 8 | 0x1fffa34a=2 | 6 | `E4 31` | `E5 03 31` | - | - |
| 9 | reset state | 1 | `E4` | `E5 01` | S+0x3:00>02 | - |

#### D2 without save flag leaves S+0x4B = 1

| Step | Input | Output |
|---|---|---|
| 1 | `D2 01 41 00 00 00 00 00 00 00 00 00 00 00 00 00 00 00 41 00 00 31` | `D3 00 31` |
| 2 | worker 0x1D380 | flash ops: none |
S+0x4B after: 1

#### D2 with save flag: worker clears S+0x4B

| Step | Input | Output |
|---|---|---|
| 1 | `D2 01 41 00 00 00 00 00 00 00 00 00 00 00 00 00 00 00 41 00 01 31` | `D3 00 31` |
| 2 | worker 0x1D380 | flash ops: erase4k 0x160000, write 0x160000 len 0x21C |
S+0x4B after: 0
