
#### 0xEE charge control

| # | Setup | Type | Request | Reply | State changes | Calls |
|---|---|---|---|---|---|---|
| 1 | S+0x30=3, S+0x42=1, S+0x45=1, S+0x3=1 | 6 | `EE 01 01 68 10 03 E8 03 00 03 31` | `EF 00 31` | S+0x4D:00>01, S+0x1C4:00>03, S+0x1C6:00>E8, S+0x1C7:00>03, S+0x1C8:00>68, S+0x1C9:00>10, S+0x1CA:00>01 | - |
| 2 | S+0x30=3, S+0x42=1, S+0x45=1, S+0x3=1 | 6 | `EE 01 00 9A 10 06 E8 03 00 03 31` | `EF 00 31` | S+0x4D:00>01, S+0x1C4:00>06, S+0x1C6:00>E8, S+0x1C7:00>03, S+0x1C8:00>9A, S+0x1C9:00>10 | - |
| 3 | S+0x30=3, S+0x42=1, S+0x45=1, S+0x3=1 | 6 | `EE 01 00 62 11 00 E8 03 00 03 31` | `EF 00 31` | S+0x4D:00>01, S+0x1C6:00>E8, S+0x1C7:00>03, S+0x1C8:00>62, S+0x1C9:00>11 | - |
| 4 | S+0x30=3, S+0x42=1, S+0x45=1, S+0x3=1 | 6 | `EE 01 00 99 10 03 E8 03 00 03 31` | `EF FF 31` | - | - |
| 5 | S+0x30=3, S+0x42=1, S+0x45=1, S+0x3=1 | 6 | `EE 01 00 63 11 03 E8 03 00 03 31` | `EF FF 31` | - | - |
| 6 | S+0x30=3, S+0x42=1, S+0x45=1, S+0x3=1 | 6 | `EE 01 00 9A 10 07 E8 03 00 03 31` | `EF FF 31` | S+0x1C8:00>9A, S+0x1C9:00>10 | - |
| 7 | S+0x30=3, S+0x42=1, S+0x45=1, S+0x3=1 | 6 | `EE 01 01 36 10 06 E8 03 00 03 31` | `EF 00 31` | S+0x4D:00>01, S+0x1C4:00>06, S+0x1C6:00>E8, S+0x1C7:00>03, S+0x1C8:00>36, S+0x1C9:00>10, S+0x1CA:00>01 | - |
| 8 | S+0x30=3, S+0x42=1, S+0x45=1, S+0x3=1 | 6 | `EE 01 01 9A 10 00 E8 03 00 03 31` | `EF 00 31` | S+0x4D:00>01, S+0x1C6:00>E8, S+0x1C7:00>03, S+0x1C8:00>9A, S+0x1C9:00>10, S+0x1CA:00>01 | - |
| 9 | S+0x30=3, S+0x42=1, S+0x45=1, S+0x3=1 | 6 | `EE 01 01 35 10 03 E8 03 00 03 31` | `EF FF 31` | S+0x1CA:00>01 | - |
| 10 | S+0x30=3, S+0x42=1, S+0x45=1, S+0x3=1 | 6 | `EE 01 01 9B 10 03 E8 03 00 03 31` | `EF FF 31` | S+0x1CA:00>01 | - |
| 11 | S+0x30=3, S+0x42=1, S+0x45=1, S+0x3=1 | 6 | `EE 01 01 36 10 07 E8 03 00 03 31` | `EF FF 31` | S+0x1C8:00>36, S+0x1C9:00>10, S+0x1CA:00>01 | - |
| 12 | S+0x30=3, S+0x42=1, S+0x45=1, S+0x3=1 | 6 | `EE 01 02 D2 0F 06 E8 03 00 03 31` | `EF 00 31` | S+0x4D:00>01, S+0x1C4:00>06, S+0x1C6:00>E8, S+0x1C7:00>03, S+0x1C8:00>D2, S+0x1C9:00>0F, S+0x1CA:00>02 | - |
| 13 | S+0x30=3, S+0x42=1, S+0x45=1, S+0x3=1 | 6 | `EE 01 02 36 10 00 E8 03 00 03 31` | `EF 00 31` | S+0x4D:00>01, S+0x1C6:00>E8, S+0x1C7:00>03, S+0x1C8:00>36, S+0x1C9:00>10, S+0x1CA:00>02 | - |
| 14 | S+0x30=3, S+0x42=1, S+0x45=1, S+0x3=1 | 6 | `EE 01 02 D1 0F 03 E8 03 00 03 31` | `EF FF 31` | S+0x1CA:00>02 | - |
| 15 | S+0x30=3, S+0x42=1, S+0x45=1, S+0x3=1 | 6 | `EE 01 02 37 10 03 E8 03 00 03 31` | `EF FF 31` | S+0x1CA:00>02 | - |
| 16 | S+0x30=3, S+0x42=1, S+0x45=1, S+0x3=1 | 6 | `EE 01 02 D2 0F 07 E8 03 00 03 31` | `EF FF 31` | S+0x1C8:00>D2, S+0x1C9:00>0F, S+0x1CA:00>02 | - |
| 17 | S+0x30=3, S+0x42=1, S+0x45=1, S+0x3=1 | 6 | `EE 01 03 10 0E 08 E8 03 00 03 31` | `EF 00 31` | S+0x4D:00>01, S+0x1C4:00>08, S+0x1C6:00>E8, S+0x1C7:00>03, S+0x1C8:00>10, S+0x1C9:00>0E, S+0x1CA:00>03 | - |
| 18 | S+0x30=3, S+0x42=1, S+0x45=1, S+0x3=1 | 6 | `EE 01 03 74 0E 00 E8 03 00 03 31` | `EF 00 31` | S+0x4D:00>01, S+0x1C6:00>E8, S+0x1C7:00>03, S+0x1C8:00>74, S+0x1C9:00>0E, S+0x1CA:00>03 | - |
| 19 | S+0x30=3, S+0x42=1, S+0x45=1, S+0x3=1 | 6 | `EE 01 03 0F 0E 03 E8 03 00 03 31` | `EF FF 31` | S+0x1CA:00>03 | - |
| 20 | S+0x30=3, S+0x42=1, S+0x45=1, S+0x3=1 | 6 | `EE 01 03 75 0E 03 E8 03 00 03 31` | `EF FF 31` | S+0x1CA:00>03 | - |
| 21 | S+0x30=3, S+0x42=1, S+0x45=1, S+0x3=1 | 6 | `EE 01 03 10 0E 09 E8 03 00 03 31` | `EF FF 31` | S+0x1C8:00>10, S+0x1C9:00>0E, S+0x1CA:00>03 | - |
| 22 | S+0x30=3, S+0x42=1, S+0x45=1, S+0x3=1 | 6 | `EE 01 04 2E 09 0C E8 03 00 03 31` | `EF 00 31` | S+0x4D:00>01, S+0x1C4:00>0C, S+0x1C6:00>E8, S+0x1C7:00>03, S+0x1C8:00>2E, S+0x1C9:00>09, S+0x1CA:00>04 | - |
| 23 | S+0x30=3, S+0x42=1, S+0x45=1, S+0x3=1 | 6 | `EE 01 04 92 09 00 E8 03 00 03 31` | `EF 00 31` | S+0x4D:00>01, S+0x1C6:00>E8, S+0x1C7:00>03, S+0x1C8:00>92, S+0x1C9:00>09, S+0x1CA:00>04 | - |
| 24 | S+0x30=3, S+0x42=1, S+0x45=1, S+0x3=1 | 6 | `EE 01 04 2D 09 03 E8 03 00 03 31` | `EF FF 31` | S+0x1CA:00>04 | - |
| 25 | S+0x30=3, S+0x42=1, S+0x45=1, S+0x3=1 | 6 | `EE 01 04 93 09 03 E8 03 00 03 31` | `EF FF 31` | S+0x1CA:00>04 | - |
| 26 | S+0x30=3, S+0x42=1, S+0x45=1, S+0x3=1 | 6 | `EE 01 04 2E 09 0D E8 03 00 03 31` | `EF FF 31` | S+0x1C8:00>2E, S+0x1C9:00>09, S+0x1CA:00>04 | - |
| 27 | S+0x30=3, S+0x42=1, S+0x45=1, S+0x3=1 | 6 | `EE 01 05 03 00 FF E8 03 00 03 31` | `EF 00 31` | S+0x4D:00>01, S+0x1C6:00>E8, S+0x1C7:00>03, S+0x1C8:00>03, S+0x1CA:00>05 | - |
| 28 | S+0x30=3, S+0x42=1, S+0x45=1, S+0x3=1 | 6 | `EE 01 05 0D 00 00 E8 03 00 03 31` | `EF 00 31` | S+0x4D:00>01, S+0x1C6:00>E8, S+0x1C7:00>03, S+0x1C8:00>0D, S+0x1CA:00>05 | - |
| 29 | S+0x30=3, S+0x42=1, S+0x45=1, S+0x3=1 | 6 | `EE 01 05 02 00 03 E8 03 00 03 31` | `EF FF 31` | S+0x1CA:00>05 | - |
| 30 | S+0x30=3, S+0x42=1, S+0x45=1, S+0x3=1 | 6 | `EE 01 05 0E 00 03 E8 03 00 03 31` | `EF FF 31` | S+0x1CA:00>05 | - |
| 31 | S+0x30=3, S+0x42=1, S+0x45=1, S+0x3=1 | 6 | `EE 01 06 68 10 03 E8 03 00 03 31` | `EF FF 31` | - | - |
| 32 | S+0x30=3, S+0x42=1, S+0x45=1, S+0x3=1 | 6 | `EE 01 01 68 10 03 88 13 00 03 31` | `EF 00 31` | S+0x4D:00>01, S+0x1C4:00>03, S+0x1C6:00>88, S+0x1C7:00>13, S+0x1C8:00>68, S+0x1C9:00>10, S+0x1CA:00>01 | - |
| 33 | S+0x30=3, S+0x42=1, S+0x45=1, S+0x3=1 | 6 | `EE 01 01 68 10 03 89 13 00 03 31` | `EF FF 31` | S+0x1C4:00>03, S+0x1C8:00>68, S+0x1C9:00>10, S+0x1CA:00>01 | - |
| 34 | S+0x30=3, S+0x42=1, S+0x45=1, S+0x3=1 | 6 | `EE 01 01 68 10 03 00 00 00 03 31` | `EF 00 31` | S+0x4D:00>01, S+0x1C4:00>03, S+0x1C8:00>68, S+0x1C9:00>10, S+0x1CA:00>01 | - |
| 35 | S+0x30=3, S+0x42=1, S+0x45=1, S+0x3=1 | 6 | `EE 01 01 68 10 03 E8 03 01 03 31` | `EF 00 31` | S+0x4D:00>01, S+0x1C4:00>03, S+0x1C6:00>E8, S+0x1C7:00>03, S+0x1C8:00>68, S+0x1C9:00>10, S+0x1CA:00>01, PWR+0x128:00>01, PWR+0x12C:00>03, PWR+0x13A:00>E8, PWR+0x13B:00>03, PWR+0x13C:00>68, PWR+0x13D:00>10, PWR+0x13E:00>68, PWR+0x13F:00>10, PWR+0x140:00>B8, PWR+0x141:00>0B, PWR+0x142:00>B8, PWR+0x143:00>0B, PWR+0x144:00>64, PWR+0x146:00>9C, PWR+0x147:00>31, PWR+0x148:00>64, PWR+0x14A:00>64, PWR+0x178:00>01, PWR+0x179:00>01 | chargeStart(65536003), beep(1) |
| 36 | S+0x30=3, S+0x42=1, S+0x45=1, S+0x3=1, S+0x7b=1 | 6 | `EE 01 01 68 10 03 E8 03 01 03 31` | `EF 00 31` | S+0x4D:00>01, S+0x1C4:00>03, S+0x1C6:00>E8, S+0x1C7:00>03, S+0x1C8:00>68, S+0x1C9:00>10, S+0x1CA:00>01 | - |
| 37 | S+0x30=3, S+0x42=1, S+0x45=1, S+0x3=1, S+0x9e:u16=4 | 6 | `EE 01 01 68 10 03 E8 03 01 03 31` | `EF 00 31` | S+0x4D:00>01, S+0x1C4:00>03, S+0x1C6:00>E8, S+0x1C7:00>03, S+0x1C8:00>68, S+0x1C9:00>10, S+0x1CA:00>01 | - |
| 38 | S+0x30=3, S+0x42=1, S+0x45=1, S+0x3=1, 0x1fffaa1e=4 | 6 | `EE 01 01 68 10 03 E8 03 01 03 31` | `EF FF 31` | S+0x1C4:00>03, S+0x1C6:00>E8, S+0x1C7:00>03, S+0x1C8:00>68, S+0x1C9:00>10, S+0x1CA:00>01 | - |
| 39 | S+0x30=3, S+0x42=1, S+0x45=1, S+0x3=1, S+0x7b=1 | 6 | `EE 01 01 68 10 03 E8 03 00 03 31` | `EF 00 31` | S+0x4D:00>01, S+0x1C4:00>03, S+0x1C6:00>E8, S+0x1C7:00>03, S+0x1C8:00>68, S+0x1C9:00>10, S+0x1CA:00>01 | chargeStop, beep(1) |
| 40 | S+0x30=3, S+0x42=1, S+0x45=1, S+0x3=1 | 6 | `EE 01 01 68 10 03 E8 03 02 03 31` | `EF FF 31` | S+0x1C4:00>03, S+0x1C6:00>E8, S+0x1C7:00>03, S+0x1C8:00>68, S+0x1C9:00>10, S+0x1CA:00>01 | - |
| 41 | S+0x30=3, S+0x42=1, S+0x45=1, S+0x3=1, S+0x4b=1 | 6 | `EE 01 01 68 10 03 E8 03 01 03 31` | `EF FF 31` | S+0x1C4:00>03, S+0x1C6:00>E8, S+0x1C7:00>03, S+0x1C8:00>68, S+0x1C9:00>10, S+0x1CA:00>01 | - |
| 42 | S+0x30=3, S+0x42=1, S+0x45=1, S+0x3=1 | 6 | `EE 01 01 68 10 03 E8 03 00 00 31` | `EF 00 31` | S+0x4D:00>01 | - |
| 43 | S+0x30=3, S+0x42=1, S+0x45=1, S+0x3=1, 0x1fffaa2e=1 | 6 | `EE 01 01 68 10 03 E8 03 00 00 31` | `EF FF 31` | - | - |
| 44 | S+0x30=0, S+0x42=1, S+0x45=1, S+0x3=1 | 6 | `EE 01 01 68 10 03 E8 03 00 03 31` | `EF FF 31` | - | - |
| 45 | S+0x30=3, S+0x3=1 | 6 | `EE 02 01 68 10 03 E8 03 00 03 31` | `none` | S+0x45:00>02, S+0x4D:00>01 | - |
