openjdk version "21.0.12.1" 2026-08-18
OpenJDK Runtime Environment Homebrew (build 21.0.12.1)
OpenJDK 64-Bit Server VM Homebrew (build 21.0.12.1, mixed mode)
INFO  Using log config file: jar:file:/opt/homebrew/Cellar/ghidra/12.1.3/libexec/Ghidra/Framework/Generic/lib/Generic.jar!/generic.log4j.xml (LoggingInitialization)  
INFO  Using log file: /Users/jihlenburg/Library/ghidra/ghidra_12.1.3_PUBLIC/application.log (LoggingInitialization)  
INFO  Loading user preferences: /Users/jihlenburg/Library/ghidra/ghidra_12.1.3_PUBLIC/preferences (Preferences)  
INFO  Searching for classes... (ClassSearcher)  
INFO  Class search complete (883 ms) (ClassSearcher)  
INFO  Initializing SSL Context (DefaultSSLContextInitializer)  
INFO  Initializing Random Number Generator... (SecureRandomFactory)  
INFO  Random Number Generator initialization complete: NativePRNGNonBlocking (SecureRandomFactory)  
INFO  Trust manager disabled, cacerts have not been set (DefaultTrustManagerFactory)  
INFO  Headless startup complete (1935 ms) (AnalyzeHeadless)  
INFO  Class searcher loaded 59 extension points (20 false positives) (ClassSearcher)  
INFO  HEADLESS Script Paths:
    /opt/homebrew/Cellar/ghidra/12.1.3/libexec/Ghidra/Processors/8051/ghidra_scripts
    /opt/homebrew/Cellar/ghidra/12.1.3/libexec/Ghidra/Debug/Debugger-rmi-trace/ghidra_scripts
    /opt/homebrew/Cellar/ghidra/12.1.3/libexec/Ghidra/Features/FileFormats/ghidra_scripts
    /opt/homebrew/Cellar/ghidra/12.1.3/libexec/Ghidra/Features/Decompiler/ghidra_scripts
    /opt/homebrew/Cellar/ghidra/12.1.3/libexec/Ghidra/Features/PDB/ghidra_scripts
    /opt/homebrew/Cellar/ghidra/12.1.3/libexec/Ghidra/Processors/JVM/ghidra_scripts
    /opt/homebrew/Cellar/ghidra/12.1.3/libexec/Ghidra/Features/SystemEmulation/ghidra_scripts
    /opt/homebrew/Cellar/ghidra/12.1.3/libexec/Ghidra/Processors/PIC/ghidra_scripts
    /opt/homebrew/Cellar/ghidra/12.1.3/libexec/Ghidra/Debug/Debugger/ghidra_scripts
    /opt/homebrew/Cellar/ghidra/12.1.3/libexec/Ghidra/Features/GnuDemangler/ghidra_scripts
    /opt/homebrew/Cellar/ghidra/12.1.3/libexec/Ghidra/Features/MicrosoftCodeAnalyzer/ghidra_scripts
    /opt/homebrew/Cellar/ghidra/12.1.3/libexec/Ghidra/Features/PyGhidra/ghidra_scripts
    /opt/homebrew/Cellar/ghidra/12.1.3/libexec/Ghidra/Features/SwiftDemangler/ghidra_scripts
    /opt/homebrew/Cellar/ghidra/12.1.3/libexec/Ghidra/Features/WildcardAssembler/ghidra_scripts
    /opt/homebrew/Cellar/ghidra/12.1.3/libexec/Ghidra/Features/VersionTracking/ghidra_scripts
    /opt/homebrew/Cellar/ghidra/12.1.3/libexec/Ghidra/Features/BSim/ghidra_scripts
    /opt/homebrew/Cellar/ghidra/12.1.3/libexec/Ghidra/Features/BytePatterns/ghidra_scripts
    /opt/homebrew/Cellar/ghidra/12.1.3/libexec/Ghidra/Processors/Atmel/ghidra_scripts
    /Users/jihlenburg/ghidra_scripts
    /opt/homebrew/Cellar/ghidra/12.1.3/libexec/Ghidra/Features/DecompilerDependent/ghidra_scripts
    /opt/homebrew/Cellar/ghidra/12.1.3/libexec/Ghidra/Processors/DATA/ghidra_scripts
    /opt/homebrew/Cellar/ghidra/12.1.3/libexec/Ghidra/Features/Base/ghidra_scripts
    /opt/homebrew/Cellar/ghidra/12.1.3/libexec/Ghidra/Features/FunctionID/ghidra_scripts
    /Users/jihlenburg/mp305b-fw-re/recovery-2026-09-30/scripts (HeadlessAnalyzer)  
INFO  HEADLESS: execution starts (HeadlessAnalyzer)  
INFO  Opening existing project: /Users/jihlenburg/mp305b-fw-re/recovery-2026-09-30/ghidra/mp305b_app (HeadlessAnalyzer)  
INFO  Opening project: /Users/jihlenburg/mp305b-fw-re/recovery-2026-09-30/ghidra/mp305b_app (HeadlessProject)  
INFO  REPORT: Processing project file: /app.bin (HeadlessAnalyzer)  
INFO  REPORT: Execute script: power_Fix.java 'exports'  (HeadlessAnalyzer)  
INFO  SCRIPT: /Users/jihlenburg/mp305b-fw-re/recovery-2026-09-30/scripts/power_Fix.java (HeadlessAnalyzer)  
INFO  power_Fix.java> created 143 (GhidraScript)  
INFO  REPORT: Execute script: ApplyNames.java 'app' 'names-merged'  (HeadlessAnalyzer)  
INFO  SCRIPT: /Users/jihlenburg/mp305b-fw-re/recovery-2026-09-30/scripts/ApplyNames.java (HeadlessAnalyzer)  
INFO  ApplyNames.java> APPLIED 173 (GhidraScript)  
INFO  REPORT: Execute script: Export.java 'app' 'exports'  (HeadlessAnalyzer)  
INFO  SCRIPT: /Users/jihlenburg/mp305b-fw-re/recovery-2026-09-30/scripts/Export.java (HeadlessAnalyzer)  
INFO  Export.java> EXPORT functions=2453 failed=0 (GhidraScript)  
INFO  REPORT: Execute script: ExportRefs.java 'app' 'exports'  (HeadlessAnalyzer)  
INFO  SCRIPT: /Users/jihlenburg/mp305b-fw-re/recovery-2026-09-30/scripts/ExportRefs.java (HeadlessAnalyzer)  
INFO  REPORT: Save succeeded for processed file: /app.bin (HeadlessAnalyzer)  
