openjdk version "21.0.12.1" 2026-08-18
OpenJDK Runtime Environment Homebrew (build 21.0.12.1)
OpenJDK 64-Bit Server VM Homebrew (build 21.0.12.1, mixed mode)
INFO  Using log config file: jar:file:/opt/homebrew/Cellar/ghidra/12.1.3/libexec/Ghidra/Framework/Generic/lib/Generic.jar!/generic.log4j.xml (LoggingInitialization)  
INFO  Using log file: /Users/jihlenburg/Library/ghidra/ghidra_12.1.3_PUBLIC/application.log (LoggingInitialization)  
INFO  Loading user preferences: /Users/jihlenburg/Library/ghidra/ghidra_12.1.3_PUBLIC/preferences (Preferences)  
INFO  Searching for classes... (ClassSearcher)  
INFO  Class search complete (830 ms) (ClassSearcher)  
INFO  Initializing SSL Context (DefaultSSLContextInitializer)  
INFO  Initializing Random Number Generator... (SecureRandomFactory)  
INFO  Random Number Generator initialization complete: NativePRNGNonBlocking (SecureRandomFactory)  
INFO  Trust manager disabled, cacerts have not been set (DefaultTrustManagerFactory)  
INFO  Headless startup complete (1621 ms) (AnalyzeHeadless)  
INFO  Class searcher loaded 59 extension points (20 false positives) (ClassSearcher)  
INFO  HEADLESS Script Paths:
    /opt/homebrew/Cellar/ghidra/12.1.3/libexec/Ghidra/Processors/8051/ghidra_scripts
    /opt/homebrew/Cellar/ghidra/12.1.3/libexec/Ghidra/Debug/Debugger-rmi-trace/ghidra_scripts
    /opt/homebrew/Cellar/ghidra/12.1.3/libexec/Ghidra/Features/FileFormats/ghidra_scripts
    /opt/homebrew/Cellar/ghidra/12.1.3/libexec/Ghidra/Features/Decompiler/ghidra_scripts
    /opt/homebrew/Cellar/ghidra/12.1.3/libexec/Ghidra/Features/PDB/ghidra_scripts
    /opt/homebrew/Cellar/ghidra/12.1.3/libexec/Ghidra/Processors/JVM/ghidra_scripts
    /opt/homebrew/Cellar/ghidra/12.1.3/libexec/Ghidra/Features/SystemEmulation/ghidra_scripts
    /opt/homebrew/Cellar/ghidra/12.1.3/libexec/Ghidra/Processors/PIC/ghidra_scripts
    /opt/homebrew/Cellar/ghidra/12.1.3/libexec/Ghidra/Debug/Debugger/ghidra_scripts
    /opt/homebrew/Cellar/ghidra/12.1.3/libexec/Ghidra/Features/GnuDemangler/ghidra_scripts
    /opt/homebrew/Cellar/ghidra/12.1.3/libexec/Ghidra/Features/MicrosoftCodeAnalyzer/ghidra_scripts
    /opt/homebrew/Cellar/ghidra/12.1.3/libexec/Ghidra/Features/PyGhidra/ghidra_scripts
    /opt/homebrew/Cellar/ghidra/12.1.3/libexec/Ghidra/Features/SwiftDemangler/ghidra_scripts
    /opt/homebrew/Cellar/ghidra/12.1.3/libexec/Ghidra/Features/WildcardAssembler/ghidra_scripts
    /opt/homebrew/Cellar/ghidra/12.1.3/libexec/Ghidra/Features/VersionTracking/ghidra_scripts
    /opt/homebrew/Cellar/ghidra/12.1.3/libexec/Ghidra/Features/BSim/ghidra_scripts
    /opt/homebrew/Cellar/ghidra/12.1.3/libexec/Ghidra/Features/BytePatterns/ghidra_scripts
    /opt/homebrew/Cellar/ghidra/12.1.3/libexec/Ghidra/Processors/Atmel/ghidra_scripts
    /Users/jihlenburg/ghidra_scripts
    /opt/homebrew/Cellar/ghidra/12.1.3/libexec/Ghidra/Features/DecompilerDependent/ghidra_scripts
    /opt/homebrew/Cellar/ghidra/12.1.3/libexec/Ghidra/Processors/DATA/ghidra_scripts
    /opt/homebrew/Cellar/ghidra/12.1.3/libexec/Ghidra/Features/Base/ghidra_scripts
    /opt/homebrew/Cellar/ghidra/12.1.3/libexec/Ghidra/Features/FunctionID/ghidra_scripts
    /Users/jihlenburg/mp305b-fw-re/recovery-2026-09-30/scripts (HeadlessAnalyzer)  
INFO  HEADLESS: execution starts (HeadlessAnalyzer)  
INFO  Opening existing project: /Users/jihlenburg/mp305b-fw-re/recovery-2026-09-30/ghidra/mp305b_ch58x (HeadlessAnalyzer)  
INFO  Opening project: /Users/jihlenburg/mp305b-fw-re/recovery-2026-09-30/ghidra/mp305b_ch58x (HeadlessProject)  
INFO  REPORT: Processing project file: /ch58x.bin (HeadlessAnalyzer)  
INFO  REPORT: Execute script: ch58x_BridgeFix.java 'names-merged/wch-library.tsv' 'exports/ch58x_decomp_fixed.c'  (HeadlessAnalyzer)  
INFO  SCRIPT: /Users/jihlenburg/mp305b-fw-re/recovery-2026-09-30/scripts/ch58x_BridgeFix.java (HeadlessAnalyzer)  
WARN  Decompiling ram:00001c48, pcode error at ram:00040000: Disassembly not permitted within uninitialized memory block (DecompileCallback)  
WARN  Decompiling ram:00001c48: Unable to read bytes at csreg:0341 (DecompileCallback)  
WARN  Decompiling ram:00002ab6: Unable to read bytes at ram:0004004c (DecompileCallback)  
WARN  Decompiling ram:00002ab6: Unable to read bytes at ram:0004004c (DecompileCallback)  
WARN  Decompiling ram:00002ab6: Unable to read bytes at ram:0004004c (DecompileCallback)  
WARN  Decompiling ram:00002b38: Unable to read bytes at ram:00040144 (DecompileCallback)  
WARN  Decompiling ram:00002b38: Unable to read bytes at ram:00040144 (DecompileCallback)  
WARN  Decompiling ram:00002c6a: Unable to read bytes at ram:000400ac (DecompileCallback)  
WARN  Decompiling ram:00002c6a: Unable to read bytes at ram:00040130 (DecompileCallback)  
WARN  Decompiling ram:00002c6a: Unable to read bytes at ram:00040138 (DecompileCallback)  
WARN  Decompiling ram:00002c6a: Unable to read bytes at ram:00040138 (DecompileCallback)  
WARN  Decompiling ram:00002c6a: Unable to read bytes at ram:000400ac (DecompileCallback)  
WARN  Decompiling ram:00002c6a: Unable to read bytes at ram:00040130 (DecompileCallback)  
WARN  Decompiling ram:00002c6a: Unable to read bytes at ram:00040138 (DecompileCallback)  
WARN  Decompiling ram:00002cdc: Unable to read bytes at ram:000400d4 (DecompileCallback)  
WARN  Decompiling ram:00002cdc: Unable to read bytes at ram:0004013c (DecompileCallback)  
WARN  Decompiling ram:00002cdc: Unable to read bytes at ram:000400d4 (DecompileCallback)  
WARN  Decompiling ram:00002cdc: Unable to read bytes at ram:0004013c (DecompileCallback)  
WARN  Decompiling ram:00002cdc: Unable to read bytes at ram:000400d4 (DecompileCallback)  
WARN  Decompiling ram:00002cdc: Unable to read bytes at ram:000400d4 (DecompileCallback)  
WARN  Decompiling ram:00002cdc: Unable to read bytes at ram:0004013c (DecompileCallback)  
WARN  Decompiling ram:00002cdc: Unable to read bytes at ram:000400d4 (DecompileCallback)  
WARN  Decompiling ram:00002cdc: Unable to read bytes at ram:0004013c (DecompileCallback)  
WARN  Decompiling ram:00002d34: Unable to read bytes at ram:000400d4 (DecompileCallback)  
WARN  Decompiling ram:00002d34: Unable to read bytes at ram:0004013c (DecompileCallback)  
WARN  Decompiling ram:00002d34: Unable to read bytes at ram:000400d4 (DecompileCallback)  
WARN  Decompiling ram:00002d34: Unable to read bytes at ram:0004013c (DecompileCallback)  
WARN  Decompiling ram:00002d34: Unable to read bytes at ram:000400d4 (DecompileCallback)  
WARN  Decompiling ram:00002d34: Unable to read bytes at ram:000400d4 (DecompileCallback)  
WARN  Decompiling ram:00002d34: Unable to read bytes at ram:0004013c (DecompileCallback)  
WARN  Decompiling ram:00002d34: Unable to read bytes at ram:000400d4 (DecompileCallback)  
WARN  Decompiling ram:00002d34: Unable to read bytes at ram:0004013c (DecompileCallback)  
WARN  Decompiling ram:00002d8c: Unable to read bytes at ram:0004004c (DecompileCallback)  
WARN  Decompiling ram:00002d8c: Unable to read bytes at ram:0004004c (DecompileCallback)  
WARN  Decompiling ram:00002d8c: Unable to read bytes at ram:0004004c (DecompileCallback)  
WARN  Decompiling ram:00002e28: Unable to read bytes at ram:00040144 (DecompileCallback)  
WARN  Decompiling ram:00002e28: Unable to read bytes at ram:00040144 (DecompileCallback)  
WARN  Decompiling ram:00002e28: Unable to read bytes at ram:00040144 (DecompileCallback)  
WARN  Decompiling ram:00002e28: Unable to read bytes at ram:00040144 (DecompileCallback)  
WARN  Decompiling ram:00002efc: Unable to read bytes at ram:000400ac (DecompileCallback)  
WARN  Decompiling ram:00002efc: Unable to read bytes at ram:00040130 (DecompileCallback)  
WARN  Decompiling ram:00002efc: Unable to read bytes at ram:00040138 (DecompileCallback)  
WARN  Decompiling ram:00002efc: Unable to read bytes at ram:000400ac (DecompileCallback)  
WARN  Decompiling ram:00002efc: Unable to read bytes at ram:00040130 (DecompileCallback)  
WARN  Decompiling ram:00002efc: Unable to read bytes at ram:00040138 (DecompileCallback)  
WARN  Decompiling ram:00002f58: Unable to read bytes at ram:0004004c (DecompileCallback)  
WARN  Decompiling ram:00002f58: Unable to read bytes at ram:0004004c (DecompileCallback)  
WARN  Decompiling ram:00002f58: Unable to read bytes at ram:0004004c (DecompileCallback)  
WARN  Decompiling ram:00002f58: Unable to read bytes at ram:0004004c (DecompileCallback)  
WARN  Decompiling ram:00002f58: Unable to read bytes at ram:0004004c (DecompileCallback)  
WARN  Decompiling ram:00002f58: Unable to read bytes at ram:0004004c (DecompileCallback)  
WARN  Decompiling ram:00002f58: Unable to read bytes at ram:0004004c (DecompileCallback)  
WARN  Decompiling ram:00002f58: Unable to read bytes at ram:0004004c (DecompileCallback)  
WARN  Decompiling ram:00002f58: Unable to read bytes at ram:0004004c (DecompileCallback)  
WARN  Decompiling ram:00002f58: Unable to read bytes at ram:0004004c (DecompileCallback)  
WARN  Decompiling ram:00003126: Unable to read bytes at ram:00040130 (DecompileCallback)  
WARN  Decompiling ram:00003126: Unable to read bytes at ram:00040130 (DecompileCallback)  
WARN  Decompiling ram:00003126: Unable to read bytes at ram:00040130 (DecompileCallback)  
WARN  Decompiling ram:00003126: Unable to read bytes at ram:00040130 (DecompileCallback)  
WARN  Decompiling ram:0000322a: Unable to read bytes at ram:00040058 (DecompileCallback)  
WARN  Decompiling ram:0000322a: Unable to read bytes at ram:00040058 (DecompileCallback)  
WARN  Decompiling ram:0000322a: Unable to read bytes at ram:00040068 (DecompileCallback)  
WARN  Decompiling ram:0000322a: Unable to read bytes at ram:0004006c (DecompileCallback)  
WARN  Decompiling ram:0000322a: Unable to read bytes at ram:000401ec (DecompileCallback)  
WARN  Decompiling ram:0000322a: Unable to read bytes at ram:00040058 (DecompileCallback)  
WARN  Decompiling ram:0000322a: Unable to read bytes at ram:00040068 (DecompileCallback)  
WARN  Decompiling ram:0000322a: Unable to read bytes at ram:0004006c (DecompileCallback)  
WARN  Decompiling ram:0000322a: Unable to read bytes at ram:000401ec (DecompileCallback)  
WARN  Decompiling ram:000032b6: Unable to read bytes at ram:00040034 (DecompileCallback)  
WARN  Decompiling ram:000032b6: Unable to read bytes at ram:0004003c (DecompileCallback)  
WARN  Decompiling ram:000032b6: Unable to read bytes at ram:00040048 (DecompileCallback)  
WARN  Decompiling ram:000032b6: Unable to read bytes at ram:000400a4 (DecompileCallback)  
WARN  Decompiling ram:000032b6: Unable to read bytes at ram:00040034 (DecompileCallback)  
WARN  Decompiling ram:000032b6: Unable to read bytes at ram:0004003c (DecompileCallback)  
WARN  Decompiling ram:000032b6: Unable to read bytes at ram:00040048 (DecompileCallback)  
WARN  Decompiling ram:000032b6: Unable to read bytes at ram:000400a4 (DecompileCallback)  
WARN  Decompiling ram:000033d0: Unable to read bytes at ram:00040058 (DecompileCallback)  
WARN  Decompiling ram:000033d0: Unable to read bytes at ram:00040080 (DecompileCallback)  
WARN  Decompiling ram:000033d0: Unable to read bytes at ram:00040058 (DecompileCallback)  
WARN  Decompiling ram:000033d0: Unable to read bytes at ram:00040080 (DecompileCallback)  
WARN  Decompiling ram:000033d0: Unable to read bytes at ram:00040058 (DecompileCallback)  
WARN  Decompiling ram:000033d0: Unable to read bytes at ram:00040058 (DecompileCallback)  
WARN  Decompiling ram:000033d0: Unable to read bytes at ram:00040080 (DecompileCallback)  
WARN  Decompiling ram:000033d0: Unable to read bytes at ram:00040058 (DecompileCallback)  
WARN  Decompiling ram:000033d0: Unable to read bytes at ram:00040080 (DecompileCallback)  
WARN  Decompiling ram:0000343e: Unable to read bytes at ram:00040074 (DecompileCallback)  
WARN  Decompiling ram:0000343e: Unable to read bytes at ram:00040074 (DecompileCallback)  
WARN  Decompiling ram:0000343e: Unable to read bytes at ram:00040074 (DecompileCallback)  
WARN  Decompiling ram:0000343e: Unable to read bytes at ram:00040074 (DecompileCallback)  
WARN  Decompiling ram:0000343e: Unable to read bytes at ram:00040074 (DecompileCallback)  
WARN  Decompiling ram:00003810: Unable to read bytes at ram:0004004c (DecompileCallback)  
WARN  Decompiling ram:00003810: Unable to read bytes at ram:0004004c (DecompileCallback)  
WARN  Decompiling ram:0000388a: Unable to read bytes at ram:0004003c (DecompileCallback)  
WARN  Decompiling ram:0000388a: Unable to read bytes at ram:0004003c (DecompileCallback)  
WARN  Decompiling ram:0000388a: Unable to read bytes at ram:00040048 (DecompileCallback)  
WARN  Decompiling ram:0000388a: Unable to read bytes at ram:00040048 (DecompileCallback)  
WARN  Decompiling ram:0000388a: Unable to read bytes at ram:0004004c (DecompileCallback)  
WARN  Decompiling ram:0000388a: Unable to read bytes at ram:0004004c (DecompileCallback)  
WARN  Decompiling ram:0000388a: Unable to read bytes at ram:00040174 (DecompileCallback)  
WARN  Decompiling ram:0000388a: Unable to read bytes at ram:00040174 (DecompileCallback)  
WARN  Decompiling ram:0000388a: Unable to read bytes at ram:0004003c (DecompileCallback)  
WARN  Decompiling ram:0000388a: Unable to read bytes at ram:00040048 (DecompileCallback)  
WARN  Decompiling ram:0000388a: Unable to read bytes at ram:0004004c (DecompileCallback)  
WARN  Decompiling ram:0000388a: Unable to read bytes at ram:00040174 (DecompileCallback)  
WARN  Decompiling ram:00003f76: Unable to read bytes at ram:0004017c (DecompileCallback)  
WARN  Decompiling ram:00003f76: Unable to read bytes at ram:0004017c (DecompileCallback)  
WARN  Decompiling ram:00003fac: Unable to read bytes at ram:0004004c (DecompileCallback)  
WARN  Decompiling ram:00003fac: Unable to read bytes at ram:0004004c (DecompileCallback)  
WARN  Decompiling ram:00004074: Unable to read bytes at ram:0004004c (DecompileCallback)  
WARN  Decompiling ram:00004074: Unable to read bytes at ram:0004004c (DecompileCallback)  
WARN  Decompiling ram:000040dc: Unable to read bytes at ram:0004004c (DecompileCallback)  
WARN  Decompiling ram:000040dc: Unable to read bytes at ram:00040178 (DecompileCallback)  
WARN  Decompiling ram:000040dc: Unable to read bytes at ram:0004004c (DecompileCallback)  
WARN  Decompiling ram:000040dc: Unable to read bytes at ram:00040178 (DecompileCallback)  
WARN  Decompiling ram:000042ac: Unable to read bytes at ram:0004003c (DecompileCallback)  
WARN  Decompiling ram:000042ac: Unable to read bytes at ram:0004004c (DecompileCallback)  
WARN  Decompiling ram:000042ac: Unable to read bytes at ram:0004003c (DecompileCallback)  
WARN  Decompiling ram:000042ac: Unable to read bytes at ram:0004004c (DecompileCallback)  
WARN  Decompiling ram:000054fa: Unable to read bytes at ram:0004003c (DecompileCallback)  
WARN  Decompiling ram:000054fa: Unable to read bytes at ram:00040048 (DecompileCallback)  
WARN  Decompiling ram:000054fa: Unable to read bytes at ram:0004003c (DecompileCallback)  
WARN  Decompiling ram:000054fa: Unable to read bytes at ram:00040048 (DecompileCallback)  
WARN  Decompiling ram:000056ce: Unable to read bytes at ram:00040038 (DecompileCallback)  
WARN  Decompiling ram:000056ce: Unable to read bytes at ram:00040170 (DecompileCallback)  
WARN  Decompiling ram:000056ce: Unable to read bytes at ram:00040038 (DecompileCallback)  
WARN  Decompiling ram:000056ce: Unable to read bytes at ram:00040170 (DecompileCallback)  
WARN  Decompiling ram:000056ce: Unable to read bytes at ram:00040170 (DecompileCallback)  
WARN  Decompiling ram:000056ce: Unable to read bytes at ram:00040038 (DecompileCallback)  
WARN  Decompiling ram:000056ce: Unable to read bytes at ram:00040170 (DecompileCallback)  
WARN  Decompiling ram:000056ce: Unable to read bytes at ram:00040038 (DecompileCallback)  
WARN  Decompiling ram:000056ce: Unable to read bytes at ram:00040170 (DecompileCallback)  
WARN  Decompiling ram:00005744: Unable to read bytes at ram:00040050 (DecompileCallback)  
WARN  Decompiling ram:00005744: Unable to read bytes at ram:00040080 (DecompileCallback)  
WARN  Decompiling ram:00005744: Unable to read bytes at ram:000400c4 (DecompileCallback)  
WARN  Decompiling ram:00005744: Unable to read bytes at ram:000400c8 (DecompileCallback)  
WARN  Decompiling ram:00005744: Unable to read bytes at ram:00040134 (DecompileCallback)  
WARN  Decompiling ram:00005744: Unable to read bytes at ram:00040150 (DecompileCallback)  
WARN  Decompiling ram:00005744: Unable to read bytes at ram:00040154 (DecompileCallback)  
WARN  Decompiling ram:00005744: Unable to read bytes at ram:00040154 (DecompileCallback)  
WARN  Decompiling ram:00005744: Unable to read bytes at ram:00040154 (DecompileCallback)  
WARN  Decompiling ram:00005744: Unable to read bytes at ram:00040154 (DecompileCallback)  
WARN  Decompiling ram:00005744: Unable to read bytes at ram:00040168 (DecompileCallback)  
WARN  Decompiling ram:00005744: Unable to read bytes at ram:00040168 (DecompileCallback)  
WARN  Decompiling ram:00005744: Unable to read bytes at ram:00040168 (DecompileCallback)  
WARN  Decompiling ram:00005744: Unable to read bytes at ram:00040168 (DecompileCallback)  
WARN  Decompiling ram:00005744: Unable to read bytes at ram:00040168 (DecompileCallback)  
WARN  Decompiling ram:00005744: Unable to read bytes at ram:00040168 (DecompileCallback)  
WARN  Decompiling ram:00005744: Unable to read bytes at ram:0004016c (DecompileCallback)  
WARN  Decompiling ram:00005744: Unable to read bytes at ram:00040050 (DecompileCallback)  
WARN  Decompiling ram:00005744: Unable to read bytes at ram:00040080 (DecompileCallback)  
WARN  Decompiling ram:00005744: Unable to read bytes at ram:000400c4 (DecompileCallback)  
WARN  Decompiling ram:00005744: Unable to read bytes at ram:000400c8 (DecompileCallback)  
WARN  Decompiling ram:00005744: Unable to read bytes at ram:00040134 (DecompileCallback)  
WARN  Decompiling ram:00005744: Unable to read bytes at ram:00040150 (DecompileCallback)  
WARN  Decompiling ram:00005744: Unable to read bytes at ram:00040154 (DecompileCallback)  
WARN  Decompiling ram:00005744: Unable to read bytes at ram:00040168 (DecompileCallback)  
WARN  Decompiling ram:00005744: Unable to read bytes at ram:0004016c (DecompileCallback)  
WARN  Decompiling ram:00005af0: Unable to read bytes at ram:0004003c (DecompileCallback)  
WARN  Decompiling ram:00005af0: Unable to read bytes at ram:0004004c (DecompileCallback)  
WARN  Decompiling ram:00005af0: Unable to read bytes at ram:00040058 (DecompileCallback)  
WARN  Decompiling ram:00005af0: Unable to read bytes at ram:00040058 (DecompileCallback)  
WARN  Decompiling ram:00005af0: Unable to read bytes at ram:00040058 (DecompileCallback)  
WARN  Decompiling ram:00005af0: Unable to read bytes at ram:00040058 (DecompileCallback)  
WARN  Decompiling ram:00005af0: Unable to read bytes at ram:00040058 (DecompileCallback)  
WARN  Decompiling ram:00005af0: Unable to read bytes at ram:00040058 (DecompileCallback)  
WARN  Decompiling ram:00005af0: Unable to read bytes at ram:00040058 (DecompileCallback)  
WARN  Decompiling ram:00005af0: Unable to read bytes at ram:00040058 (DecompileCallback)  
WARN  Decompiling ram:00005af0: Unable to read bytes at ram:00040058 (DecompileCallback)  
WARN  Decompiling ram:00005af0: Unable to read bytes at ram:00040068 (DecompileCallback)  
WARN  Decompiling ram:00005af0: Unable to read bytes at ram:0004006c (DecompileCallback)  
WARN  Decompiling ram:00005af0: Unable to read bytes at ram:000400dc (DecompileCallback)  
WARN  Decompiling ram:00005af0: Unable to read bytes at ram:000400e8 (DecompileCallback)  
WARN  Decompiling ram:00005af0: Unable to read bytes at ram:000400f4 (DecompileCallback)  
WARN  Decompiling ram:00005af0: Unable to read bytes at ram:000400f4 (DecompileCallback)  
WARN  Decompiling ram:00005af0: Unable to read bytes at ram:0004010c (DecompileCallback)  
WARN  Decompiling ram:00005af0: Unable to read bytes at ram:0004010c (DecompileCallback)  
WARN  Decompiling ram:00005af0: Unable to read bytes at ram:00040128 (DecompileCallback)  
WARN  Decompiling ram:00005af0: Unable to read bytes at ram:00040128 (DecompileCallback)  
WARN  Decompiling ram:00005af0: Unable to read bytes at ram:0004012c (DecompileCallback)  
WARN  Decompiling ram:00005af0: Unable to read bytes at ram:0004012c (DecompileCallback)  
WARN  Decompiling ram:00005af0: Unable to read bytes at ram:0004012c (DecompileCallback)  
WARN  Decompiling ram:00005af0: Unable to read bytes at ram:0004012c (DecompileCallback)  
WARN  Decompiling ram:00005af0: Unable to read bytes at ram:0004017c (DecompileCallback)  
WARN  Decompiling ram:00005af0: Unable to read bytes at ram:00040180 (DecompileCallback)  
WARN  Decompiling ram:00005af0: Unable to read bytes at ram:00040184 (DecompileCallback)  
WARN  Decompiling ram:00005af0: Unable to read bytes at ram:000401b0 (DecompileCallback)  
WARN  Decompiling ram:00005af0: Unable to read bytes at ram:0004003c (DecompileCallback)  
WARN  Decompiling ram:00005af0: Unable to read bytes at ram:0004004c (DecompileCallback)  
WARN  Decompiling ram:00005af0: Unable to read bytes at ram:00040058 (DecompileCallback)  
WARN  Decompiling ram:00005af0: Unable to read bytes at ram:00040068 (DecompileCallback)  
WARN  Decompiling ram:00005af0: Unable to read bytes at ram:0004006c (DecompileCallback)  
WARN  Decompiling ram:00005af0: Unable to read bytes at ram:000400dc (DecompileCallback)  
WARN  Decompiling ram:00005af0: Unable to read bytes at ram:000400e8 (DecompileCallback)  
WARN  Decompiling ram:00005af0: Unable to read bytes at ram:000400f4 (DecompileCallback)  
WARN  Decompiling ram:00005af0: Unable to read bytes at ram:0004010c (DecompileCallback)  
WARN  Decompiling ram:00005af0: Unable to read bytes at ram:00040128 (DecompileCallback)  
WARN  Decompiling ram:00005af0: Unable to read bytes at ram:0004012c (DecompileCallback)  
WARN  Decompiling ram:00005af0: Unable to read bytes at ram:0004017c (DecompileCallback)  
WARN  Decompiling ram:00005af0: Unable to read bytes at ram:00040180 (DecompileCallback)  
WARN  Decompiling ram:00005af0: Unable to read bytes at ram:00040184 (DecompileCallback)  
WARN  Decompiling ram:00005af0: Unable to read bytes at ram:000401b0 (DecompileCallback)  
WARN  Decompiling ram:000065a0: Unable to read bytes at ram:0004003c (DecompileCallback)  
WARN  Decompiling ram:000065a0: Unable to read bytes at ram:0004003c (DecompileCallback)  
WARN  Decompiling ram:000065a0: Unable to read bytes at ram:0004003c (DecompileCallback)  
WARN  Decompiling ram:000065a0: Unable to read bytes at ram:0004003c (DecompileCallback)  
WARN  Decompiling ram:000065a0: Unable to read bytes at ram:0004003c (DecompileCallback)  
WARN  Decompiling ram:0000685a: Unable to read bytes at ram:0004003c (DecompileCallback)  
WARN  Decompiling ram:0000685a: Unable to read bytes at ram:0004003c (DecompileCallback)  
WARN  Decompiling ram:0000698c: Unable to read bytes at ram:0004003c (DecompileCallback)  
WARN  Decompiling ram:0000698c: Unable to read bytes at ram:0004003c (DecompileCallback)  
WARN  Decompiling ram:0000698c: Unable to read bytes at ram:0004004c (DecompileCallback)  
WARN  Decompiling ram:0000698c: Unable to read bytes at ram:00040058 (DecompileCallback)  
WARN  Decompiling ram:0000698c: Unable to read bytes at ram:00040058 (DecompileCallback)  
WARN  Decompiling ram:0000698c: Unable to read bytes at ram:00040058 (DecompileCallback)  
WARN  Decompiling ram:0000698c: Unable to read bytes at ram:00040058 (DecompileCallback)  
WARN  Decompiling ram:0000698c: Unable to read bytes at ram:0004005c (DecompileCallback)  
WARN  Decompiling ram:0000698c: Unable to read bytes at ram:0004005c (DecompileCallback)  
WARN  Decompiling ram:0000698c: Unable to read bytes at ram:0004005c (DecompileCallback)  
WARN  Decompiling ram:0000698c: Unable to read bytes at ram:000400d8 (DecompileCallback)  
WARN  Decompiling ram:0000698c: Unable to read bytes at ram:000401b4 (DecompileCallback)  
WARN  Decompiling ram:0000698c: Unable to read bytes at ram:000401b4 (DecompileCallback)  
WARN  Decompiling ram:0000698c: Unable to read bytes at ram:000401b4 (DecompileCallback)  
WARN  Decompiling ram:0000698c: Unable to read bytes at ram:000401bc (DecompileCallback)  
WARN  Decompiling ram:0000698c: Unable to read bytes at ram:0004003c (DecompileCallback)  
WARN  Decompiling ram:0000698c: Unable to read bytes at ram:0004004c (DecompileCallback)  
WARN  Decompiling ram:0000698c: Unable to read bytes at ram:00040058 (DecompileCallback)  
WARN  Decompiling ram:0000698c: Unable to read bytes at ram:0004005c (DecompileCallback)  
WARN  Decompiling ram:0000698c: Unable to read bytes at ram:000400d8 (DecompileCallback)  
WARN  Decompiling ram:0000698c: Unable to read bytes at ram:000401b4 (DecompileCallback)  
WARN  Decompiling ram:0000698c: Unable to read bytes at ram:000401bc (DecompileCallback)  
WARN  Decompiling ram:00006cb0: Unable to read bytes at ram:0004003c (DecompileCallback)  
WARN  Decompiling ram:00006cb0: Unable to read bytes at ram:00040048 (DecompileCallback)  
WARN  Decompiling ram:00006cb0: Unable to read bytes at ram:0004004c (DecompileCallback)  
WARN  Decompiling ram:00006cb0: Unable to read bytes at ram:00040058 (DecompileCallback)  
WARN  Decompiling ram:00006cb0: Unable to read bytes at ram:00040058 (DecompileCallback)  
WARN  Decompiling ram:00006cb0: Unable to read bytes at ram:00040058 (DecompileCallback)  
WARN  Decompiling ram:00006cb0: Unable to read bytes at ram:00040058 (DecompileCallback)  
WARN  Decompiling ram:00006cb0: Unable to read bytes at ram:00040058 (DecompileCallback)  
WARN  Decompiling ram:00006cb0: Unable to read bytes at ram:00040058 (DecompileCallback)  
WARN  Decompiling ram:00006cb0: Unable to read bytes at ram:00040058 (DecompileCallback)  
WARN  Decompiling ram:00006cb0: Unable to read bytes at ram:00040068 (DecompileCallback)  
WARN  Decompiling ram:00006cb0: Unable to read bytes at ram:0004006c (DecompileCallback)  
WARN  Decompiling ram:00006cb0: Unable to read bytes at ram:00040174 (DecompileCallback)  
WARN  Decompiling ram:00006cb0: Unable to read bytes at ram:0004017c (DecompileCallback)  
WARN  Decompiling ram:00006cb0: Unable to read bytes at ram:000401a4 (DecompileCallback)  
WARN  Decompiling ram:00006cb0: Unable to read bytes at ram:000401a8 (DecompileCallback)  
WARN  Decompiling ram:00006cb0: Unable to read bytes at ram:0004003c (DecompileCallback)  
WARN  Decompiling ram:00006cb0: Unable to read bytes at ram:00040048 (DecompileCallback)  
WARN  Decompiling ram:00006cb0: Unable to read bytes at ram:0004004c (DecompileCallback)  
WARN  Decompiling ram:00006cb0: Unable to read bytes at ram:00040058 (DecompileCallback)  
WARN  Decompiling ram:00006cb0: Unable to read bytes at ram:00040068 (DecompileCallback)  
WARN  Decompiling ram:00006cb0: Unable to read bytes at ram:0004006c (DecompileCallback)  
WARN  Decompiling ram:00006cb0: Unable to read bytes at ram:00040174 (DecompileCallback)  
WARN  Decompiling ram:00006cb0: Unable to read bytes at ram:0004017c (DecompileCallback)  
WARN  Decompiling ram:00006cb0: Unable to read bytes at ram:000401a4 (DecompileCallback)  
WARN  Decompiling ram:00006cb0: Unable to read bytes at ram:000401a8 (DecompileCallback)  
WARN  Decompiling ram:00006f6c: Unable to read bytes at ram:0004004c (DecompileCallback)  
WARN  Decompiling ram:00006f6c: Unable to read bytes at ram:00040128 (DecompileCallback)  
WARN  Decompiling ram:00006f6c: Unable to read bytes at ram:0004012c (DecompileCallback)  
WARN  Decompiling ram:00006f6c: Unable to read bytes at ram:0004004c (DecompileCallback)  
WARN  Decompiling ram:00006f6c: Unable to read bytes at ram:00040128 (DecompileCallback)  
WARN  Decompiling ram:00006f6c: Unable to read bytes at ram:0004012c (DecompileCallback)  
WARN  Decompiling ram:00006ff6: Unable to read bytes at ram:0004004c (DecompileCallback)  
WARN  Decompiling ram:00006ff6: Unable to read bytes at ram:00040128 (DecompileCallback)  
WARN  Decompiling ram:00006ff6: Unable to read bytes at ram:0004012c (DecompileCallback)  
WARN  Decompiling ram:00006ff6: Unable to read bytes at ram:0004004c (DecompileCallback)  
WARN  Decompiling ram:00006ff6: Unable to read bytes at ram:00040128 (DecompileCallback)  
WARN  Decompiling ram:00006ff6: Unable to read bytes at ram:0004012c (DecompileCallback)  
WARN  Decompiling ram:00007080: Unable to read bytes at ram:00040174 (DecompileCallback)  
WARN  Decompiling ram:00007080: Unable to read bytes at ram:00040174 (DecompileCallback)  
WARN  Decompiling ram:000070e6: Unable to read bytes at ram:0004004c (DecompileCallback)  
WARN  Decompiling ram:000070e6: Unable to read bytes at ram:0004004c (DecompileCallback)  
WARN  Decompiling ram:00007106: Unable to read bytes at ram:00040058 (DecompileCallback)  
WARN  Decompiling ram:00007106: Unable to read bytes at ram:00040174 (DecompileCallback)  
WARN  Decompiling ram:00007106: Unable to read bytes at ram:00040178 (DecompileCallback)  
WARN  Decompiling ram:00007106: Unable to read bytes at ram:0004017c (DecompileCallback)  
WARN  Decompiling ram:00007106: Unable to read bytes at ram:00040058 (DecompileCallback)  
WARN  Decompiling ram:00007106: Unable to read bytes at ram:00040174 (DecompileCallback)  
WARN  Decompiling ram:00007106: Unable to read bytes at ram:00040178 (DecompileCallback)  
WARN  Decompiling ram:00007106: Unable to read bytes at ram:0004017c (DecompileCallback)  
WARN  Decompiling ram:000072e0: Unable to read bytes at ram:00040050 (DecompileCallback)  
WARN  Decompiling ram:000072e0: Unable to read bytes at ram:00040080 (DecompileCallback)  
WARN  Decompiling ram:000072e0: Unable to read bytes at ram:00040134 (DecompileCallback)  
WARN  Decompiling ram:000072e0: Unable to read bytes at ram:00040150 (DecompileCallback)  
WARN  Decompiling ram:000072e0: Unable to read bytes at ram:00040154 (DecompileCallback)  
WARN  Decompiling ram:000072e0: Unable to read bytes at ram:00040154 (DecompileCallback)  
WARN  Decompiling ram:000072e0: Unable to read bytes at ram:00040154 (DecompileCallback)  
WARN  Decompiling ram:000072e0: Unable to read bytes at ram:00040168 (DecompileCallback)  
WARN  Decompiling ram:000072e0: Unable to read bytes at ram:00040168 (DecompileCallback)  
WARN  Decompiling ram:000072e0: Unable to read bytes at ram:00040168 (DecompileCallback)  
WARN  Decompiling ram:000072e0: Unable to read bytes at ram:00040168 (DecompileCallback)  
WARN  Decompiling ram:000072e0: Unable to read bytes at ram:00040168 (DecompileCallback)  
WARN  Decompiling ram:000072e0: Unable to read bytes at ram:00040174 (DecompileCallback)  
WARN  Decompiling ram:000072e0: Unable to read bytes at ram:00040174 (DecompileCallback)  
WARN  Decompiling ram:000072e0: Unable to read bytes at ram:00040174 (DecompileCallback)  
WARN  Decompiling ram:000072e0: Unable to read bytes at ram:00040174 (DecompileCallback)  
WARN  Decompiling ram:000072e0: Unable to read bytes at ram:00040174 (DecompileCallback)  
WARN  Decompiling ram:000072e0: Unable to read bytes at ram:000401dc (DecompileCallback)  
WARN  Decompiling ram:000072e0: Unable to read bytes at ram:00040050 (DecompileCallback)  
WARN  Decompiling ram:000072e0: Unable to read bytes at ram:00040080 (DecompileCallback)  
WARN  Decompiling ram:000072e0: Unable to read bytes at ram:00040134 (DecompileCallback)  
WARN  Decompiling ram:000072e0: Unable to read bytes at ram:00040150 (DecompileCallback)  
WARN  Decompiling ram:000072e0: Unable to read bytes at ram:00040154 (DecompileCallback)  
WARN  Decompiling ram:000072e0: Unable to read bytes at ram:00040168 (DecompileCallback)  
WARN  Decompiling ram:000072e0: Unable to read bytes at ram:00040174 (DecompileCallback)  
WARN  Decompiling ram:000072e0: Unable to read bytes at ram:000401dc (DecompileCallback)  
WARN  Decompiling ram:000074d2: Unable to read bytes at ram:0004003c (DecompileCallback)  
WARN  Decompiling ram:000074d2: Unable to read bytes at ram:00040048 (DecompileCallback)  
WARN  Decompiling ram:000074d2: Unable to read bytes at ram:0004004c (DecompileCallback)  
WARN  Decompiling ram:000074d2: Unable to read bytes at ram:0004003c (DecompileCallback)  
WARN  Decompiling ram:000074d2: Unable to read bytes at ram:00040048 (DecompileCallback)  
WARN  Decompiling ram:000074d2: Unable to read bytes at ram:0004004c (DecompileCallback)  
WARN  Decompiling ram:00007532: Unable to read bytes at ram:0004004c (DecompileCallback)  
WARN  Decompiling ram:00007532: Unable to read bytes at ram:00040174 (DecompileCallback)  
WARN  Decompiling ram:00007532: Unable to read bytes at ram:0004004c (DecompileCallback)  
WARN  Decompiling ram:00007532: Unable to read bytes at ram:00040174 (DecompileCallback)  
WARN  Decompiling ram:00007532: Unable to read bytes at ram:00040174 (DecompileCallback)  
WARN  Decompiling ram:00007532: Unable to read bytes at ram:0004004c (DecompileCallback)  
WARN  Decompiling ram:00007532: Unable to read bytes at ram:00040174 (DecompileCallback)  
WARN  Decompiling ram:00007532: Unable to read bytes at ram:0004004c (DecompileCallback)  
WARN  Decompiling ram:00007532: Unable to read bytes at ram:00040174 (DecompileCallback)  
WARN  Decompiling ram:00007568: Unable to read bytes at ram:0004004c (DecompileCallback)  
WARN  Decompiling ram:00007568: Unable to read bytes at ram:00040174 (DecompileCallback)  
WARN  Decompiling ram:00007568: Unable to read bytes at ram:0004004c (DecompileCallback)  
WARN  Decompiling ram:00007568: Unable to read bytes at ram:00040174 (DecompileCallback)  
WARN  Decompiling ram:00007568: Unable to read bytes at ram:0004004c (DecompileCallback)  
WARN  Decompiling ram:00007568: Unable to read bytes at ram:00040174 (DecompileCallback)  
WARN  Decompiling ram:00007568: Unable to read bytes at ram:0004004c (DecompileCallback)  
WARN  Decompiling ram:00007568: Unable to read bytes at ram:00040174 (DecompileCallback)  
WARN  Decompiling ram:00007618: Unable to read bytes at ram:0004003c (DecompileCallback)  
WARN  Decompiling ram:00007618: Unable to read bytes at ram:00040048 (DecompileCallback)  
WARN  Decompiling ram:00007618: Unable to read bytes at ram:0004003c (DecompileCallback)  
WARN  Decompiling ram:00007618: Unable to read bytes at ram:00040048 (DecompileCallback)  
WARN  Decompiling ram:00007696: Unable to read bytes at ram:0004004c (DecompileCallback)  
WARN  Decompiling ram:00007696: Unable to read bytes at ram:0004004c (DecompileCallback)  
WARN  Decompiling ram:00007696: Unable to read bytes at ram:0004004c (DecompileCallback)  
WARN  Decompiling ram:00007696: Unable to read bytes at ram:0004004c (DecompileCallback)  
WARN  Decompiling ram:00007696: Unable to read bytes at ram:0004004c (DecompileCallback)  
WARN  Decompiling ram:00007696: Unable to read bytes at ram:0004004c (DecompileCallback)  
WARN  Decompiling ram:0000773c: Unable to read bytes at ram:0004003c (DecompileCallback)  
WARN  Decompiling ram:0000773c: Unable to read bytes at ram:0004003c (DecompileCallback)  
WARN  Decompiling ram:00007794: Unable to read bytes at ram:000401a0 (DecompileCallback)  
WARN  Decompiling ram:00007794: Unable to read bytes at ram:000401ac (DecompileCallback)  
WARN  Decompiling ram:00007794: Unable to read bytes at ram:000401a0 (DecompileCallback)  
WARN  Decompiling ram:00007794: Unable to read bytes at ram:000401ac (DecompileCallback)  
WARN  Decompiling ram:00007c92: Unable to read bytes at ram:00000000 (DecompileCallback)  
WARN  Decompiling ram:2000262a: Unable to read bytes at csreg:0341 (DecompileCallback)  
WARN  Decompiling ram:20002644: Unable to read bytes at csreg:0341 (DecompileCallback)  
WARN  Decompiling ram:200026fc: Unable to read bytes at csreg:0341 (DecompileCallback)  
WARN  Decompiling ram:2000271a: Unable to read bytes at csreg:0341 (DecompileCallback)  
WARN  Decompiling ram:20002746: Unable to read bytes at csreg:0341 (DecompileCallback)  
WARN  Decompiling ram:20002746: Unable to read bytes at csreg:0341 (DecompileCallback)  
WARN  Decompiling ram:20002772: Unable to read bytes at csreg:0341 (DecompileCallback)  
WARN  Decompiling ram:2000277e: Unable to read bytes at csreg:0341 (DecompileCallback)  
WARN  Decompiling ram:2000277e: Unable to read bytes at csreg:0341 (DecompileCallback)  
WARN  Decompiling ram:200027fe: Unable to read bytes at csreg:0341 (DecompileCallback)  
INFO  REPORT: Execute script: ApplyNames.java 'ch58x' 'names-merged'  (HeadlessAnalyzer)  
INFO  SCRIPT: /Users/jihlenburg/mp305b-fw-re/recovery-2026-09-30/scripts/ApplyNames.java (HeadlessAnalyzer)  
INFO  ApplyNames.java> APPLIED 149 (GhidraScript)  
INFO  REPORT: Execute script: Export.java 'ch58x' 'exports'  (HeadlessAnalyzer)  
INFO  SCRIPT: /Users/jihlenburg/mp305b-fw-re/recovery-2026-09-30/scripts/Export.java (HeadlessAnalyzer)  
WARN  Decompiling ram:00001c48, pcode error at ram:00040000: Disassembly not permitted within uninitialized memory block (DecompileCallback)  
WARN  Decompiling ram:00001c48: Unable to read bytes at csreg:0341 (DecompileCallback)  
WARN  Decompiling ram:00002ab6: Unable to read bytes at ram:0004004c (DecompileCallback)  
WARN  Decompiling ram:00002ab6: Unable to read bytes at ram:0004004c (DecompileCallback)  
WARN  Decompiling ram:00002ab6: Unable to read bytes at ram:0004004c (DecompileCallback)  
WARN  Decompiling ram:00002b38: Unable to read bytes at ram:00040144 (DecompileCallback)  
WARN  Decompiling ram:00002b38: Unable to read bytes at ram:00040144 (DecompileCallback)  
WARN  Decompiling ram:00002c6a: Unable to read bytes at ram:000400ac (DecompileCallback)  
WARN  Decompiling ram:00002c6a: Unable to read bytes at ram:00040130 (DecompileCallback)  
WARN  Decompiling ram:00002c6a: Unable to read bytes at ram:00040138 (DecompileCallback)  
WARN  Decompiling ram:00002c6a: Unable to read bytes at ram:00040138 (DecompileCallback)  
WARN  Decompiling ram:00002c6a: Unable to read bytes at ram:000400ac (DecompileCallback)  
WARN  Decompiling ram:00002c6a: Unable to read bytes at ram:00040130 (DecompileCallback)  
WARN  Decompiling ram:00002c6a: Unable to read bytes at ram:00040138 (DecompileCallback)  
WARN  Decompiling ram:00002cdc: Unable to read bytes at ram:000400d4 (DecompileCallback)  
WARN  Decompiling ram:00002cdc: Unable to read bytes at ram:0004013c (DecompileCallback)  
WARN  Decompiling ram:00002cdc: Unable to read bytes at ram:000400d4 (DecompileCallback)  
WARN  Decompiling ram:00002cdc: Unable to read bytes at ram:0004013c (DecompileCallback)  
WARN  Decompiling ram:00002cdc: Unable to read bytes at ram:000400d4 (DecompileCallback)  
WARN  Decompiling ram:00002cdc: Unable to read bytes at ram:000400d4 (DecompileCallback)  
WARN  Decompiling ram:00002cdc: Unable to read bytes at ram:0004013c (DecompileCallback)  
WARN  Decompiling ram:00002cdc: Unable to read bytes at ram:000400d4 (DecompileCallback)  
WARN  Decompiling ram:00002cdc: Unable to read bytes at ram:0004013c (DecompileCallback)  
WARN  Decompiling ram:00002d34: Unable to read bytes at ram:000400d4 (DecompileCallback)  
WARN  Decompiling ram:00002d34: Unable to read bytes at ram:0004013c (DecompileCallback)  
WARN  Decompiling ram:00002d34: Unable to read bytes at ram:000400d4 (DecompileCallback)  
WARN  Decompiling ram:00002d34: Unable to read bytes at ram:0004013c (DecompileCallback)  
WARN  Decompiling ram:00002d34: Unable to read bytes at ram:000400d4 (DecompileCallback)  
WARN  Decompiling ram:00002d34: Unable to read bytes at ram:000400d4 (DecompileCallback)  
WARN  Decompiling ram:00002d34: Unable to read bytes at ram:0004013c (DecompileCallback)  
WARN  Decompiling ram:00002d34: Unable to read bytes at ram:000400d4 (DecompileCallback)  
WARN  Decompiling ram:00002d34: Unable to read bytes at ram:0004013c (DecompileCallback)  
WARN  Decompiling ram:00002d8c: Unable to read bytes at ram:0004004c (DecompileCallback)  
WARN  Decompiling ram:00002d8c: Unable to read bytes at ram:0004004c (DecompileCallback)  
WARN  Decompiling ram:00002d8c: Unable to read bytes at ram:0004004c (DecompileCallback)  
WARN  Decompiling ram:00002e28: Unable to read bytes at ram:00040144 (DecompileCallback)  
WARN  Decompiling ram:00002e28: Unable to read bytes at ram:00040144 (DecompileCallback)  
WARN  Decompiling ram:00002e28: Unable to read bytes at ram:00040144 (DecompileCallback)  
WARN  Decompiling ram:00002e28: Unable to read bytes at ram:00040144 (DecompileCallback)  
WARN  Decompiling ram:00002efc: Unable to read bytes at ram:000400ac (DecompileCallback)  
WARN  Decompiling ram:00002efc: Unable to read bytes at ram:00040130 (DecompileCallback)  
WARN  Decompiling ram:00002efc: Unable to read bytes at ram:00040138 (DecompileCallback)  
WARN  Decompiling ram:00002efc: Unable to read bytes at ram:000400ac (DecompileCallback)  
WARN  Decompiling ram:00002efc: Unable to read bytes at ram:00040130 (DecompileCallback)  
WARN  Decompiling ram:00002efc: Unable to read bytes at ram:00040138 (DecompileCallback)  
WARN  Decompiling ram:00002f58: Unable to read bytes at ram:0004004c (DecompileCallback)  
WARN  Decompiling ram:00002f58: Unable to read bytes at ram:0004004c (DecompileCallback)  
WARN  Decompiling ram:00002f58: Unable to read bytes at ram:0004004c (DecompileCallback)  
WARN  Decompiling ram:00002f58: Unable to read bytes at ram:0004004c (DecompileCallback)  
WARN  Decompiling ram:00002f58: Unable to read bytes at ram:0004004c (DecompileCallback)  
WARN  Decompiling ram:00002f58: Unable to read bytes at ram:0004004c (DecompileCallback)  
WARN  Decompiling ram:00002f58: Unable to read bytes at ram:0004004c (DecompileCallback)  
WARN  Decompiling ram:00002f58: Unable to read bytes at ram:0004004c (DecompileCallback)  
WARN  Decompiling ram:00002f58: Unable to read bytes at ram:0004004c (DecompileCallback)  
WARN  Decompiling ram:00002f58: Unable to read bytes at ram:0004004c (DecompileCallback)  
WARN  Decompiling ram:00003126: Unable to read bytes at ram:00040130 (DecompileCallback)  
WARN  Decompiling ram:00003126: Unable to read bytes at ram:00040130 (DecompileCallback)  
WARN  Decompiling ram:00003126: Unable to read bytes at ram:00040130 (DecompileCallback)  
WARN  Decompiling ram:00003126: Unable to read bytes at ram:00040130 (DecompileCallback)  
WARN  Decompiling ram:0000322a: Unable to read bytes at ram:00040058 (DecompileCallback)  
WARN  Decompiling ram:0000322a: Unable to read bytes at ram:00040058 (DecompileCallback)  
WARN  Decompiling ram:0000322a: Unable to read bytes at ram:00040068 (DecompileCallback)  
WARN  Decompiling ram:0000322a: Unable to read bytes at ram:0004006c (DecompileCallback)  
WARN  Decompiling ram:0000322a: Unable to read bytes at ram:000401ec (DecompileCallback)  
WARN  Decompiling ram:0000322a: Unable to read bytes at ram:00040058 (DecompileCallback)  
WARN  Decompiling ram:0000322a: Unable to read bytes at ram:00040068 (DecompileCallback)  
WARN  Decompiling ram:0000322a: Unable to read bytes at ram:0004006c (DecompileCallback)  
WARN  Decompiling ram:0000322a: Unable to read bytes at ram:000401ec (DecompileCallback)  
WARN  Decompiling ram:000032b6: Unable to read bytes at ram:00040034 (DecompileCallback)  
WARN  Decompiling ram:000032b6: Unable to read bytes at ram:0004003c (DecompileCallback)  
WARN  Decompiling ram:000032b6: Unable to read bytes at ram:00040048 (DecompileCallback)  
WARN  Decompiling ram:000032b6: Unable to read bytes at ram:000400a4 (DecompileCallback)  
WARN  Decompiling ram:000032b6: Unable to read bytes at ram:00040034 (DecompileCallback)  
WARN  Decompiling ram:000032b6: Unable to read bytes at ram:0004003c (DecompileCallback)  
WARN  Decompiling ram:000032b6: Unable to read bytes at ram:00040048 (DecompileCallback)  
WARN  Decompiling ram:000032b6: Unable to read bytes at ram:000400a4 (DecompileCallback)  
WARN  Decompiling ram:000033d0: Unable to read bytes at ram:00040058 (DecompileCallback)  
WARN  Decompiling ram:000033d0: Unable to read bytes at ram:00040080 (DecompileCallback)  
WARN  Decompiling ram:000033d0: Unable to read bytes at ram:00040058 (DecompileCallback)  
WARN  Decompiling ram:000033d0: Unable to read bytes at ram:00040080 (DecompileCallback)  
WARN  Decompiling ram:000033d0: Unable to read bytes at ram:00040058 (DecompileCallback)  
WARN  Decompiling ram:000033d0: Unable to read bytes at ram:00040058 (DecompileCallback)  
WARN  Decompiling ram:000033d0: Unable to read bytes at ram:00040080 (DecompileCallback)  
WARN  Decompiling ram:000033d0: Unable to read bytes at ram:00040058 (DecompileCallback)  
WARN  Decompiling ram:000033d0: Unable to read bytes at ram:00040080 (DecompileCallback)  
WARN  Decompiling ram:0000343e: Unable to read bytes at ram:00040074 (DecompileCallback)  
WARN  Decompiling ram:0000343e: Unable to read bytes at ram:00040074 (DecompileCallback)  
WARN  Decompiling ram:0000343e: Unable to read bytes at ram:00040074 (DecompileCallback)  
WARN  Decompiling ram:0000343e: Unable to read bytes at ram:00040074 (DecompileCallback)  
WARN  Decompiling ram:0000343e: Unable to read bytes at ram:00040074 (DecompileCallback)  
WARN  Decompiling ram:00003810: Unable to read bytes at ram:0004004c (DecompileCallback)  
WARN  Decompiling ram:00003810: Unable to read bytes at ram:0004004c (DecompileCallback)  
WARN  Decompiling ram:0000388a: Unable to read bytes at ram:0004003c (DecompileCallback)  
WARN  Decompiling ram:0000388a: Unable to read bytes at ram:0004003c (DecompileCallback)  
WARN  Decompiling ram:0000388a: Unable to read bytes at ram:00040048 (DecompileCallback)  
WARN  Decompiling ram:0000388a: Unable to read bytes at ram:00040048 (DecompileCallback)  
WARN  Decompiling ram:0000388a: Unable to read bytes at ram:0004004c (DecompileCallback)  
WARN  Decompiling ram:0000388a: Unable to read bytes at ram:0004004c (DecompileCallback)  
WARN  Decompiling ram:0000388a: Unable to read bytes at ram:00040174 (DecompileCallback)  
WARN  Decompiling ram:0000388a: Unable to read bytes at ram:00040174 (DecompileCallback)  
WARN  Decompiling ram:0000388a: Unable to read bytes at ram:0004003c (DecompileCallback)  
WARN  Decompiling ram:0000388a: Unable to read bytes at ram:00040048 (DecompileCallback)  
WARN  Decompiling ram:0000388a: Unable to read bytes at ram:0004004c (DecompileCallback)  
WARN  Decompiling ram:0000388a: Unable to read bytes at ram:00040174 (DecompileCallback)  
WARN  Decompiling ram:00003f76: Unable to read bytes at ram:0004017c (DecompileCallback)  
WARN  Decompiling ram:00003f76: Unable to read bytes at ram:0004017c (DecompileCallback)  
WARN  Decompiling ram:00003fac: Unable to read bytes at ram:0004004c (DecompileCallback)  
WARN  Decompiling ram:00003fac: Unable to read bytes at ram:0004004c (DecompileCallback)  
WARN  Decompiling ram:00004074: Unable to read bytes at ram:0004004c (DecompileCallback)  
WARN  Decompiling ram:00004074: Unable to read bytes at ram:0004004c (DecompileCallback)  
WARN  Decompiling ram:000040dc: Unable to read bytes at ram:0004004c (DecompileCallback)  
WARN  Decompiling ram:000040dc: Unable to read bytes at ram:00040178 (DecompileCallback)  
WARN  Decompiling ram:000040dc: Unable to read bytes at ram:0004004c (DecompileCallback)  
WARN  Decompiling ram:000040dc: Unable to read bytes at ram:00040178 (DecompileCallback)  
WARN  Decompiling ram:000042ac: Unable to read bytes at ram:0004003c (DecompileCallback)  
WARN  Decompiling ram:000042ac: Unable to read bytes at ram:0004004c (DecompileCallback)  
WARN  Decompiling ram:000042ac: Unable to read bytes at ram:0004003c (DecompileCallback)  
WARN  Decompiling ram:000042ac: Unable to read bytes at ram:0004004c (DecompileCallback)  
WARN  Decompiling ram:000054fa: Unable to read bytes at ram:0004003c (DecompileCallback)  
WARN  Decompiling ram:000054fa: Unable to read bytes at ram:00040048 (DecompileCallback)  
WARN  Decompiling ram:000054fa: Unable to read bytes at ram:0004003c (DecompileCallback)  
WARN  Decompiling ram:000054fa: Unable to read bytes at ram:00040048 (DecompileCallback)  
WARN  Decompiling ram:000056ce: Unable to read bytes at ram:00040038 (DecompileCallback)  
WARN  Decompiling ram:000056ce: Unable to read bytes at ram:00040170 (DecompileCallback)  
WARN  Decompiling ram:000056ce: Unable to read bytes at ram:00040038 (DecompileCallback)  
WARN  Decompiling ram:000056ce: Unable to read bytes at ram:00040170 (DecompileCallback)  
WARN  Decompiling ram:000056ce: Unable to read bytes at ram:00040170 (DecompileCallback)  
WARN  Decompiling ram:000056ce: Unable to read bytes at ram:00040038 (DecompileCallback)  
WARN  Decompiling ram:000056ce: Unable to read bytes at ram:00040170 (DecompileCallback)  
WARN  Decompiling ram:000056ce: Unable to read bytes at ram:00040038 (DecompileCallback)  
WARN  Decompiling ram:000056ce: Unable to read bytes at ram:00040170 (DecompileCallback)  
WARN  Decompiling ram:00005744: Unable to read bytes at ram:00040050 (DecompileCallback)  
WARN  Decompiling ram:00005744: Unable to read bytes at ram:00040080 (DecompileCallback)  
WARN  Decompiling ram:00005744: Unable to read bytes at ram:000400c4 (DecompileCallback)  
WARN  Decompiling ram:00005744: Unable to read bytes at ram:000400c8 (DecompileCallback)  
WARN  Decompiling ram:00005744: Unable to read bytes at ram:00040134 (DecompileCallback)  
WARN  Decompiling ram:00005744: Unable to read bytes at ram:00040150 (DecompileCallback)  
WARN  Decompiling ram:00005744: Unable to read bytes at ram:00040154 (DecompileCallback)  
WARN  Decompiling ram:00005744: Unable to read bytes at ram:00040154 (DecompileCallback)  
WARN  Decompiling ram:00005744: Unable to read bytes at ram:00040154 (DecompileCallback)  
WARN  Decompiling ram:00005744: Unable to read bytes at ram:00040154 (DecompileCallback)  
WARN  Decompiling ram:00005744: Unable to read bytes at ram:00040168 (DecompileCallback)  
WARN  Decompiling ram:00005744: Unable to read bytes at ram:00040168 (DecompileCallback)  
WARN  Decompiling ram:00005744: Unable to read bytes at ram:00040168 (DecompileCallback)  
WARN  Decompiling ram:00005744: Unable to read bytes at ram:00040168 (DecompileCallback)  
WARN  Decompiling ram:00005744: Unable to read bytes at ram:00040168 (DecompileCallback)  
WARN  Decompiling ram:00005744: Unable to read bytes at ram:00040168 (DecompileCallback)  
WARN  Decompiling ram:00005744: Unable to read bytes at ram:0004016c (DecompileCallback)  
WARN  Decompiling ram:00005744: Unable to read bytes at ram:00040050 (DecompileCallback)  
WARN  Decompiling ram:00005744: Unable to read bytes at ram:00040080 (DecompileCallback)  
WARN  Decompiling ram:00005744: Unable to read bytes at ram:000400c4 (DecompileCallback)  
WARN  Decompiling ram:00005744: Unable to read bytes at ram:000400c8 (DecompileCallback)  
WARN  Decompiling ram:00005744: Unable to read bytes at ram:00040134 (DecompileCallback)  
WARN  Decompiling ram:00005744: Unable to read bytes at ram:00040150 (DecompileCallback)  
WARN  Decompiling ram:00005744: Unable to read bytes at ram:00040154 (DecompileCallback)  
WARN  Decompiling ram:00005744: Unable to read bytes at ram:00040168 (DecompileCallback)  
WARN  Decompiling ram:00005744: Unable to read bytes at ram:0004016c (DecompileCallback)  
WARN  Decompiling ram:00005af0: Unable to read bytes at ram:0004003c (DecompileCallback)  
WARN  Decompiling ram:00005af0: Unable to read bytes at ram:0004004c (DecompileCallback)  
WARN  Decompiling ram:00005af0: Unable to read bytes at ram:00040058 (DecompileCallback)  
WARN  Decompiling ram:00005af0: Unable to read bytes at ram:00040058 (DecompileCallback)  
WARN  Decompiling ram:00005af0: Unable to read bytes at ram:00040058 (DecompileCallback)  
WARN  Decompiling ram:00005af0: Unable to read bytes at ram:00040058 (DecompileCallback)  
WARN  Decompiling ram:00005af0: Unable to read bytes at ram:00040058 (DecompileCallback)  
WARN  Decompiling ram:00005af0: Unable to read bytes at ram:00040058 (DecompileCallback)  
WARN  Decompiling ram:00005af0: Unable to read bytes at ram:00040058 (DecompileCallback)  
WARN  Decompiling ram:00005af0: Unable to read bytes at ram:00040058 (DecompileCallback)  
WARN  Decompiling ram:00005af0: Unable to read bytes at ram:00040058 (DecompileCallback)  
WARN  Decompiling ram:00005af0: Unable to read bytes at ram:00040068 (DecompileCallback)  
WARN  Decompiling ram:00005af0: Unable to read bytes at ram:0004006c (DecompileCallback)  
WARN  Decompiling ram:00005af0: Unable to read bytes at ram:000400dc (DecompileCallback)  
WARN  Decompiling ram:00005af0: Unable to read bytes at ram:000400e8 (DecompileCallback)  
WARN  Decompiling ram:00005af0: Unable to read bytes at ram:000400f4 (DecompileCallback)  
WARN  Decompiling ram:00005af0: Unable to read bytes at ram:000400f4 (DecompileCallback)  
WARN  Decompiling ram:00005af0: Unable to read bytes at ram:0004010c (DecompileCallback)  
WARN  Decompiling ram:00005af0: Unable to read bytes at ram:0004010c (DecompileCallback)  
WARN  Decompiling ram:00005af0: Unable to read bytes at ram:00040128 (DecompileCallback)  
WARN  Decompiling ram:00005af0: Unable to read bytes at ram:00040128 (DecompileCallback)  
WARN  Decompiling ram:00005af0: Unable to read bytes at ram:0004012c (DecompileCallback)  
WARN  Decompiling ram:00005af0: Unable to read bytes at ram:0004012c (DecompileCallback)  
WARN  Decompiling ram:00005af0: Unable to read bytes at ram:0004012c (DecompileCallback)  
WARN  Decompiling ram:00005af0: Unable to read bytes at ram:0004012c (DecompileCallback)  
WARN  Decompiling ram:00005af0: Unable to read bytes at ram:0004017c (DecompileCallback)  
WARN  Decompiling ram:00005af0: Unable to read bytes at ram:00040180 (DecompileCallback)  
WARN  Decompiling ram:00005af0: Unable to read bytes at ram:00040184 (DecompileCallback)  
WARN  Decompiling ram:00005af0: Unable to read bytes at ram:000401b0 (DecompileCallback)  
WARN  Decompiling ram:00005af0: Unable to read bytes at ram:0004003c (DecompileCallback)  
WARN  Decompiling ram:00005af0: Unable to read bytes at ram:0004004c (DecompileCallback)  
WARN  Decompiling ram:00005af0: Unable to read bytes at ram:00040058 (DecompileCallback)  
WARN  Decompiling ram:00005af0: Unable to read bytes at ram:00040068 (DecompileCallback)  
WARN  Decompiling ram:00005af0: Unable to read bytes at ram:0004006c (DecompileCallback)  
WARN  Decompiling ram:00005af0: Unable to read bytes at ram:000400dc (DecompileCallback)  
WARN  Decompiling ram:00005af0: Unable to read bytes at ram:000400e8 (DecompileCallback)  
WARN  Decompiling ram:00005af0: Unable to read bytes at ram:000400f4 (DecompileCallback)  
WARN  Decompiling ram:00005af0: Unable to read bytes at ram:0004010c (DecompileCallback)  
WARN  Decompiling ram:00005af0: Unable to read bytes at ram:00040128 (DecompileCallback)  
WARN  Decompiling ram:00005af0: Unable to read bytes at ram:0004012c (DecompileCallback)  
WARN  Decompiling ram:00005af0: Unable to read bytes at ram:0004017c (DecompileCallback)  
WARN  Decompiling ram:00005af0: Unable to read bytes at ram:00040180 (DecompileCallback)  
WARN  Decompiling ram:00005af0: Unable to read bytes at ram:00040184 (DecompileCallback)  
WARN  Decompiling ram:00005af0: Unable to read bytes at ram:000401b0 (DecompileCallback)  
WARN  Decompiling ram:000065a0: Unable to read bytes at ram:0004003c (DecompileCallback)  
WARN  Decompiling ram:000065a0: Unable to read bytes at ram:0004003c (DecompileCallback)  
WARN  Decompiling ram:000065a0: Unable to read bytes at ram:0004003c (DecompileCallback)  
WARN  Decompiling ram:000065a0: Unable to read bytes at ram:0004003c (DecompileCallback)  
WARN  Decompiling ram:000065a0: Unable to read bytes at ram:0004003c (DecompileCallback)  
WARN  Decompiling ram:0000685a: Unable to read bytes at ram:0004003c (DecompileCallback)  
WARN  Decompiling ram:0000685a: Unable to read bytes at ram:0004003c (DecompileCallback)  
WARN  Decompiling ram:0000698c: Unable to read bytes at ram:0004003c (DecompileCallback)  
WARN  Decompiling ram:0000698c: Unable to read bytes at ram:0004003c (DecompileCallback)  
WARN  Decompiling ram:0000698c: Unable to read bytes at ram:0004004c (DecompileCallback)  
WARN  Decompiling ram:0000698c: Unable to read bytes at ram:00040058 (DecompileCallback)  
WARN  Decompiling ram:0000698c: Unable to read bytes at ram:00040058 (DecompileCallback)  
WARN  Decompiling ram:0000698c: Unable to read bytes at ram:00040058 (DecompileCallback)  
WARN  Decompiling ram:0000698c: Unable to read bytes at ram:00040058 (DecompileCallback)  
WARN  Decompiling ram:0000698c: Unable to read bytes at ram:0004005c (DecompileCallback)  
WARN  Decompiling ram:0000698c: Unable to read bytes at ram:0004005c (DecompileCallback)  
WARN  Decompiling ram:0000698c: Unable to read bytes at ram:0004005c (DecompileCallback)  
WARN  Decompiling ram:0000698c: Unable to read bytes at ram:000400d8 (DecompileCallback)  
WARN  Decompiling ram:0000698c: Unable to read bytes at ram:000401b4 (DecompileCallback)  
WARN  Decompiling ram:0000698c: Unable to read bytes at ram:000401b4 (DecompileCallback)  
WARN  Decompiling ram:0000698c: Unable to read bytes at ram:000401b4 (DecompileCallback)  
WARN  Decompiling ram:0000698c: Unable to read bytes at ram:000401bc (DecompileCallback)  
WARN  Decompiling ram:0000698c: Unable to read bytes at ram:0004003c (DecompileCallback)  
WARN  Decompiling ram:0000698c: Unable to read bytes at ram:0004004c (DecompileCallback)  
WARN  Decompiling ram:0000698c: Unable to read bytes at ram:00040058 (DecompileCallback)  
WARN  Decompiling ram:0000698c: Unable to read bytes at ram:0004005c (DecompileCallback)  
WARN  Decompiling ram:0000698c: Unable to read bytes at ram:000400d8 (DecompileCallback)  
WARN  Decompiling ram:0000698c: Unable to read bytes at ram:000401b4 (DecompileCallback)  
WARN  Decompiling ram:0000698c: Unable to read bytes at ram:000401bc (DecompileCallback)  
WARN  Decompiling ram:00006cb0: Unable to read bytes at ram:0004003c (DecompileCallback)  
WARN  Decompiling ram:00006cb0: Unable to read bytes at ram:00040048 (DecompileCallback)  
WARN  Decompiling ram:00006cb0: Unable to read bytes at ram:0004004c (DecompileCallback)  
WARN  Decompiling ram:00006cb0: Unable to read bytes at ram:00040058 (DecompileCallback)  
WARN  Decompiling ram:00006cb0: Unable to read bytes at ram:00040058 (DecompileCallback)  
WARN  Decompiling ram:00006cb0: Unable to read bytes at ram:00040058 (DecompileCallback)  
WARN  Decompiling ram:00006cb0: Unable to read bytes at ram:00040058 (DecompileCallback)  
WARN  Decompiling ram:00006cb0: Unable to read bytes at ram:00040058 (DecompileCallback)  
WARN  Decompiling ram:00006cb0: Unable to read bytes at ram:00040058 (DecompileCallback)  
WARN  Decompiling ram:00006cb0: Unable to read bytes at ram:00040058 (DecompileCallback)  
WARN  Decompiling ram:00006cb0: Unable to read bytes at ram:00040068 (DecompileCallback)  
WARN  Decompiling ram:00006cb0: Unable to read bytes at ram:0004006c (DecompileCallback)  
WARN  Decompiling ram:00006cb0: Unable to read bytes at ram:00040174 (DecompileCallback)  
WARN  Decompiling ram:00006cb0: Unable to read bytes at ram:0004017c (DecompileCallback)  
WARN  Decompiling ram:00006cb0: Unable to read bytes at ram:000401a4 (DecompileCallback)  
WARN  Decompiling ram:00006cb0: Unable to read bytes at ram:000401a8 (DecompileCallback)  
WARN  Decompiling ram:00006cb0: Unable to read bytes at ram:0004003c (DecompileCallback)  
WARN  Decompiling ram:00006cb0: Unable to read bytes at ram:00040048 (DecompileCallback)  
WARN  Decompiling ram:00006cb0: Unable to read bytes at ram:0004004c (DecompileCallback)  
WARN  Decompiling ram:00006cb0: Unable to read bytes at ram:00040058 (DecompileCallback)  
WARN  Decompiling ram:00006cb0: Unable to read bytes at ram:00040068 (DecompileCallback)  
WARN  Decompiling ram:00006cb0: Unable to read bytes at ram:0004006c (DecompileCallback)  
WARN  Decompiling ram:00006cb0: Unable to read bytes at ram:00040174 (DecompileCallback)  
WARN  Decompiling ram:00006cb0: Unable to read bytes at ram:0004017c (DecompileCallback)  
WARN  Decompiling ram:00006cb0: Unable to read bytes at ram:000401a4 (DecompileCallback)  
WARN  Decompiling ram:00006cb0: Unable to read bytes at ram:000401a8 (DecompileCallback)  
WARN  Decompiling ram:00006f6c: Unable to read bytes at ram:0004004c (DecompileCallback)  
WARN  Decompiling ram:00006f6c: Unable to read bytes at ram:00040128 (DecompileCallback)  
WARN  Decompiling ram:00006f6c: Unable to read bytes at ram:0004012c (DecompileCallback)  
WARN  Decompiling ram:00006f6c: Unable to read bytes at ram:0004004c (DecompileCallback)  
WARN  Decompiling ram:00006f6c: Unable to read bytes at ram:00040128 (DecompileCallback)  
WARN  Decompiling ram:00006f6c: Unable to read bytes at ram:0004012c (DecompileCallback)  
WARN  Decompiling ram:00006ff6: Unable to read bytes at ram:0004004c (DecompileCallback)  
WARN  Decompiling ram:00006ff6: Unable to read bytes at ram:00040128 (DecompileCallback)  
WARN  Decompiling ram:00006ff6: Unable to read bytes at ram:0004012c (DecompileCallback)  
WARN  Decompiling ram:00006ff6: Unable to read bytes at ram:0004004c (DecompileCallback)  
WARN  Decompiling ram:00006ff6: Unable to read bytes at ram:00040128 (DecompileCallback)  
WARN  Decompiling ram:00006ff6: Unable to read bytes at ram:0004012c (DecompileCallback)  
WARN  Decompiling ram:00007080: Unable to read bytes at ram:00040174 (DecompileCallback)  
WARN  Decompiling ram:00007080: Unable to read bytes at ram:00040174 (DecompileCallback)  
WARN  Decompiling ram:000070e6: Unable to read bytes at ram:0004004c (DecompileCallback)  
WARN  Decompiling ram:000070e6: Unable to read bytes at ram:0004004c (DecompileCallback)  
WARN  Decompiling ram:00007106: Unable to read bytes at ram:00040058 (DecompileCallback)  
WARN  Decompiling ram:00007106: Unable to read bytes at ram:00040174 (DecompileCallback)  
WARN  Decompiling ram:00007106: Unable to read bytes at ram:00040178 (DecompileCallback)  
WARN  Decompiling ram:00007106: Unable to read bytes at ram:0004017c (DecompileCallback)  
WARN  Decompiling ram:00007106: Unable to read bytes at ram:00040058 (DecompileCallback)  
WARN  Decompiling ram:00007106: Unable to read bytes at ram:00040174 (DecompileCallback)  
WARN  Decompiling ram:00007106: Unable to read bytes at ram:00040178 (DecompileCallback)  
WARN  Decompiling ram:00007106: Unable to read bytes at ram:0004017c (DecompileCallback)  
WARN  Decompiling ram:000072e0: Unable to read bytes at ram:00040050 (DecompileCallback)  
WARN  Decompiling ram:000072e0: Unable to read bytes at ram:00040080 (DecompileCallback)  
WARN  Decompiling ram:000072e0: Unable to read bytes at ram:00040134 (DecompileCallback)  
WARN  Decompiling ram:000072e0: Unable to read bytes at ram:00040150 (DecompileCallback)  
WARN  Decompiling ram:000072e0: Unable to read bytes at ram:00040154 (DecompileCallback)  
WARN  Decompiling ram:000072e0: Unable to read bytes at ram:00040154 (DecompileCallback)  
WARN  Decompiling ram:000072e0: Unable to read bytes at ram:00040154 (DecompileCallback)  
WARN  Decompiling ram:000072e0: Unable to read bytes at ram:00040168 (DecompileCallback)  
WARN  Decompiling ram:000072e0: Unable to read bytes at ram:00040168 (DecompileCallback)  
WARN  Decompiling ram:000072e0: Unable to read bytes at ram:00040168 (DecompileCallback)  
WARN  Decompiling ram:000072e0: Unable to read bytes at ram:00040168 (DecompileCallback)  
WARN  Decompiling ram:000072e0: Unable to read bytes at ram:00040168 (DecompileCallback)  
WARN  Decompiling ram:000072e0: Unable to read bytes at ram:00040174 (DecompileCallback)  
WARN  Decompiling ram:000072e0: Unable to read bytes at ram:00040174 (DecompileCallback)  
WARN  Decompiling ram:000072e0: Unable to read bytes at ram:00040174 (DecompileCallback)  
WARN  Decompiling ram:000072e0: Unable to read bytes at ram:00040174 (DecompileCallback)  
WARN  Decompiling ram:000072e0: Unable to read bytes at ram:00040174 (DecompileCallback)  
WARN  Decompiling ram:000072e0: Unable to read bytes at ram:000401dc (DecompileCallback)  
WARN  Decompiling ram:000072e0: Unable to read bytes at ram:00040050 (DecompileCallback)  
WARN  Decompiling ram:000072e0: Unable to read bytes at ram:00040080 (DecompileCallback)  
WARN  Decompiling ram:000072e0: Unable to read bytes at ram:00040134 (DecompileCallback)  
WARN  Decompiling ram:000072e0: Unable to read bytes at ram:00040150 (DecompileCallback)  
WARN  Decompiling ram:000072e0: Unable to read bytes at ram:00040154 (DecompileCallback)  
WARN  Decompiling ram:000072e0: Unable to read bytes at ram:00040168 (DecompileCallback)  
WARN  Decompiling ram:000072e0: Unable to read bytes at ram:00040174 (DecompileCallback)  
WARN  Decompiling ram:000072e0: Unable to read bytes at ram:000401dc (DecompileCallback)  
WARN  Decompiling ram:000074d2: Unable to read bytes at ram:0004003c (DecompileCallback)  
WARN  Decompiling ram:000074d2: Unable to read bytes at ram:00040048 (DecompileCallback)  
WARN  Decompiling ram:000074d2: Unable to read bytes at ram:0004004c (DecompileCallback)  
WARN  Decompiling ram:000074d2: Unable to read bytes at ram:0004003c (DecompileCallback)  
WARN  Decompiling ram:000074d2: Unable to read bytes at ram:00040048 (DecompileCallback)  
WARN  Decompiling ram:000074d2: Unable to read bytes at ram:0004004c (DecompileCallback)  
WARN  Decompiling ram:00007532: Unable to read bytes at ram:0004004c (DecompileCallback)  
WARN  Decompiling ram:00007532: Unable to read bytes at ram:00040174 (DecompileCallback)  
WARN  Decompiling ram:00007532: Unable to read bytes at ram:0004004c (DecompileCallback)  
WARN  Decompiling ram:00007532: Unable to read bytes at ram:00040174 (DecompileCallback)  
WARN  Decompiling ram:00007532: Unable to read bytes at ram:00040174 (DecompileCallback)  
WARN  Decompiling ram:00007532: Unable to read bytes at ram:0004004c (DecompileCallback)  
WARN  Decompiling ram:00007532: Unable to read bytes at ram:00040174 (DecompileCallback)  
WARN  Decompiling ram:00007532: Unable to read bytes at ram:0004004c (DecompileCallback)  
WARN  Decompiling ram:00007532: Unable to read bytes at ram:00040174 (DecompileCallback)  
WARN  Decompiling ram:00007568: Unable to read bytes at ram:0004004c (DecompileCallback)  
WARN  Decompiling ram:00007568: Unable to read bytes at ram:00040174 (DecompileCallback)  
WARN  Decompiling ram:00007568: Unable to read bytes at ram:0004004c (DecompileCallback)  
WARN  Decompiling ram:00007568: Unable to read bytes at ram:00040174 (DecompileCallback)  
WARN  Decompiling ram:00007568: Unable to read bytes at ram:0004004c (DecompileCallback)  
WARN  Decompiling ram:00007568: Unable to read bytes at ram:00040174 (DecompileCallback)  
WARN  Decompiling ram:00007568: Unable to read bytes at ram:0004004c (DecompileCallback)  
WARN  Decompiling ram:00007568: Unable to read bytes at ram:00040174 (DecompileCallback)  
WARN  Decompiling ram:00007618: Unable to read bytes at ram:0004003c (DecompileCallback)  
WARN  Decompiling ram:00007618: Unable to read bytes at ram:00040048 (DecompileCallback)  
WARN  Decompiling ram:00007618: Unable to read bytes at ram:0004003c (DecompileCallback)  
WARN  Decompiling ram:00007618: Unable to read bytes at ram:00040048 (DecompileCallback)  
WARN  Decompiling ram:00007696: Unable to read bytes at ram:0004004c (DecompileCallback)  
WARN  Decompiling ram:00007696: Unable to read bytes at ram:0004004c (DecompileCallback)  
WARN  Decompiling ram:00007696: Unable to read bytes at ram:0004004c (DecompileCallback)  
WARN  Decompiling ram:00007696: Unable to read bytes at ram:0004004c (DecompileCallback)  
WARN  Decompiling ram:00007696: Unable to read bytes at ram:0004004c (DecompileCallback)  
WARN  Decompiling ram:00007696: Unable to read bytes at ram:0004004c (DecompileCallback)  
WARN  Decompiling ram:0000773c: Unable to read bytes at ram:0004003c (DecompileCallback)  
WARN  Decompiling ram:0000773c: Unable to read bytes at ram:0004003c (DecompileCallback)  
WARN  Decompiling ram:00007794: Unable to read bytes at ram:000401a0 (DecompileCallback)  
WARN  Decompiling ram:00007794: Unable to read bytes at ram:000401ac (DecompileCallback)  
WARN  Decompiling ram:00007794: Unable to read bytes at ram:000401a0 (DecompileCallback)  
WARN  Decompiling ram:00007794: Unable to read bytes at ram:000401ac (DecompileCallback)  
WARN  Decompiling ram:00007c92: Unable to read bytes at ram:00000000 (DecompileCallback)  
WARN  Decompiling ram:2000262a: Unable to read bytes at csreg:0341 (DecompileCallback)  
WARN  Decompiling ram:20002644: Unable to read bytes at csreg:0341 (DecompileCallback)  
WARN  Decompiling ram:200026fc: Unable to read bytes at csreg:0341 (DecompileCallback)  
WARN  Decompiling ram:2000271a: Unable to read bytes at csreg:0341 (DecompileCallback)  
WARN  Decompiling ram:20002746: Unable to read bytes at csreg:0341 (DecompileCallback)  
WARN  Decompiling ram:20002746: Unable to read bytes at csreg:0341 (DecompileCallback)  
WARN  Decompiling ram:20002772: Unable to read bytes at csreg:0341 (DecompileCallback)  
WARN  Decompiling ram:2000277e: Unable to read bytes at csreg:0341 (DecompileCallback)  
WARN  Decompiling ram:2000277e: Unable to read bytes at csreg:0341 (DecompileCallback)  
WARN  Decompiling ram:200027fe: Unable to read bytes at csreg:0341 (DecompileCallback)  
INFO  Export.java> EXPORT functions=255 failed=0 (GhidraScript)  
INFO  REPORT: Execute script: ExportRefs.java 'ch58x' 'exports'  (HeadlessAnalyzer)  
INFO  SCRIPT: /Users/jihlenburg/mp305b-fw-re/recovery-2026-09-30/scripts/ExportRefs.java (HeadlessAnalyzer)  
INFO  REPORT: Save succeeded for processed file: /ch58x.bin (HeadlessAnalyzer)  
