commands-c6: completed
commands-c8: completed
commands-reads: completed
commands-misc: completed
commands-e2: completed
commands-e8: completed
commands-prog: completed
commands-ee: completed
commands-pd: completed
commands-chreads: completed
commands-deferred: completed
bridge-t1: completed
bridge-t2: completed
bridge-t3: completed
bridge-t4: completed
bridge-t5: completed
bridge-t6: completed
bridge-t7: completed
bridge-t8: completed
hostlink-encoder: completed
hostlink-decoder: completed
hostlink-dispatch: completed
hostlink-bind: completed
hostlink-boot_sequence: completed
hostlink-timeouts: completed
hostlink-remote: completed
hostlink-link_drop_snapshot: completed
hostlink-pipelining: completed
hostlink-internal_inbound: completed
hostlink-be_from_host: completed
hostlink-c8_sequences: completed
bridge-routes: completed
commands-maint: completed
