openjdk version "21.0.12.1" 2026-08-18
OpenJDK Runtime Environment Homebrew (build 21.0.12.1)
OpenJDK 64-Bit Server VM Homebrew (build 21.0.12.1, mixed mode)
INFO  Using log config file: jar:file:/opt/homebrew/Cellar/ghidra/12.1.3/libexec/Ghidra/Framework/Generic/lib/Generic.jar!/generic.log4j.xml (LoggingInitialization)  
INFO  Using log file: /Users/jihlenburg/Library/ghidra/ghidra_12.1.3_PUBLIC/application.log (LoggingInitialization)  
INFO  Loading user preferences: /Users/jihlenburg/Library/ghidra/ghidra_12.1.3_PUBLIC/preferences (Preferences)  
INFO  Searching for classes... (ClassSearcher)  
INFO  Class search complete (867 ms) (ClassSearcher)  
INFO  Initializing SSL Context (DefaultSSLContextInitializer)  
INFO  Initializing Random Number Generator... (SecureRandomFactory)  
INFO  Random Number Generator initialization complete: NativePRNGNonBlocking (SecureRandomFactory)  
INFO  Trust manager disabled, cacerts have not been set (DefaultTrustManagerFactory)  
INFO  Headless startup complete (2482 ms) (AnalyzeHeadless)  
INFO  Class searcher loaded 211 extension points (114 false positives) (ClassSearcher)  
INFO  HEADLESS Script Paths:
    /opt/homebrew/Cellar/ghidra/12.1.3/libexec/Ghidra/Processors/8051/ghidra_scripts
    /opt/homebrew/Cellar/ghidra/12.1.3/libexec/Ghidra/Debug/Debugger-rmi-trace/ghidra_scripts
    /opt/homebrew/Cellar/ghidra/12.1.3/libexec/Ghidra/Features/FileFormats/ghidra_scripts
    /opt/homebrew/Cellar/ghidra/12.1.3/libexec/Ghidra/Features/Decompiler/ghidra_scripts
    /opt/homebrew/Cellar/ghidra/12.1.3/libexec/Ghidra/Features/PDB/ghidra_scripts
    /opt/homebrew/Cellar/ghidra/12.1.3/libexec/Ghidra/Processors/JVM/ghidra_scripts
    /opt/homebrew/Cellar/ghidra/12.1.3/libexec/Ghidra/Features/SystemEmulation/ghidra_scripts
    /opt/homebrew/Cellar/ghidra/12.1.3/libexec/Ghidra/Processors/PIC/ghidra_scripts
    /opt/homebrew/Cellar/ghidra/12.1.3/libexec/Ghidra/Debug/Debugger/ghidra_scripts
    /opt/homebrew/Cellar/ghidra/12.1.3/libexec/Ghidra/Features/GnuDemangler/ghidra_scripts
    /opt/homebrew/Cellar/ghidra/12.1.3/libexec/Ghidra/Features/MicrosoftCodeAnalyzer/ghidra_scripts
    /opt/homebrew/Cellar/ghidra/12.1.3/libexec/Ghidra/Features/PyGhidra/ghidra_scripts
    /opt/homebrew/Cellar/ghidra/12.1.3/libexec/Ghidra/Features/SwiftDemangler/ghidra_scripts
    /opt/homebrew/Cellar/ghidra/12.1.3/libexec/Ghidra/Features/WildcardAssembler/ghidra_scripts
    /opt/homebrew/Cellar/ghidra/12.1.3/libexec/Ghidra/Features/VersionTracking/ghidra_scripts
    /opt/homebrew/Cellar/ghidra/12.1.3/libexec/Ghidra/Features/BSim/ghidra_scripts
    /opt/homebrew/Cellar/ghidra/12.1.3/libexec/Ghidra/Features/BytePatterns/ghidra_scripts
    /opt/homebrew/Cellar/ghidra/12.1.3/libexec/Ghidra/Processors/Atmel/ghidra_scripts
    /Users/jihlenburg/ghidra_scripts
    /opt/homebrew/Cellar/ghidra/12.1.3/libexec/Ghidra/Features/DecompilerDependent/ghidra_scripts
    /opt/homebrew/Cellar/ghidra/12.1.3/libexec/Ghidra/Processors/DATA/ghidra_scripts
    /opt/homebrew/Cellar/ghidra/12.1.3/libexec/Ghidra/Features/Base/ghidra_scripts
    /opt/homebrew/Cellar/ghidra/12.1.3/libexec/Ghidra/Features/FunctionID/ghidra_scripts
    /Users/jihlenburg/mp305b-fw-re/scripts (HeadlessAnalyzer)  
INFO  HEADLESS: execution starts (HeadlessAnalyzer)  
INFO  Opening existing project: /Users/jihlenburg/mp305b-fw-re/ghidra/mp305b_app (HeadlessAnalyzer)  
INFO  Opening project: /Users/jihlenburg/mp305b-fw-re/ghidra/mp305b_app (HeadlessProject)  
INFO  REPORT: Processing input files:  (HeadlessAnalyzer)  
INFO       project: /Users/jihlenburg/mp305b-fw-re/ghidra/mp305b_app (HeadlessAnalyzer)  
INFO  IMPORTING: file:///Users/jihlenburg/mp305b-fw-re/bin/app.bin (HeadlessAnalyzer)  
INFO  Successfully applied "-loader-baseAddr" to "Base Address" (old: "null", new: "0x10000") (ProgramLoader)  
INFO  Using Loader: Raw Binary (ProgramLoader)  
INFO  Using Language/Compiler: ARM:LE:32:Cortex:default (ProgramLoader)  
INFO  Using Library Search Path: [., /System/Library/dyld/dyld_shared_cache_arm64e, /System/Library/dyld/dyld_shared_cache_x86_64, /System/Library/dyld/dyld_shared_cache_x86_64h, /System/Cryptexes/OS/System/Library/dyld/dyld_shared_cache_arm64e, /System/Cryptexes/OS/System/Library/dyld/dyld_shared_cache_x86_64, /System/Cryptexes/OS/System/Library/dyld/dyld_shared_cache_x86_64h, /Users/jihlenburg/Library/Java/Extensions, /Library/Java/Extensions, /Network/Library/Java/Extensions, /System/Library/Java/Extensions, /usr/lib/java] (ProgramLoader)  
INFO  IMPORTING: Loaded 0 additional files (HeadlessAnalyzer)  
INFO  /app.bin: file deleted (jihlenburg) (LocalFileSystem)  
INFO  Deleted local file app.bin (GhidraFileData)  
WARN  REPORT: Removed conflicting program file from project: /app.bin (HeadlessAnalyzer)  
INFO  REPORT: Execute script: Setup.java  (HeadlessAnalyzer)  
INFO  SCRIPT: /Users/jihlenburg/mp305b-fw-re/scripts/Setup.java (HeadlessAnalyzer)  
INFO  ANALYZING all memory and code: file:///Users/jihlenburg/mp305b-fw-re/bin/app.bin (HeadlessAnalyzer)  
INFO  Packed database cache: /var/tmp/jihlenburg-ghidra/packed-db-cache (PackedDatabaseCache)  
INFO  Applied data type archive: generic_clib (ApplyDataArchiveAnalyzer)  
INFO  -----------------------------------------------------
    ARM Aggressive Instruction Finder          0.020 secs
    ARM Aggressive Instruction Finder - One Time     0.810 secs
    ARM Constant Reference Analyzer            2.932 secs
    ARM Symbol                                 0.010 secs
    ASCII Strings                              0.211 secs
    Apply Data Archives                        0.311 secs
    Call Convention ID                         0.024 secs
    Call-Fixup Installer                       0.021 secs
    Create Address Tables                      0.046 secs
    Create Address Tables - One Time           0.242 secs
    Create Function                            0.334 secs
    Data Reference                             0.299 secs
    Decompiler Parameter ID                    6.128 secs
    Decompiler Switch Analysis                 8.706 secs
    Demangler GNU                              0.386 secs
    Disassemble                                1.251 secs
    Disassemble Entry Points                   0.003 secs
    Embedded Media                             0.012 secs
    External Entry References                  0.000 secs
    Function ID                                0.021 secs
    Function Start Pre Search                  0.017 secs
    Function Start Search                      0.135 secs
    Function Start Search After Code           0.157 secs
    Function Start Search After Data           0.188 secs
    Function Start Search delayed - One Time   0.041 secs
    Non-Returning Functions - Discovered       0.227 secs
    Reference                                  0.928 secs
    Shared Return Calls                        0.115 secs
    Stack                                      2.063 secs
    Subroutine References                      0.908 secs
    Subroutine References - One Time           0.000 secs
-----------------------------------------------------
     Total Time   26 secs
-----------------------------------------------------
 (AutoAnalysisManager)  
INFO  REPORT: Analysis succeeded for file: file:///Users/jihlenburg/mp305b-fw-re/bin/app.bin (HeadlessAnalyzer)  
INFO  REPORT: Execute script: Export.java 'app'  (HeadlessAnalyzer)  
INFO  SCRIPT: /Users/jihlenburg/mp305b-fw-re/scripts/Export.java (HeadlessAnalyzer)  
INFO  Export.java> EXPORT functions=2310 failed=0 (GhidraScript)  
INFO  ANALYZING changes made by post scripts: file:///Users/jihlenburg/mp305b-fw-re/bin/app.bin (HeadlessAnalyzer)  
INFO  REPORT: Post-analysis succeeded for file: file:///Users/jihlenburg/mp305b-fw-re/bin/app.bin (HeadlessAnalyzer)  
INFO  /app.bin: file created (jihlenburg) (LocalFileSystem)  
INFO  REPORT: Save succeeded for: /app.bin (mp305b_app:/app.bin) (HeadlessAnalyzer)  
INFO  REPORT: Import succeeded (HeadlessAnalyzer)  
