openjdk version "21.0.12.1" 2026-08-18
OpenJDK Runtime Environment Homebrew (build 21.0.12.1)
OpenJDK 64-Bit Server VM Homebrew (build 21.0.12.1, mixed mode)
INFO  Using log config file: jar:file:/opt/homebrew/Cellar/ghidra/12.1.3/libexec/Ghidra/Framework/Generic/lib/Generic.jar!/generic.log4j.xml (LoggingInitialization)  
INFO  Using log file: /Users/jihlenburg/Library/ghidra/ghidra_12.1.3_PUBLIC/application.log (LoggingInitialization)  
INFO  Loading user preferences: /Users/jihlenburg/Library/ghidra/ghidra_12.1.3_PUBLIC/preferences (Preferences)  
INFO  Searching for classes... (ClassSearcher)  
INFO  Class search complete (828 ms) (ClassSearcher)  
INFO  Initializing SSL Context (DefaultSSLContextInitializer)  
INFO  Initializing Random Number Generator... (SecureRandomFactory)  
INFO  Random Number Generator initialization complete: NativePRNGNonBlocking (SecureRandomFactory)  
INFO  Trust manager disabled, cacerts have not been set (DefaultTrustManagerFactory)  
INFO  Headless startup complete (2145 ms) (AnalyzeHeadless)  
INFO  Class searcher loaded 211 extension points (114 false positives) (ClassSearcher)  
INFO  HEADLESS Script Paths:
    /opt/homebrew/Cellar/ghidra/12.1.3/libexec/Ghidra/Processors/8051/ghidra_scripts
    /opt/homebrew/Cellar/ghidra/12.1.3/libexec/Ghidra/Debug/Debugger-rmi-trace/ghidra_scripts
    /opt/homebrew/Cellar/ghidra/12.1.3/libexec/Ghidra/Features/FileFormats/ghidra_scripts
    /opt/homebrew/Cellar/ghidra/12.1.3/libexec/Ghidra/Features/Decompiler/ghidra_scripts
    /opt/homebrew/Cellar/ghidra/12.1.3/libexec/Ghidra/Features/PDB/ghidra_scripts
    /opt/homebrew/Cellar/ghidra/12.1.3/libexec/Ghidra/Processors/JVM/ghidra_scripts
    /opt/homebrew/Cellar/ghidra/12.1.3/libexec/Ghidra/Features/SystemEmulation/ghidra_scripts
    /opt/homebrew/Cellar/ghidra/12.1.3/libexec/Ghidra/Processors/PIC/ghidra_scripts
    /opt/homebrew/Cellar/ghidra/12.1.3/libexec/Ghidra/Debug/Debugger/ghidra_scripts
    /opt/homebrew/Cellar/ghidra/12.1.3/libexec/Ghidra/Features/GnuDemangler/ghidra_scripts
    /opt/homebrew/Cellar/ghidra/12.1.3/libexec/Ghidra/Features/MicrosoftCodeAnalyzer/ghidra_scripts
    /opt/homebrew/Cellar/ghidra/12.1.3/libexec/Ghidra/Features/PyGhidra/ghidra_scripts
    /opt/homebrew/Cellar/ghidra/12.1.3/libexec/Ghidra/Features/SwiftDemangler/ghidra_scripts
    /opt/homebrew/Cellar/ghidra/12.1.3/libexec/Ghidra/Features/WildcardAssembler/ghidra_scripts
    /opt/homebrew/Cellar/ghidra/12.1.3/libexec/Ghidra/Features/VersionTracking/ghidra_scripts
    /opt/homebrew/Cellar/ghidra/12.1.3/libexec/Ghidra/Features/BSim/ghidra_scripts
    /opt/homebrew/Cellar/ghidra/12.1.3/libexec/Ghidra/Features/BytePatterns/ghidra_scripts
    /opt/homebrew/Cellar/ghidra/12.1.3/libexec/Ghidra/Processors/Atmel/ghidra_scripts
    /Users/jihlenburg/ghidra_scripts
    /opt/homebrew/Cellar/ghidra/12.1.3/libexec/Ghidra/Features/DecompilerDependent/ghidra_scripts
    /opt/homebrew/Cellar/ghidra/12.1.3/libexec/Ghidra/Processors/DATA/ghidra_scripts
    /opt/homebrew/Cellar/ghidra/12.1.3/libexec/Ghidra/Features/Base/ghidra_scripts
    /opt/homebrew/Cellar/ghidra/12.1.3/libexec/Ghidra/Features/FunctionID/ghidra_scripts
    /Users/jihlenburg/mp305b-fw-re/scripts (HeadlessAnalyzer)  
INFO  HEADLESS: execution starts (HeadlessAnalyzer)  
INFO  Opening existing project: /Users/jihlenburg/mp305b-fw-re/ghidra/mp305b_ch58x (HeadlessAnalyzer)  
INFO  Opening project: /Users/jihlenburg/mp305b-fw-re/ghidra/mp305b_ch58x (HeadlessProject)  
INFO  REPORT: Processing input files:  (HeadlessAnalyzer)  
INFO       project: /Users/jihlenburg/mp305b-fw-re/ghidra/mp305b_ch58x (HeadlessAnalyzer)  
INFO  IMPORTING: file:///Users/jihlenburg/mp305b-fw-re/bin/ch58x.bin (HeadlessAnalyzer)  
INFO  Successfully applied "-loader-baseAddr" to "Base Address" (old: "null", new: "0x1000") (ProgramLoader)  
INFO  Using Loader: Raw Binary (ProgramLoader)  
INFO  Using Language/Compiler: RISCV:LE:32:default:gcc (ProgramLoader)  
INFO  Using Library Search Path: [., /System/Library/dyld/dyld_shared_cache_arm64e, /System/Library/dyld/dyld_shared_cache_x86_64, /System/Library/dyld/dyld_shared_cache_x86_64h, /System/Cryptexes/OS/System/Library/dyld/dyld_shared_cache_arm64e, /System/Cryptexes/OS/System/Library/dyld/dyld_shared_cache_x86_64, /System/Cryptexes/OS/System/Library/dyld/dyld_shared_cache_x86_64h, /Users/jihlenburg/Library/Java/Extensions, /Library/Java/Extensions, /Network/Library/Java/Extensions, /System/Library/Java/Extensions, /usr/lib/java] (ProgramLoader)  
INFO  IMPORTING: Loaded 0 additional files (HeadlessAnalyzer)  
INFO  /ch58x.bin: file deleted (jihlenburg) (LocalFileSystem)  
INFO  Deleted local file ch58x.bin (GhidraFileData)  
WARN  REPORT: Removed conflicting program file from project: /ch58x.bin (HeadlessAnalyzer)  
INFO  REPORT: Execute script: SetupCH58x.java  (HeadlessAnalyzer)  
INFO  SCRIPT: /Users/jihlenburg/mp305b-fw-re/scripts/SetupCH58x.java (HeadlessAnalyzer)  
INFO  ANALYZING all memory and code: file:///Users/jihlenburg/mp305b-fw-re/bin/ch58x.bin (HeadlessAnalyzer)  
INFO  Packed database cache: /var/tmp/jihlenburg-ghidra/packed-db-cache (PackedDatabaseCache)  
INFO  Applied data type archive: generic_clib (ApplyDataArchiveAnalyzer)  
INFO  -----------------------------------------------------
    ASCII Strings                              0.181 secs
    Apply Data Archives                        0.528 secs
    Call Convention ID                         0.035 secs
    Call-Fixup Installer                       0.006 secs
    Create Address Tables                      0.008 secs
    Create Address Tables - One Time           0.007 secs
    Create Function                            0.056 secs
    Data Reference                             0.021 secs
    Decompiler Switch Analysis                 3.617 secs
    Demangler GNU                              0.085 secs
    Disassemble                                0.216 secs
    Disassemble Entry Points                   0.015 secs
    Embedded Media                             0.006 secs
    External Entry References                  0.000 secs
    Function ID                                0.027 secs
    Function Start Search                      0.008 secs
    Function Start Search delayed - One Time   0.004 secs
    Non-Returning Functions - Discovered       0.008 secs
    RISCV Constant Reference Analyzer          0.337 secs
    Reference                                  0.039 secs
    Shared Return Calls                        0.038 secs
    Stack                                      0.193 secs
    Subroutine References                      0.022 secs
    Subroutine References - One Time           0.000 secs
-----------------------------------------------------
     Total Time   5 secs
-----------------------------------------------------
 (AutoAnalysisManager)  
INFO  REPORT: Analysis succeeded for file: file:///Users/jihlenburg/mp305b-fw-re/bin/ch58x.bin (HeadlessAnalyzer)  
INFO  REPORT: Execute script: Export.java 'ch58x'  (HeadlessAnalyzer)  
INFO  SCRIPT: /Users/jihlenburg/mp305b-fw-re/scripts/Export.java (HeadlessAnalyzer)  
WARN  Decompiling ram:00001c48, pcode error at ram:00040000: Could not follow disassembly flow into non-existing memory at ram:00040000 (DecompileCallback)  
WARN  Decompiling ram:00001c48: Unable to read bytes at csreg:0341 (DecompileCallback)  
WARN  Decompiling ram:00007c92: Unable to read bytes at ram:00000000 (DecompileCallback)  
WARN  Decompiling ram:2000262a: Unable to read bytes at csreg:0341 (DecompileCallback)  
WARN  Decompiling ram:20002644: Unable to read bytes at csreg:0341 (DecompileCallback)  
WARN  Decompiling ram:200026fc: Unable to read bytes at csreg:0341 (DecompileCallback)  
WARN  Decompiling ram:2000271a: Unable to read bytes at csreg:0341 (DecompileCallback)  
WARN  Decompiling ram:20002746: Unable to read bytes at csreg:0341 (DecompileCallback)  
WARN  Decompiling ram:20002746: Unable to read bytes at csreg:0341 (DecompileCallback)  
WARN  Decompiling ram:20002772: Unable to read bytes at csreg:0341 (DecompileCallback)  
WARN  Decompiling ram:2000277e: Unable to read bytes at csreg:0341 (DecompileCallback)  
WARN  Decompiling ram:2000277e: Unable to read bytes at csreg:0341 (DecompileCallback)  
WARN  Decompiling ram:200027fe: Unable to read bytes at csreg:0341 (DecompileCallback)  
INFO  Export.java> EXPORT functions=243 failed=0 (GhidraScript)  
INFO  ANALYZING changes made by post scripts: file:///Users/jihlenburg/mp305b-fw-re/bin/ch58x.bin (HeadlessAnalyzer)  
INFO  REPORT: Post-analysis succeeded for file: file:///Users/jihlenburg/mp305b-fw-re/bin/ch58x.bin (HeadlessAnalyzer)  
INFO  /ch58x.bin: file created (jihlenburg) (LocalFileSystem)  
INFO  REPORT: Save succeeded for: /ch58x.bin (mp305b_ch58x:/ch58x.bin) (HeadlessAnalyzer)  
INFO  REPORT: Import succeeded (HeadlessAnalyzer)  
