openjdk version "21.0.12.1" 2026-08-18
OpenJDK Runtime Environment Homebrew (build 21.0.12.1)
OpenJDK 64-Bit Server VM Homebrew (build 21.0.12.1, mixed mode)
INFO  Using log config file: jar:file:/opt/homebrew/Cellar/ghidra/12.1.3/libexec/Ghidra/Framework/Generic/lib/Generic.jar!/generic.log4j.xml (LoggingInitialization)  
INFO  Using log file: /Users/jihlenburg/Library/ghidra/ghidra_12.1.3_PUBLIC/application.log (LoggingInitialization)  
INFO  Loading user preferences: /Users/jihlenburg/Library/ghidra/ghidra_12.1.3_PUBLIC/preferences (Preferences)  
INFO  Searching for classes... (ClassSearcher)  
INFO  Class search complete (795 ms) (ClassSearcher)  
INFO  Initializing SSL Context (DefaultSSLContextInitializer)  
INFO  Initializing Random Number Generator... (SecureRandomFactory)  
INFO  Random Number Generator initialization complete: NativePRNGNonBlocking (SecureRandomFactory)  
INFO  Trust manager disabled, cacerts have not been set (DefaultTrustManagerFactory)  
INFO  Headless startup complete (2012 ms) (AnalyzeHeadless)  
INFO  Class searcher loaded 211 extension points (114 false positives) (ClassSearcher)  
INFO  HEADLESS Script Paths:
    /opt/homebrew/Cellar/ghidra/12.1.3/libexec/Ghidra/Processors/8051/ghidra_scripts
    /opt/homebrew/Cellar/ghidra/12.1.3/libexec/Ghidra/Debug/Debugger-rmi-trace/ghidra_scripts
    /opt/homebrew/Cellar/ghidra/12.1.3/libexec/Ghidra/Features/FileFormats/ghidra_scripts
    /opt/homebrew/Cellar/ghidra/12.1.3/libexec/Ghidra/Features/Decompiler/ghidra_scripts
    /opt/homebrew/Cellar/ghidra/12.1.3/libexec/Ghidra/Features/PDB/ghidra_scripts
    /opt/homebrew/Cellar/ghidra/12.1.3/libexec/Ghidra/Processors/JVM/ghidra_scripts
    /opt/homebrew/Cellar/ghidra/12.1.3/libexec/Ghidra/Features/SystemEmulation/ghidra_scripts
    /opt/homebrew/Cellar/ghidra/12.1.3/libexec/Ghidra/Processors/PIC/ghidra_scripts
    /opt/homebrew/Cellar/ghidra/12.1.3/libexec/Ghidra/Debug/Debugger/ghidra_scripts
    /opt/homebrew/Cellar/ghidra/12.1.3/libexec/Ghidra/Features/GnuDemangler/ghidra_scripts
    /opt/homebrew/Cellar/ghidra/12.1.3/libexec/Ghidra/Features/MicrosoftCodeAnalyzer/ghidra_scripts
    /opt/homebrew/Cellar/ghidra/12.1.3/libexec/Ghidra/Features/PyGhidra/ghidra_scripts
    /opt/homebrew/Cellar/ghidra/12.1.3/libexec/Ghidra/Features/SwiftDemangler/ghidra_scripts
    /opt/homebrew/Cellar/ghidra/12.1.3/libexec/Ghidra/Features/WildcardAssembler/ghidra_scripts
    /Users/jihlenburg/mp305b/spikes/firmware_workflow/scripts
    /opt/homebrew/Cellar/ghidra/12.1.3/libexec/Ghidra/Features/VersionTracking/ghidra_scripts
    /opt/homebrew/Cellar/ghidra/12.1.3/libexec/Ghidra/Features/BSim/ghidra_scripts
    /opt/homebrew/Cellar/ghidra/12.1.3/libexec/Ghidra/Features/BytePatterns/ghidra_scripts
    /opt/homebrew/Cellar/ghidra/12.1.3/libexec/Ghidra/Processors/Atmel/ghidra_scripts
    /Users/jihlenburg/ghidra_scripts
    /opt/homebrew/Cellar/ghidra/12.1.3/libexec/Ghidra/Features/DecompilerDependent/ghidra_scripts
    /opt/homebrew/Cellar/ghidra/12.1.3/libexec/Ghidra/Processors/DATA/ghidra_scripts
    /opt/homebrew/Cellar/ghidra/12.1.3/libexec/Ghidra/Features/Base/ghidra_scripts
    /opt/homebrew/Cellar/ghidra/12.1.3/libexec/Ghidra/Features/FunctionID/ghidra_scripts (HeadlessAnalyzer)  
INFO  HEADLESS: execution starts (HeadlessAnalyzer)  
INFO  Creating project: /Users/jihlenburg/mp305b-fw-re/recovery-2026-09-30/workflow-smoke/projects/ble-riscv (HeadlessAnalyzer)  
INFO  Creating project: /Users/jihlenburg/mp305b-fw-re/recovery-2026-09-30/workflow-smoke/projects/ble-riscv (DefaultProject)  
INFO  REPORT: Processing input files:  (HeadlessAnalyzer)  
INFO       project: /Users/jihlenburg/mp305b-fw-re/recovery-2026-09-30/workflow-smoke/projects/ble-riscv (HeadlessAnalyzer)  
INFO  IMPORTING: file:///Users/jihlenburg/mp305b-fw-re/recovery-2026-09-30/workflow-smoke/inputs/ble-riscv.bin (HeadlessAnalyzer)  
INFO  Successfully applied "-loader-baseAddr" to "Base Address" (old: "null", new: "0x1000") (ProgramLoader)  
INFO  Using Loader: Raw Binary (ProgramLoader)  
INFO  Using Language/Compiler: RISCV:LE:32:default:gcc (ProgramLoader)  
INFO  Using Library Search Path: [., /System/Library/dyld/dyld_shared_cache_arm64e, /System/Library/dyld/dyld_shared_cache_x86_64, /System/Library/dyld/dyld_shared_cache_x86_64h, /System/Cryptexes/OS/System/Library/dyld/dyld_shared_cache_arm64e, /System/Cryptexes/OS/System/Library/dyld/dyld_shared_cache_x86_64, /System/Cryptexes/OS/System/Library/dyld/dyld_shared_cache_x86_64h, /Users/jihlenburg/Library/Java/Extensions, /Library/Java/Extensions, /Network/Library/Java/Extensions, /System/Library/Java/Extensions, /usr/lib/java] (ProgramLoader)  
INFO  IMPORTING: Loaded 0 additional files (HeadlessAnalyzer)  
INFO  ANALYZING all memory and code: file:///Users/jihlenburg/mp305b-fw-re/recovery-2026-09-30/workflow-smoke/inputs/ble-riscv.bin (HeadlessAnalyzer)  
INFO  Packed database cache: /var/tmp/jihlenburg-ghidra/packed-db-cache (PackedDatabaseCache)  
INFO  Applied data type archive: generic_clib (ApplyDataArchiveAnalyzer)  
INFO  -----------------------------------------------------
    ASCII Strings                              0.253 secs
    Apply Data Archives                        0.559 secs
    Call-Fixup Installer                       0.002 secs
    Create Address Tables                      0.016 secs
    Create Address Tables - One Time           0.004 secs
    Create Function                            0.056 secs
    Data Reference                             0.003 secs
    Decompiler Switch Analysis                 2.167 secs
    Demangler GNU                              0.033 secs
    Disassemble                                0.237 secs
    Disassemble Entry Points                   0.001 secs
    Embedded Media                             0.008 secs
    External Entry References                  0.000 secs
    Function ID                                0.028 secs
    Function Start Search                      0.009 secs
    Function Start Search delayed - One Time   0.007 secs
    Non-Returning Functions - Discovered       0.008 secs
    RISCV Constant Reference Analyzer          0.296 secs
    Reference                                  0.028 secs
    Shared Return Calls                        0.026 secs
    Stack                                      0.132 secs
    Subroutine References                      0.017 secs
    Subroutine References - One Time           0.000 secs
-----------------------------------------------------
     Total Time   3 secs
-----------------------------------------------------
 (AutoAnalysisManager)  
INFO  REPORT: Analysis succeeded for file: file:///Users/jihlenburg/mp305b-fw-re/recovery-2026-09-30/workflow-smoke/inputs/ble-riscv.bin (HeadlessAnalyzer)  
INFO  REPORT: Execute script: ExportAnalysis.java '/Users/jihlenburg/mp305b-fw-re/recovery-2026-09-30/workflow-smoke/exports/ble-riscv' '/Users/jihlenburg/mp305b-fw-re/recovery-2026-09-30/workflow-smoke/inputs/ble-riscv.bin'  (HeadlessAnalyzer)  
INFO  SCRIPT: /Users/jihlenburg/mp305b/spikes/firmware_workflow/scripts/ExportAnalysis.java (HeadlessAnalyzer)  
INFO  ExportAnalysis.java>  (GhidraScript)  
INFO  ExportAnalysis.java> ANALYSIS_EXPORTED functions=202 unresolved_blocks=0 memory_contents=false (GhidraScript)  
INFO  ANALYZING changes made by post scripts: file:///Users/jihlenburg/mp305b-fw-re/recovery-2026-09-30/workflow-smoke/inputs/ble-riscv.bin (HeadlessAnalyzer)  
INFO  REPORT: Post-analysis succeeded for file: file:///Users/jihlenburg/mp305b-fw-re/recovery-2026-09-30/workflow-smoke/inputs/ble-riscv.bin (HeadlessAnalyzer)  
INFO  /ble-riscv.bin: file created (jihlenburg) (LocalFileSystem)  
INFO  REPORT: Save succeeded for: /ble-riscv.bin (ble-riscv:/ble-riscv.bin) (HeadlessAnalyzer)  
INFO  REPORT: Import succeeded (HeadlessAnalyzer)  
