openjdk version "21.0.12.1" 2026-08-18
OpenJDK Runtime Environment Homebrew (build 21.0.12.1)
OpenJDK 64-Bit Server VM Homebrew (build 21.0.12.1, mixed mode)
INFO  Using log config file: jar:file:/opt/homebrew/Cellar/ghidra/12.1.3/libexec/Ghidra/Framework/Generic/lib/Generic.jar!/generic.log4j.xml (LoggingInitialization)  
INFO  Using log file: /Users/jihlenburg/Library/ghidra/ghidra_12.1.3_PUBLIC/application.log (LoggingInitialization)  
INFO  Loading user preferences: /Users/jihlenburg/Library/ghidra/ghidra_12.1.3_PUBLIC/preferences (Preferences)  
INFO  Searching for classes... (ClassSearcher)  
INFO  Class search complete (917 ms) (ClassSearcher)  
INFO  Initializing SSL Context (DefaultSSLContextInitializer)  
INFO  Initializing Random Number Generator... (SecureRandomFactory)  
INFO  Random Number Generator initialization complete: NativePRNGNonBlocking (SecureRandomFactory)  
INFO  Trust manager disabled, cacerts have not been set (DefaultTrustManagerFactory)  
INFO  Headless startup complete (2699 ms) (AnalyzeHeadless)  
INFO  Class searcher loaded 211 extension points (114 false positives) (ClassSearcher)  
INFO  HEADLESS Script Paths:
    /opt/homebrew/Cellar/ghidra/12.1.3/libexec/Ghidra/Processors/8051/ghidra_scripts
    /opt/homebrew/Cellar/ghidra/12.1.3/libexec/Ghidra/Debug/Debugger-rmi-trace/ghidra_scripts
    /opt/homebrew/Cellar/ghidra/12.1.3/libexec/Ghidra/Features/FileFormats/ghidra_scripts
    /opt/homebrew/Cellar/ghidra/12.1.3/libexec/Ghidra/Features/Decompiler/ghidra_scripts
    /opt/homebrew/Cellar/ghidra/12.1.3/libexec/Ghidra/Features/PDB/ghidra_scripts
    /opt/homebrew/Cellar/ghidra/12.1.3/libexec/Ghidra/Processors/JVM/ghidra_scripts
    /opt/homebrew/Cellar/ghidra/12.1.3/libexec/Ghidra/Features/SystemEmulation/ghidra_scripts
    /opt/homebrew/Cellar/ghidra/12.1.3/libexec/Ghidra/Processors/PIC/ghidra_scripts
    /opt/homebrew/Cellar/ghidra/12.1.3/libexec/Ghidra/Debug/Debugger/ghidra_scripts
    /opt/homebrew/Cellar/ghidra/12.1.3/libexec/Ghidra/Features/GnuDemangler/ghidra_scripts
    /opt/homebrew/Cellar/ghidra/12.1.3/libexec/Ghidra/Features/MicrosoftCodeAnalyzer/ghidra_scripts
    /opt/homebrew/Cellar/ghidra/12.1.3/libexec/Ghidra/Features/PyGhidra/ghidra_scripts
    /opt/homebrew/Cellar/ghidra/12.1.3/libexec/Ghidra/Features/SwiftDemangler/ghidra_scripts
    /opt/homebrew/Cellar/ghidra/12.1.3/libexec/Ghidra/Features/WildcardAssembler/ghidra_scripts
    /Users/jihlenburg/mp305b/spikes/firmware_workflow/scripts
    /opt/homebrew/Cellar/ghidra/12.1.3/libexec/Ghidra/Features/VersionTracking/ghidra_scripts
    /opt/homebrew/Cellar/ghidra/12.1.3/libexec/Ghidra/Features/BSim/ghidra_scripts
    /opt/homebrew/Cellar/ghidra/12.1.3/libexec/Ghidra/Features/BytePatterns/ghidra_scripts
    /opt/homebrew/Cellar/ghidra/12.1.3/libexec/Ghidra/Processors/Atmel/ghidra_scripts
    /Users/jihlenburg/ghidra_scripts
    /opt/homebrew/Cellar/ghidra/12.1.3/libexec/Ghidra/Features/DecompilerDependent/ghidra_scripts
    /opt/homebrew/Cellar/ghidra/12.1.3/libexec/Ghidra/Processors/DATA/ghidra_scripts
    /opt/homebrew/Cellar/ghidra/12.1.3/libexec/Ghidra/Features/Base/ghidra_scripts
    /opt/homebrew/Cellar/ghidra/12.1.3/libexec/Ghidra/Features/FunctionID/ghidra_scripts (HeadlessAnalyzer)  
INFO  HEADLESS: execution starts (HeadlessAnalyzer)  
INFO  Creating project: /Users/jihlenburg/mp305b-fw-re/recovery-2026-09-30/roundtrip-reviewed-recovered-main/projects/restored (HeadlessAnalyzer)  
INFO  Creating project: /Users/jihlenburg/mp305b-fw-re/recovery-2026-09-30/roundtrip-reviewed-recovered-main/projects/restored (DefaultProject)  
INFO  REPORT: Processing input files:  (HeadlessAnalyzer)  
INFO       project: /Users/jihlenburg/mp305b-fw-re/recovery-2026-09-30/roundtrip-reviewed-recovered-main/projects/restored (HeadlessAnalyzer)  
INFO  IMPORTING: file:///Users/jihlenburg/mp305b-fw-re/bin/app.bin (HeadlessAnalyzer)  
INFO  Successfully applied "-loader-baseAddr" to "Base Address" (old: "null", new: "0x0") (ProgramLoader)  
INFO  Using Loader: Raw Binary (ProgramLoader)  
INFO  Using Language/Compiler: ARM:LE:32:Cortex:default (ProgramLoader)  
INFO  Using Library Search Path: [., /System/Library/dyld/dyld_shared_cache_arm64e, /System/Library/dyld/dyld_shared_cache_x86_64, /System/Library/dyld/dyld_shared_cache_x86_64h, /System/Cryptexes/OS/System/Library/dyld/dyld_shared_cache_arm64e, /System/Cryptexes/OS/System/Library/dyld/dyld_shared_cache_x86_64, /System/Cryptexes/OS/System/Library/dyld/dyld_shared_cache_x86_64h, /Users/jihlenburg/Library/Java/Extensions, /Library/Java/Extensions, /Network/Library/Java/Extensions, /System/Library/Java/Extensions, /usr/lib/java] (ProgramLoader)  
INFO  IMPORTING: Loaded 0 additional files (HeadlessAnalyzer)  
INFO  REPORT: Execute script: ImportAnalysis.java '/Users/jihlenburg/mp305b-fw-re/recovery-2026-09-30/snapshots/ghidra/recovered-main' '/Users/jihlenburg/mp305b-fw-re/recovery-2026-09-30/roundtrip-reviewed-recovered-main/input-map.json'  (HeadlessAnalyzer)  
INFO  SCRIPT: /Users/jihlenburg/mp305b/spikes/firmware_workflow/scripts/ImportAnalysis.java (HeadlessAnalyzer)  
INFO  WARNING! Adding overlapping local variable for function FUN_0003e222 at Stack[-0x10]:4 - Modifying existing variable! (FunctionDB)  
INFO  WARNING! Adding overlapping local variable for function FUN_0003e26c at Stack[-0x18]:4 - Modifying existing variable! (FunctionDB)  
ERROR Unsupported operation for language ARM:LE:32:Cortex (FunctionPurgeAnalysisCmd)  
INFO  ImportAnalysis.java> Cannot invoke "ghidra.program.model.listing.Function.setComment(String)" because "func" is null
java.lang.NullPointerException: Cannot invoke "ghidra.program.model.listing.Function.setComment(String)" because "func" is null
	at ghidra.app.util.xml.FunctionsXmlMgr.read(FunctionsXmlMgr.java:166)
	at ghidra.app.util.xml.ProgramXmlMgr.read(ProgramXmlMgr.java:329)
	at ImportAnalysis.run(ImportAnalysis.java:55)
	at ghidra.app.script.GhidraScript.executeNormal(GhidraScript.java:460)
	at ghidra.app.script.GhidraScript.doExecute(GhidraScript.java:314)
	at ghidra.app.script.GhidraScript.execute(GhidraScript.java:290)
	at ghidra.app.util.headless.HeadlessAnalyzer.runScript(HeadlessAnalyzer.java:585)
	at ghidra.app.util.headless.HeadlessAnalyzer.runScriptsList(HeadlessAnalyzer.java:929)
	at ghidra.app.util.headless.HeadlessAnalyzer.analyzeProgram(HeadlessAnalyzer.java:1085)
	at ghidra.app.util.headless.HeadlessAnalyzer.processFileWithImport(HeadlessAnalyzer.java:1583)
	at ghidra.app.util.headless.HeadlessAnalyzer.processWithLoader(HeadlessAnalyzer.java:1743)
	at ghidra.app.util.headless.HeadlessAnalyzer.processWithImport(HeadlessAnalyzer.java:1684)
	at ghidra.app.util.headless.HeadlessAnalyzer.processWithImport(HeadlessAnalyzer.java:1768)
	at ghidra.app.util.headless.HeadlessAnalyzer.processLocal(HeadlessAnalyzer.java:452)
	at ghidra.app.util.headless.AnalyzeHeadless.launch(AnalyzeHeadless.java:199)
	at ghidra.GhidraLauncher.launch(GhidraLauncher.java:81)
	at ghidra.Ghidra.main(Ghidra.java:54)

Cannot invoke "ghidra.program.model.listing.Function.setComment(String)" because "func" is null
java.lang.NullPointerException: Cannot invoke "ghidra.program.model.listing.Function.setComment(String)" because "func" is null
	at ghidra.app.util.xml.FunctionsXmlMgr.read(FunctionsXmlMgr.java:166)
	at ghidra.app.util.xml.ProgramXmlMgr.read(ProgramXmlMgr.java:329)
	at ImportAnalysis.run(ImportAnalysis.java:55)
	at ghidra.app.script.GhidraScript.executeNormal(GhidraScript.java:460)
	at ghidra.app.script.GhidraScript.doExecute(GhidraScript.java:314)
	at ghidra.app.script.GhidraScript.execute(GhidraScript.java:290)
	at ghidra.app.util.headless.HeadlessAnalyzer.runScript(HeadlessAnalyzer.java:585)
	at ghidra.app.util.headless.HeadlessAnalyzer.runScriptsList(HeadlessAnalyzer.java:929)
	at ghidra.app.util.headless.HeadlessAnalyzer.analyzeProgram(HeadlessAnalyzer.java:1085)
	at ghidra.app.util.headless.HeadlessAnalyzer.processFileWithImport(HeadlessAnalyzer.java:1583)
	at ghidra.app.util.headless.HeadlessAnalyzer.processWithLoader(HeadlessAnalyzer.java:1743)
	at ghidra.app.util.headless.HeadlessAnalyzer.processWithImport(HeadlessAnalyzer.java:1684)
	at ghidra.app.util.headless.HeadlessAnalyzer.processWithImport(HeadlessAnalyzer.java:1768)
	at ghidra.app.util.headless.HeadlessAnalyzer.processLocal(HeadlessAnalyzer.java:452)
	at ghidra.app.util.headless.AnalyzeHeadless.launch(AnalyzeHeadless.java:199)
	at ghidra.GhidraLauncher.launch(GhidraLauncher.java:81)
	at ghidra.Ghidra.main(Ghidra.java:54)

Cannot invoke "ghidra.program.model.listing.Function.setComment(String)" because "func" is null
java.lang.NullPointerException: Cannot invoke "ghidra.program.model.listing.Function.setComment(String)" because "func" is null
	at ghidra.app.util.xml.FunctionsXmlMgr.read(FunctionsXmlMgr.java:166)
	at ghidra.app.util.xml.ProgramXmlMgr.read(ProgramXmlMgr.java:329)
	at ImportAnalysis.run(ImportAnalysis.java:55)
	at ghidra.app.script.GhidraScript.executeNormal(GhidraScript.java:460)
	at ghidra.app.script.GhidraScript.doExecute(GhidraScript.java:314)
	at ghidra.app.script.GhidraScript.execute(GhidraScript.java:290)
	at ghidra.app.util.headless.HeadlessAnalyzer.runScript(HeadlessAnalyzer.java:585)
	at ghidra.app.util.headless.HeadlessAnalyzer.runScriptsList(HeadlessAnalyzer.java:929)
	at ghidra.app.util.headless.HeadlessAnalyzer.analyzeProgram(HeadlessAnalyzer.java:1085)
	at ghidra.app.util.headless.HeadlessAnalyzer.processFileWithImport(HeadlessAnalyzer.java:1583)
	at ghidra.app.util.headless.HeadlessAnalyzer.processWithLoader(HeadlessAnalyzer.java:1743)
	at ghidra.app.util.headless.HeadlessAnalyzer.processWithImport(HeadlessAnalyzer.java:1684)
	at ghidra.app.util.headless.HeadlessAnalyzer.processWithImport(HeadlessAnalyzer.java:1768)
	at ghidra.app.util.headless.HeadlessAnalyzer.processLocal(HeadlessAnalyzer.java:452)
	at ghidra.app.util.headless.AnalyzeHeadless.launch(AnalyzeHeadless.java:199)
	at ghidra.GhidraLauncher.launch(GhidraLauncher.java:81)
	at ghidra.Ghidra.main(Ghidra.java:54)

Cannot invoke "ghidra.program.model.listing.Function.setComment(String)" because "func" is null
java.lang.NullPointerException: Cannot invoke "ghidra.program.model.listing.Function.setComment(String)" because "func" is null
	at ghidra.app.util.xml.FunctionsXmlMgr.read(FunctionsXmlMgr.java:166)
	at ghidra.app.util.xml.ProgramXmlMgr.read(ProgramXmlMgr.java:329)
	at ImportAnalysis.run(ImportAnalysis.java:55)
	at ghidra.app.script.GhidraScript.executeNormal(GhidraScript.java:460)
	at ghidra.app.script.GhidraScript.doExecute(GhidraScript.java:314)
	at ghidra.app.script.GhidraScript.execute(GhidraScript.java:290)
	at ghidra.app.util.headless.HeadlessAnalyzer.runScript(HeadlessAnalyzer.java:585)
	at ghidra.app.util.headless.HeadlessAnalyzer.runScriptsList(HeadlessAnalyzer.java:929)
	at ghidra.app.util.headless.HeadlessAnalyzer.analyzeProgram(HeadlessAnalyzer.java:1085)
	at ghidra.app.util.headless.HeadlessAnalyzer.processFileWithImport(HeadlessAnalyzer.java:1583)
	at ghidra.app.util.headless.HeadlessAnalyzer.processWithLoader(HeadlessAnalyzer.java:1743)
	at ghidra.app.util.headless.HeadlessAnalyzer.processWithImport(HeadlessAnalyzer.java:1684)
	at ghidra.app.util.headless.HeadlessAnalyzer.processWithImport(HeadlessAnalyzer.java:1768)
	at ghidra.app.util.headless.HeadlessAnalyzer.processLocal(HeadlessAnalyzer.java:452)
	at ghidra.app.util.headless.AnalyzeHeadless.launch(AnalyzeHeadless.java:199)
	at ghidra.GhidraLauncher.launch(GhidraLauncher.java:81)
	at ghidra.Ghidra.main(Ghidra.java:54)

Cannot invoke "ghidra.program.model.listing.Function.setComment(String)" because "func" is null
java.lang.NullPointerException: Cannot invoke "ghidra.program.model.listing.Function.setComment(String)" because "func" is null
	at ghidra.app.util.xml.FunctionsXmlMgr.read(FunctionsXmlMgr.java:166)
	at ghidra.app.util.xml.ProgramXmlMgr.read(ProgramXmlMgr.java:329)
	at ImportAnalysis.run(ImportAnalysis.java:55)
	at ghidra.app.script.GhidraScript.executeNormal(GhidraScript.java:460)
	at ghidra.app.script.GhidraScript.doExecute(GhidraScript.java:314)
	at ghidra.app.script.GhidraScript.execute(GhidraScript.java:290)
	at ghidra.app.util.headless.HeadlessAnalyzer.runScript(HeadlessAnalyzer.java:585)
	at ghidra.app.util.headless.HeadlessAnalyzer.runScriptsList(HeadlessAnalyzer.java:929)
	at ghidra.app.util.headless.HeadlessAnalyzer.analyzeProgram(HeadlessAnalyzer.java:1085)
	at ghidra.app.util.headless.HeadlessAnalyzer.processFileWithImport(HeadlessAnalyzer.java:1583)
	at ghidra.app.util.headless.HeadlessAnalyzer.processWithLoader(HeadlessAnalyzer.java:1743)
	at ghidra.app.util.headless.HeadlessAnalyzer.processWithImport(HeadlessAnalyzer.java:1684)
	at ghidra.app.util.headless.HeadlessAnalyzer.processWithImport(HeadlessAnalyzer.java:1768)
	at ghidra.app.util.headless.HeadlessAnalyzer.processLocal(HeadlessAnalyzer.java:452)
	at ghidra.app.util.headless.AnalyzeHeadless.launch(AnalyzeHeadless.java:199)
	at ghidra.GhidraLauncher.launch(GhidraLauncher.java:81)
	at ghidra.Ghidra.main(Ghidra.java:54)

Cannot invoke "ghidra.program.model.listing.Function.getSymbol()" because "func" is null
java.lang.NullPointerException: Cannot invoke "ghidra.program.model.listing.Function.getSymbol()" because "func" is null
	at ghidra.app.util.xml.FunctionsXmlMgr.read(FunctionsXmlMgr.java:153)
	at ghidra.app.util.xml.ProgramXmlMgr.read(ProgramXmlMgr.java:329)
	at ImportAnalysis.run(ImportAnalysis.java:55)
	at ghidra.app.script.GhidraScript.executeNormal(GhidraScript.java:460)
	at ghidra.app.script.GhidraScript.doExecute(GhidraScript.java:314)
	at ghidra.app.script.GhidraScript.execute(GhidraScript.java:290)
	at ghidra.app.util.headless.HeadlessAnalyzer.runScript(HeadlessAnalyzer.java:585)
	at ghidra.app.util.headless.HeadlessAnalyzer.runScriptsList(HeadlessAnalyzer.java:929)
	at ghidra.app.util.headless.HeadlessAnalyzer.analyzeProgram(HeadlessAnalyzer.java:1085)
	at ghidra.app.util.headless.HeadlessAnalyzer.processFileWithImport(HeadlessAnalyzer.java:1583)
	at ghidra.app.util.headless.HeadlessAnalyzer.processWithLoader(HeadlessAnalyzer.java:1743)
	at ghidra.app.util.headless.HeadlessAnalyzer.processWithImport(HeadlessAnalyzer.java:1684)
	at ghidra.app.util.headless.HeadlessAnalyzer.processWithImport(HeadlessAnalyzer.java:1768)
	at ghidra.app.util.headless.HeadlessAnalyzer.processLocal(HeadlessAnalyzer.java:452)
	at ghidra.app.util.headless.AnalyzeHeadless.launch(AnalyzeHeadless.java:199)
	at ghidra.GhidraLauncher.launch(GhidraLauncher.java:81)
	at ghidra.Ghidra.main(Ghidra.java:54)

Cannot invoke "ghidra.program.model.listing.Function.setComment(String)" because "func" is null
java.lang.NullPointerException: Cannot invoke "ghidra.program.model.listing.Function.setComment(String)" because "func" is null
	at ghidra.app.util.xml.FunctionsXmlMgr.read(FunctionsXmlMgr.java:166)
	at ghidra.app.util.xml.ProgramXmlMgr.read(ProgramXmlMgr.java:329)
	at ImportAnalysis.run(ImportAnalysis.java:55)
	at ghidra.app.script.GhidraScript.executeNormal(GhidraScript.java:460)
	at ghidra.app.script.GhidraScript.doExecute(GhidraScript.java:314)
	at ghidra.app.script.GhidraScript.execute(GhidraScript.java:290)
	at ghidra.app.util.headless.HeadlessAnalyzer.runScript(HeadlessAnalyzer.java:585)
	at ghidra.app.util.headless.HeadlessAnalyzer.runScriptsList(HeadlessAnalyzer.java:929)
	at ghidra.app.util.headless.HeadlessAnalyzer.analyzeProgram(HeadlessAnalyzer.java:1085)
	at ghidra.app.util.headless.HeadlessAnalyzer.processFileWithImport(HeadlessAnalyzer.java:1583)
	at ghidra.app.util.headless.HeadlessAnalyzer.processWithLoader(HeadlessAnalyzer.java:1743)
	at ghidra.app.util.headless.HeadlessAnalyzer.processWithImport(HeadlessAnalyzer.java:1684)
	at ghidra.app.util.headless.HeadlessAnalyzer.processWithImport(HeadlessAnalyzer.java:1768)
	at ghidra.app.util.headless.HeadlessAnalyzer.processLocal(HeadlessAnalyzer.java:452)
	at ghidra.app.util.headless.AnalyzeHeadless.launch(AnalyzeHeadless.java:199)
	at ghidra.GhidraLauncher.launch(GhidraLauncher.java:81)
	at ghidra.Ghidra.main(Ghidra.java:54)

Cannot invoke "ghidra.program.model.listing.Function.setComment(String)" because "func" is null
java.lang.NullPointerException: Cannot invoke "ghidra.program.model.listing.Function.setComment(String)" because "func" is null
	at ghidra.app.util.xml.FunctionsXmlMgr.read(FunctionsXmlMgr.java:166)
	at ghidra.app.util.xml.ProgramXmlMgr.read(ProgramXmlMgr.java:329)
	at ImportAnalysis.run(ImportAnalysis.java:55)
	at ghidra.app.script.GhidraScript.executeNormal(GhidraScript.java:460)
	at ghidra.app.script.GhidraScript.doExecute(GhidraScript.java:314)
	at ghidra.app.script.GhidraScript.execute(GhidraScript.java:290)
	at ghidra.app.util.headless.HeadlessAnalyzer.runScript(HeadlessAnalyzer.java:585)
	at ghidra.app.util.headless.HeadlessAnalyzer.runScriptsList(HeadlessAnalyzer.java:929)
	at ghidra.app.util.headless.HeadlessAnalyzer.analyzeProgram(HeadlessAnalyzer.java:1085)
	at ghidra.app.util.headless.HeadlessAnalyzer.processFileWithImport(HeadlessAnalyzer.java:1583)
	at ghidra.app.util.headless.HeadlessAnalyzer.processWithLoader(HeadlessAnalyzer.java:1743)
	at ghidra.app.util.headless.HeadlessAnalyzer.processWithImport(HeadlessAnalyzer.java:1684)
	at ghidra.app.util.headless.HeadlessAnalyzer.processWithImport(HeadlessAnalyzer.java:1768)
	at ghidra.app.util.headless.HeadlessAnalyzer.processLocal(HeadlessAnalyzer.java:452)
	at ghidra.app.util.headless.AnalyzeHeadless.launch(AnalyzeHeadless.java:199)
	at ghidra.GhidraLauncher.launch(GhidraLauncher.java:81)
	at ghidra.Ghidra.main(Ghidra.java:54)

Cannot invoke "ghidra.program.model.listing.Function.setComment(String)" because "func" is null
java.lang.NullPointerException: Cannot invoke "ghidra.program.model.listing.Function.setComment(String)" because "func" is null
	at ghidra.app.util.xml.FunctionsXmlMgr.read(FunctionsXmlMgr.java:166)
	at ghidra.app.util.xml.ProgramXmlMgr.read(ProgramXmlMgr.java:329)
	at ImportAnalysis.run(ImportAnalysis.java:55)
	at ghidra.app.script.GhidraScript.executeNormal(GhidraScript.java:460)
	at ghidra.app.script.GhidraScript.doExecute(GhidraScript.java:314)
	at ghidra.app.script.GhidraScript.execute(GhidraScript.java:290)
	at ghidra.app.util.headless.HeadlessAnalyzer.runScript(HeadlessAnalyzer.java:585)
	at ghidra.app.util.headless.HeadlessAnalyzer.runScriptsList(HeadlessAnalyzer.java:929)
	at ghidra.app.util.headless.HeadlessAnalyzer.analyzeProgram(HeadlessAnalyzer.java:1085)
	at ghidra.app.util.headless.HeadlessAnalyzer.processFileWithImport(HeadlessAnalyzer.java:1583)
	at ghidra.app.util.headless.HeadlessAnalyzer.processWithLoader(HeadlessAnalyzer.java:1743)
	at ghidra.app.util.headless.HeadlessAnalyzer.processWithImport(HeadlessAnalyzer.java:1684)
	at ghidra.app.util.headless.HeadlessAnalyzer.processWithImport(HeadlessAnalyzer.java:1768)
	at ghidra.app.util.headless.HeadlessAnalyzer.processLocal(HeadlessAnalyzer.java:452)
	at ghidra.app.util.headless.AnalyzeHeadless.launch(AnalyzeHeadless.java:199)
	at ghidra.GhidraLauncher.launch(GhidraLauncher.java:81)
	at ghidra.Ghidra.main(Ghidra.java:54)

 (GhidraScript)  
INFO  ImportAnalysis.java> ANALYSIS_RESTORED functions=2453 primitive_options=134 (GhidraScript)  
INFO  REPORT: Execute script: ExportAnalysis.java '/Users/jihlenburg/mp305b-fw-re/recovery-2026-09-30/roundtrip-reviewed-recovered-main/reexport' '/Users/jihlenburg/mp305b-fw-re/bin/app.bin' '/Users/jihlenburg/mp305b-fw-re/bin/ram_rw_init.bin'  (HeadlessAnalyzer)  
INFO  SCRIPT: /Users/jihlenburg/mp305b/spikes/firmware_workflow/scripts/ExportAnalysis.java (HeadlessAnalyzer)  
INFO  ExportAnalysis.java>  (GhidraScript)  
INFO  ExportAnalysis.java> ANALYSIS_EXPORTED functions=2453 unresolved_blocks=0 memory_contents=false (GhidraScript)  
INFO  /app.bin: file created (jihlenburg) (LocalFileSystem)  
INFO  REPORT: Save succeeded for: /app.bin (restored:/app.bin) (HeadlessAnalyzer)  
INFO  REPORT: Import succeeded (HeadlessAnalyzer)  
