
#### Maintenance commands, single frames

| # | Setup | Type | Request | Reply | State changes | Calls |
|---|---|---|---|---|---|---|
| 1 | reset state | 6 | `F0 AC 31` | `F1 00 31` | UPD+0x0:00>01 | - |
| 2 | reset state | 1 | `F0 AC` | `F1 00` | S+0x3:00>02, UPD+0x0:00>01 | - |
| 3 | reset state | 6 | `F0 00 31` | `none` | - | - |
| 4 | reset state | 6 | `FE AA 55 31` | `FF AA 55 31` | PWR+0x11D:00>01, GATE+0x108:00>08, GATE+0x109:00>40, K+0x40:00>01, CFG+0x1:00>05, CFG+0x2:00>5A, CFG+0x3:00>01, CFG+0x4:00>03, CFG+0x6:00>1E, CFG+0x9:00>01, CFG+0xA:00>01, CFG+0xB:00>03, CFG+0xF:00>05, CFG+0x10:00>01, CFG+0x11:00>01, CFG+0x12:00>01, CFG+0x13:00>01, CFG+0x14:00>01, CFG+0x15:00>01, CFG+0x1C:00>4A, CFG+0x1D:00>01, CFG+0x1E:00>E8, CFG+0x1F:00>03, CFG+0x20:00>F4, CFG+0x21:00>01, CFG+0x22:00>32, CFG+0x24:00>FE, CFG+0x25:00>10, CFG+0x26:00>68, CFG+0x27:00>10, CFG+0x28:00>04, CFG+0x29:00>10, CFG+0x2A:00>42, CFG+0x2B:00>0E, CFG+0x2C:00>60, CFG+0x2D:00>09, CFG+0x2E:00>08, CFG+0x30:00>E8, CFG+0x31:00>03, CFG+0x32:00>E8, CFG+0x33:00>03, CFG+0x34:00>E8, CFG+0x35:00>03, CFG+0x36:00>E8, CFG+0x37:00>03, CFG+0x38:00>E8, CFG+0x39:00>03, CFG+0x3A:00>E8, CFG+0x3B:00>03, CFG+0x40:00>4A, CFG+0x41:00>01, CFG+0x42:00>E8, CFG+0x43:00>03, CFG+0x44:00>F4, CFG+0x45:00>01, CFG+0x46:00>E8, CFG+0x47:00>03, CFG+0x48:00>E8, CFG+0x49:00>03, CFG+0x4A:00>D0, CFG+0x4B:00>07, CFG+0x4C:00>DC, CFG+0x4D:00>05, CFG+0x4E:00>B8, CFG+0x4F:00>0B, CFG+0x50:00>D0, CFG+0x51:00>07, CFG+0x52:00>88, CFG+0x53:00>13, CFG+0x54:00>B8, CFG+0x55:00>0B, CFG+0x56:00>88, CFG+0x57:00>13, CFG+0x78:00>40, CFG+0x79:00>42, CFG+0x7A:00>0F, CFG+0x7C:00>A8, CFG+0x7D:00>14 | factoryDefaults, defaultsInit, rebootReq(200) |
| 5 | reset state | 6 | `FE 00 00 31` | `FF 00 00 31` | - | - |
| 6 | reset state | 1 | `FE AA 55` | `FF AA 55` | S+0x3:00>02, PWR+0x11D:00>01, GATE+0x108:00>08, GATE+0x109:00>40, K+0x40:00>01, CFG+0x1:00>05, CFG+0x2:00>5A, CFG+0x3:00>01, CFG+0x4:00>03, CFG+0x6:00>1E, CFG+0x9:00>01, CFG+0xA:00>01, CFG+0xB:00>03, CFG+0xF:00>05, CFG+0x10:00>01, CFG+0x11:00>01, CFG+0x12:00>01, CFG+0x13:00>01, CFG+0x14:00>01, CFG+0x15:00>01, CFG+0x1C:00>4A, CFG+0x1D:00>01, CFG+0x1E:00>E8, CFG+0x1F:00>03, CFG+0x20:00>F4, CFG+0x21:00>01, CFG+0x22:00>32, CFG+0x24:00>FE, CFG+0x25:00>10, CFG+0x26:00>68, CFG+0x27:00>10, CFG+0x28:00>04, CFG+0x29:00>10, CFG+0x2A:00>42, CFG+0x2B:00>0E, CFG+0x2C:00>60, CFG+0x2D:00>09, CFG+0x2E:00>08, CFG+0x30:00>E8, CFG+0x31:00>03, CFG+0x32:00>E8, CFG+0x33:00>03, CFG+0x34:00>E8, CFG+0x35:00>03, CFG+0x36:00>E8, CFG+0x37:00>03, CFG+0x38:00>E8, CFG+0x39:00>03, CFG+0x3A:00>E8, CFG+0x3B:00>03, CFG+0x40:00>4A, CFG+0x41:00>01, CFG+0x42:00>E8, CFG+0x43:00>03, CFG+0x44:00>F4, CFG+0x45:00>01, CFG+0x46:00>E8, CFG+0x47:00>03, CFG+0x48:00>E8, CFG+0x49:00>03, CFG+0x4A:00>D0, CFG+0x4B:00>07, CFG+0x4C:00>DC, CFG+0x4D:00>05, CFG+0x4E:00>B8, CFG+0x4F:00>0B, CFG+0x50:00>D0, CFG+0x51:00>07, CFG+0x52:00>88, CFG+0x53:00>13, CFG+0x54:00>B8, CFG+0x55:00>0B, CFG+0x56:00>88, CFG+0x57:00>13, CFG+0x78:00>40, CFG+0x79:00>42, CFG+0x7A:00>0F, CFG+0x7C:00>A8, CFG+0x7D:00>14 | factoryDefaults, defaultsInit, rebootReq(200) |
| 7 | reset state | 6 | `FC 00 31` | `none` | - | - |
| 8 | reset state | 6 | `FC CA 31` | `FD 00 31` | UPD+0x1:00>01 | - |
| 9 | reset state | 6 | `F6 00 31` | `F7 00 FF 31` | - | - |
| 10 | reset state | 6 | `F2 01 31` | `F3 00 FF 31` | UPD+0x0:00>01 | - |
F2 len 0x100: reply F3 00 00 31, 65538 erase64k calls, first ['0x0', '0x10000', '0x20000'], last 0x10000
F2 len 0xFFFF: reply F3 00 00 31, 65538 erase64k calls, first ['0x0', '0x10000', '0x20000'], last 0x10000
F2 len 0x10000: reply F3 00 00 31, 2 erase64k calls, first ['0x0', '0x10000'], last 0x10000
F2 len 0x18000: reply F3 00 00 31, 3 erase64k calls, first ['0x0', '0x10000', '0x20000'], last 0x20000
F2 len 0x20000: reply F3 00 00 31, 3 erase64k calls, first ['0x0', '0x10000', '0x20000'], last 0x20000

#### In-application update sequence (flash modelled)

| Step | Input | Output |
|---|---|---|
| 1 | `F0 AC 31` | `F1 00 31` |
| 2 | `F2 00 00 00 01 00 00 01 00 00 31` | `F3 00 00 31` |
| 3 | `F4 00 00 00 01 00 00 00 00 00 00 00 00 00 00 00 00 00 00 00 00 00 00 00 00 00 00 00 00 00 00 00 00 00 40 00 01 00 00 00 00 00 00 00 00 00 00 00 00 00 00 00 00 00 00 00 00 00 00 00 00 00 00 00 00 00 00 00 00 00 FF FF FF FF 4D 50 33 30 35 42 00 00 00 00 00 00 00 00 00 00 00 00 00 00 00 00 00 00 00 00 00 00 00 00 00 00 00 00 00 00 00 00 00 00 00 00 00 00 00 00 00 00 00 00 00 00 00 00 00 00 00 00 00 00 31` | `F5 00 00 00 01 00 00 31` |
| 4 | `F4 00 80 00 01 00 00 00 00 00 00 00 00 00 00 00 00 00 00 00 00 00 00 00 00 00 00 00 00 00 00 00 00 00 00 00 00 00 00 00 00 00 00 00 00 00 00 00 00 00 00 00 00 00 00 00 00 00 00 00 00 00 00 00 00 00 00 00 00 00 00 00 00 00 00 00 00 00 00 00 00 00 00 00 00 00 00 00 00 00 00 00 00 00 00 00 00 00 00 00 00 00 00 00 00 00 00 00 00 00 00 00 00 00 00 00 00 00 00 00 00 00 00 00 00 00 00 00 00 00 00 00 00 00 31` | `F5 00 80 00 01 00 00 31` |
| 5 | `F6 35 00 00 00 01 00 00 01 00 00 C0 92 34 30 31` | `F7 00 FF 31` |
| 6 | `F6 35 00 00 00 01 00 00 01 00 00 C1 92 34 30 31` | `F7 00 00 31` |
| 7 | `20 05 00 00 00 00 00 00 00 80 00 00 00 00 00 00 00 00 00 00 00 00 00 00 00 00 00 00 00 00 01 02 03 04 05 06 07 08 09 0A 0B 0C 0D 0E 0F 10 11 12 13 14 15 16 17 18 19 1A 1B 1C 1D 1E 1F 20 21 22 23 24 25 26 27 28 29 2A 2B 2C 2D 2E 2F 30 31 32 33 34 35 36 37 38 39 3A 3B 3C 3D 3E 3F 40 41 42 43 44 45 46 47 48 49 4A 4B 4C 4D 4E 4F 50 51 52 53 54 55 56 57 58 59 5A 5B 5C 5D 5E 5F 60 61 62 63 64 65 66 67 68 69 6A 6B 6C 6D 6E 6F 70 71 72 73 74 75 76 77 78 79 7A 7B 7C 7D 7E 7F 31` | `20 05 00 00 00 00 00 31` |
| 8 | `20 05 00 00 00 80 00 00 00 80 00 00 00 00 00 00 00 00 00 00 00 00 00 00 00 00 00 00 00 80 81 82 83 84 85 86 87 88 89 8A 8B 8C 8D 8E 8F 90 91 92 93 94 95 96 97 98 99 9A 9B 9C 9D 9E 9F A0 A1 A2 A3 A4 A5 A6 A7 A8 A9 AA AB AC AD AE AF B0 B1 B2 B3 B4 B5 B6 B7 B8 B9 BA BB BC BD BE BF C0 C1 C2 C3 C4 C5 C6 C7 C8 C9 CA CB CC CD CE CF D0 D1 D2 D3 D4 D5 D6 D7 D8 D9 DA DB DC DD DE DF E0 E1 E2 E3 E4 E5 E6 E7 E8 E9 EA EB EC ED EE EF F0 F1 F2 F3 F4 F5 F6 F7 F8 F9 FA FB FC FD FE FF 31` | `20 05 80 00 00 00 00 31` |
| 9 | `20 06 00 00 00 00 00 00 00 00 00 00 00 80 7F 00 00 31` | `20 06 80 7F 00 00 00 31` |
| 10 | `20 06 00 00 00 00 00 00 00 00 00 00 00 81 7F 00 00 31` | `20 86 80 7F 00 00 00 31` |
| 11 | `20 05 00 00 00 00 30 04 00 80 00 00 00 00 00 00 00 00 00 00 00 00 00 00 00 00 00 00 00 00 00 00 00 00 00 00 00 00 00 00 00 00 00 00 00 00 00 00 00 00 00 00 00 00 00 00 00 00 00 00 00 00 00 00 00 00 00 00 00 00 00 00 00 00 00 00 00 00 00 00 00 00 00 00 00 00 00 00 00 00 00 00 00 00 00 00 00 00 00 00 00 00 00 00 00 00 00 00 00 00 00 00 00 00 00 00 00 00 00 00 00 00 00 00 00 00 00 00 00 00 00 00 00 00 00 00 00 00 00 00 00 00 00 00 00 00 00 00 00 00 00 00 00 00 00 00 00 31` | `20 05 00 30 04 00 FF 31` |
| 12 | `20 05 00 00 00 00 01 00 00 40 00 00 00 00 00 00 00 00 00 00 00 00 00 00 00 00 00 00 00 00 00 00 00 00 00 00 00 00 00 00 00 00 00 00 00 00 00 00 00 00 00 00 00 00 00 00 00 00 00 00 00 00 00 00 00 00 00 00 00 00 00 00 00 00 00 00 00 00 00 00 00 00 00 00 00 00 00 00 00 00 00 00 00 00 00 00 00 00 00 00 00 00 00 00 00 00 00 00 00 00 00 00 00 00 00 00 00 00 00 00 00 00 00 00 00 00 00 00 00 00 00 00 00 00 00 00 00 00 00 00 00 00 00 00 00 00 00 00 00 00 00 00 00 00 00 00 00 31` | `20 05 00 01 00 00 FF 31` |
| 13 | `20 06 00 00 00 00 00 00 00 00 00 00 00 80 7F 00 00 31` | `20 06 80 7F 00 00 00 31` |
| 14 | `20 05 00 00 00 00 00 00 00 80 00 00 00 00 00 00 00 00 00 00 00 00 00 00 00 00 00 00 00 00 01 02 03 04 05 06 07 08 09 0A 0B 0C 0D 0E 0F 10 11 12 13 14 15 16 17 18 19 1A 1B 1C 1D 1E 1F 20 21 22 23 24 25 26 27 28 29 2A 2B 2C 2D 2E 2F 30 31 32 33 34 35 36 37 38 39 3A 3B 3C 3D 3E 3F 40 41 42 43 44 45 46 47 48 49 4A 4B 4C 4D 4E 4F 50 51 52 53 54 55 56 57 58 59 5A 5B 5C 5D 5E 5F 60 61 62 63 64 65 66 67 68 69 6A 6B 6C 6D 6E 6F 70 71 72 73 74 75 76 77 78 79 7A 7B 7C 7D 7E 7F 31` | `20 05 00 00 00 00 00 31` |
| 15 | `20 05 00 00 00 80 00 00 00 80 00 00 00 00 00 00 00 00 00 00 00 00 00 00 00 00 00 00 00 80 81 82 83 84 85 86 87 88 89 8A 8B 8C 8D 8E 8F 90 91 92 93 94 95 96 97 98 99 9A 9B 9C 9D 9E 9F A0 A1 A2 A3 A4 A5 A6 A7 A8 A9 AA AB AC AD AE AF B0 B1 B2 B3 B4 B5 B6 B7 B8 B9 BA BB BC BD BE BF C0 C1 C2 C3 C4 C5 C6 C7 C8 C9 CA CB CC CD CE CF D0 D1 D2 D3 D4 D5 D6 D7 D8 D9 DA DB DC DD DE DF E0 E1 E2 E3 E4 E5 E6 E7 E8 E9 EA EB EC ED EE EF F0 F1 F2 F3 F4 F5 F6 F7 F8 F9 FA FB FC FD FE FF 31` | `20 05 80 00 00 00 00 31` |
| 16 | `20 06 00 00 00 00 00 00 00 00 00 00 00 80 7F 00 00 31` | `20 06 80 7F 00 00 00 31` |
| 17 | `FC CA 31` | `FD 00 31` |
| 18 | `FC CA 31` | `FD 00 31` |

Flash log (erase runs collapsed):
    erase64k 0x0  x65538
    write 0x10000 0x80 
    read 0x10000 0x80 
    write 0x10080 0x80 
    read 0x10080 0x80 
    erase64k 0xf0000  
    read 0x1001c 0x4 
    write 0x10040 0x4 
    erase64k 0x100000  x4
    write 0x100000 0x80 
    read 0x100000 0x80 
    write 0x100080 0x80 
    read 0x100080 0x80 
    erase64k 0x100000  x4
    write 0x100000 0x80 
    read 0x100000 0x80 
    write 0x100080 0x80 
    read 0x100080 0x80 
    write 0x0 0x4 
    write 0x4 0x4 
    write 0x8 0x4 
    write 0xc 0x4 
    read 0x1f0000 0x100 
    write 0x1f0000 0x1 
    write 0x0 0x4 
    write 0x4 0x4 
    write 0x8 0x4 
    write 0xc 0x4 
    read 0x1f0000 0x100 
    write 0x1f0000 0x1 
    write 0x1f0001 0x1 
SPI 0x0..0x10: 00010000c19234300001000033cc55aa
SPI 0x10040..: 33cc55aa4d5033303542000000000000
SPI 0x1F0000..: 0003ffffffffffff
SPI 0x100000..: 000102030405060708090a0b0c0d0e0f
UPD block: 0001000000010000c192343000010000 sum 0x0 A0A0 0x7f80
S+0x3F (update-ready) 0  A00D 1
total word sum used: 0x303492c1
